Archive member included because of file (symbol)

\S60\devices\S60_5th_Edition_SDK_v1.0\epoc32\release\ARMV5\udeb\EDLL.LIB(uc_dll_.o)
                              (_E32Dll)
\S60\devices\S60_5th_Edition_SDK_v1.0\epoc32\release\ARMV5\udeb\EDLL.LIB(uc_dll.o)
                              \S60\devices\S60_5th_Edition_SDK_v1.0\epoc32\release\ARMV5\udeb\EDLL.LIB(uc_dll_.o) (_E32Dll_Body)
\S60\devices\S60_5th_Edition_SDK_v1.0\epoc32\release\ARMV5\udeb\usrt2_2.lib(ucppinit_aeabi.o)
                              \S60\devices\S60_5th_Edition_SDK_v1.0\epoc32\release\ARMV5\udeb\EDLL.LIB(uc_dll.o) (__cpp_initialize__aeabi_)
\S60\devices\S60_5th_Edition_SDK_v1.0\epoc32\release\ARMV5\udeb\usrt2_2.lib(dllexp.o)
                              \S60\devices\S60_5th_Edition_SDK_v1.0\epoc32\release\ARMV5\udeb\EDLL.LIB(uc_dll.o) (__DLL_Export_Table__)
C:/Program Files/CSL Arm Toolchain/bin/../lib/gcc/arm-none-symbianelf/3.4.3/../../../../arm-none-symbianelf/lib\libsupc++.a(eh_personality.o)
                              \S60\devices\S60_5th_Edition_SDK_v1.0\EPOC32\BUILD\Carbide\NewLibVersion\QBluetooth_selfsigned\QBLUETOOTH_DLL\GCCE\udeb\moc_QBtSerialPortServer.o (__gxx_personality_v0)
C:/Program Files/CSL Arm Toolchain/bin/../lib/gcc/arm-none-symbianelf/3.4.3/\libgcc.a(pr-support.o)
                              C:/Program Files/CSL Arm Toolchain/bin/../lib/gcc/arm-none-symbianelf/3.4.3/../../../../arm-none-symbianelf/lib\libsupc++.a(eh_personality.o) (__gnu_unwind_frame)

Memory Configuration

Name             Origin             Length             Attributes
*default*        0x00000000         0xffffffff

Linker script and memory map

Address of section .text set to 0x8000
Address of section .data set to 0x400000
LOAD \S60\devices\S60_5th_Edition_SDK_v1.0\epoc32\release\ARMV5\udeb\EDLL.LIB
LOAD \S60\devices\S60_5th_Edition_SDK_v1.0\EPOC32\BUILD\Carbide\NewLibVersion\QBluetooth_selfsigned\QBLUETOOTH_DLL\GCCE\udeb\moc_QBtDeviceDiscoverer.o
LOAD \S60\devices\S60_5th_Edition_SDK_v1.0\EPOC32\BUILD\Carbide\NewLibVersion\QBluetooth_selfsigned\QBLUETOOTH_DLL\GCCE\udeb\moc_QBtSingleDeviceSelectorUI.o
LOAD \S60\devices\S60_5th_Edition_SDK_v1.0\EPOC32\BUILD\Carbide\NewLibVersion\QBluetooth_selfsigned\QBLUETOOTH_DLL\GCCE\udeb\moc_QBtServiceDiscoverer.o
LOAD \S60\devices\S60_5th_Edition_SDK_v1.0\EPOC32\BUILD\Carbide\NewLibVersion\QBluetooth_selfsigned\QBLUETOOTH_DLL\GCCE\udeb\moc_QBtServiceDiscovererForAll.o
LOAD \S60\devices\S60_5th_Edition_SDK_v1.0\EPOC32\BUILD\Carbide\NewLibVersion\QBluetooth_selfsigned\QBLUETOOTH_DLL\GCCE\udeb\moc_QBtServiceAdvertiser.o
LOAD \S60\devices\S60_5th_Edition_SDK_v1.0\EPOC32\BUILD\Carbide\NewLibVersion\QBluetooth_selfsigned\QBLUETOOTH_DLL\GCCE\udeb\moc_QBtSerialPortServer.o
LOAD \S60\devices\S60_5th_Edition_SDK_v1.0\EPOC32\BUILD\Carbide\NewLibVersion\QBluetooth_selfsigned\QBLUETOOTH_DLL\GCCE\udeb\moc_QBtSerialPortClient.o
LOAD \S60\devices\S60_5th_Edition_SDK_v1.0\EPOC32\BUILD\Carbide\NewLibVersion\QBluetooth_selfsigned\QBLUETOOTH_DLL\GCCE\udeb\moc_QBtObjectExchangeClient.o
LOAD \S60\devices\S60_5th_Edition_SDK_v1.0\EPOC32\BUILD\Carbide\NewLibVersion\QBluetooth_selfsigned\QBLUETOOTH_DLL\GCCE\udeb\moc_QBtLocalDevice.o
LOAD \S60\devices\S60_5th_Edition_SDK_v1.0\EPOC32\BUILD\Carbide\NewLibVersion\QBluetooth_selfsigned\QBLUETOOTH_DLL\GCCE\udeb\moc_QBtObjectExchangeServer.o
LOAD \S60\devices\S60_5th_Edition_SDK_v1.0\EPOC32\BUILD\Carbide\NewLibVersion\QBluetooth_selfsigned\QBLUETOOTH_DLL\GCCE\udeb\QBtService.o
LOAD \S60\devices\S60_5th_Edition_SDK_v1.0\EPOC32\BUILD\Carbide\NewLibVersion\QBluetooth_selfsigned\QBLUETOOTH_DLL\GCCE\udeb\QBtAddress.o
LOAD \S60\devices\S60_5th_Edition_SDK_v1.0\EPOC32\BUILD\Carbide\NewLibVersion\QBluetooth_selfsigned\QBLUETOOTH_DLL\GCCE\udeb\QBtDevice.o
LOAD \S60\devices\S60_5th_Edition_SDK_v1.0\EPOC32\BUILD\Carbide\NewLibVersion\QBluetooth_selfsigned\QBLUETOOTH_DLL\GCCE\udeb\QBtUuid.o
LOAD \S60\devices\S60_5th_Edition_SDK_v1.0\EPOC32\BUILD\Carbide\NewLibVersion\QBluetooth_selfsigned\QBLUETOOTH_DLL\GCCE\udeb\QBtObjectExchangeClient.o
LOAD \S60\devices\S60_5th_Edition_SDK_v1.0\EPOC32\BUILD\Carbide\NewLibVersion\QBluetooth_selfsigned\QBLUETOOTH_DLL\GCCE\udeb\QBtObjectExchangeClient_symbian.o
LOAD \S60\devices\S60_5th_Edition_SDK_v1.0\EPOC32\BUILD\Carbide\NewLibVersion\QBluetooth_selfsigned\QBLUETOOTH_DLL\GCCE\udeb\QBtObjectExchangeServer.o
LOAD \S60\devices\S60_5th_Edition_SDK_v1.0\EPOC32\BUILD\Carbide\NewLibVersion\QBluetooth_selfsigned\QBLUETOOTH_DLL\GCCE\udeb\QBtObjectExchangeServer_symbian.o
LOAD \S60\devices\S60_5th_Edition_SDK_v1.0\EPOC32\BUILD\Carbide\NewLibVersion\QBluetooth_selfsigned\QBLUETOOTH_DLL\GCCE\udeb\QBtSerialPortClient.o
LOAD \S60\devices\S60_5th_Edition_SDK_v1.0\EPOC32\BUILD\Carbide\NewLibVersion\QBluetooth_selfsigned\QBLUETOOTH_DLL\GCCE\udeb\QBtSerialPortClient_symbian.o
LOAD \S60\devices\S60_5th_Edition_SDK_v1.0\EPOC32\BUILD\Carbide\NewLibVersion\QBluetooth_selfsigned\QBLUETOOTH_DLL\GCCE\udeb\QBtSerialPortServer.o
LOAD \S60\devices\S60_5th_Edition_SDK_v1.0\EPOC32\BUILD\Carbide\NewLibVersion\QBluetooth_selfsigned\QBLUETOOTH_DLL\GCCE\udeb\QBtSerialPortServer_symbian.o
LOAD \S60\devices\S60_5th_Edition_SDK_v1.0\EPOC32\BUILD\Carbide\NewLibVersion\QBluetooth_selfsigned\QBLUETOOTH_DLL\GCCE\udeb\QBtSingleDeviceSelectorUI.o
LOAD \S60\devices\S60_5th_Edition_SDK_v1.0\EPOC32\BUILD\Carbide\NewLibVersion\QBluetooth_selfsigned\QBLUETOOTH_DLL\GCCE\udeb\QBtDeviceDiscoverer.o
LOAD \S60\devices\S60_5th_Edition_SDK_v1.0\EPOC32\BUILD\Carbide\NewLibVersion\QBluetooth_selfsigned\QBLUETOOTH_DLL\GCCE\udeb\QBtDeviceDiscoverer_symbian.o
LOAD \S60\devices\S60_5th_Edition_SDK_v1.0\EPOC32\BUILD\Carbide\NewLibVersion\QBluetooth_selfsigned\QBLUETOOTH_DLL\GCCE\udeb\QBtSingleDeviceSelectorUI_symbian.o
LOAD \S60\devices\S60_5th_Edition_SDK_v1.0\EPOC32\BUILD\Carbide\NewLibVersion\QBluetooth_selfsigned\QBLUETOOTH_DLL\GCCE\udeb\BtDeviceFinderDlg_symbian.o
LOAD \S60\devices\S60_5th_Edition_SDK_v1.0\EPOC32\BUILD\Carbide\NewLibVersion\QBluetooth_selfsigned\QBLUETOOTH_DLL\GCCE\udeb\QBtLocalDevice.o
LOAD \S60\devices\S60_5th_Edition_SDK_v1.0\EPOC32\BUILD\Carbide\NewLibVersion\QBluetooth_selfsigned\QBLUETOOTH_DLL\GCCE\udeb\QBtLocalDevice_symbian.o
LOAD \S60\devices\S60_5th_Edition_SDK_v1.0\EPOC32\BUILD\Carbide\NewLibVersion\QBluetooth_selfsigned\QBLUETOOTH_DLL\GCCE\udeb\QBtServiceAdvertiser.o
LOAD \S60\devices\S60_5th_Edition_SDK_v1.0\EPOC32\BUILD\Carbide\NewLibVersion\QBluetooth_selfsigned\QBLUETOOTH_DLL\GCCE\udeb\QBtServiceAdvertiser_symbian.o
LOAD \S60\devices\S60_5th_Edition_SDK_v1.0\EPOC32\BUILD\Carbide\NewLibVersion\QBluetooth_selfsigned\QBLUETOOTH_DLL\GCCE\udeb\QBtServiceDiscoverer.o
LOAD \S60\devices\S60_5th_Edition_SDK_v1.0\EPOC32\BUILD\Carbide\NewLibVersion\QBluetooth_selfsigned\QBLUETOOTH_DLL\GCCE\udeb\QBtServiceDiscovererForAll.o
LOAD \S60\devices\S60_5th_Edition_SDK_v1.0\EPOC32\BUILD\Carbide\NewLibVersion\QBluetooth_selfsigned\QBLUETOOTH_DLL\GCCE\udeb\QBtServiceDiscoverer_symbian.o
LOAD \S60\devices\S60_5th_Edition_SDK_v1.0\epoc32\release\ARMV5\udeb\EDLLSTUB.lib
START GROUP
LOAD \S60\devices\S60_5th_Edition_SDK_v1.0\epoc32\release\ARMV5\udeb\usrt2_2.lib
END GROUP
LOAD \S60\devices\S60_5th_Edition_SDK_v1.0\epoc32\release\armv5\LIB\bluetooth.dso
LOAD \S60\devices\S60_5th_Edition_SDK_v1.0\epoc32\release\armv5\LIB\btextnotifiers.dso
LOAD \S60\devices\S60_5th_Edition_SDK_v1.0\epoc32\release\armv5\LIB\sdpdatabase.dso
LOAD \S60\devices\S60_5th_Edition_SDK_v1.0\epoc32\release\armv5\LIB\sdpagent.dso
LOAD \S60\devices\S60_5th_Edition_SDK_v1.0\epoc32\release\armv5\LIB\irobex.dso
LOAD \S60\devices\S60_5th_Edition_SDK_v1.0\epoc32\release\armv5\LIB\efsrv.dso
LOAD \S60\devices\S60_5th_Edition_SDK_v1.0\epoc32\release\armv5\LIB\featdiscovery.dso
LOAD \S60\devices\S60_5th_Edition_SDK_v1.0\epoc32\release\armv5\LIB\centralrepository.dso
LOAD \S60\devices\S60_5th_Edition_SDK_v1.0\epoc32\release\armv5\LIB\bafl.dso
LOAD \S60\devices\S60_5th_Edition_SDK_v1.0\epoc32\release\armv5\LIB\eikcore.dso
LOAD \S60\devices\S60_5th_Edition_SDK_v1.0\epoc32\release\armv5\LIB\cone.dso
LOAD \S60\devices\S60_5th_Edition_SDK_v1.0\epoc32\release\armv5\LIB\btdevice.dso
LOAD \S60\devices\S60_5th_Edition_SDK_v1.0\epoc32\release\armv5\LIB\btmanclient.dso
LOAD \S60\devices\S60_5th_Edition_SDK_v1.0\epoc32\release\armv5\LIB\esock.dso
LOAD \S60\devices\S60_5th_Edition_SDK_v1.0\epoc32\release\armv5\LIB\btengsettings.dso
LOAD \S60\devices\S60_5th_Edition_SDK_v1.0\epoc32\release\armv5\LIB\libstdcpp.dso
LOAD \S60\devices\S60_5th_Edition_SDK_v1.0\epoc32\release\armv5\LIB\QtGui.dso
LOAD \S60\devices\S60_5th_Edition_SDK_v1.0\epoc32\release\armv5\LIB\QtCore.dso
LOAD \S60\devices\S60_5th_Edition_SDK_v1.0\epoc32\release\armv5\LIB\libpthread.dso
LOAD \S60\devices\S60_5th_Edition_SDK_v1.0\epoc32\release\armv5\LIB\libc.dso
LOAD \S60\devices\S60_5th_Edition_SDK_v1.0\epoc32\release\armv5\LIB\libm.dso
LOAD \S60\devices\S60_5th_Edition_SDK_v1.0\epoc32\release\armv5\LIB\euser.dso
LOAD \S60\devices\S60_5th_Edition_SDK_v1.0\epoc32\release\armv5\LIB\libdl.dso
LOAD \S60\devices\S60_5th_Edition_SDK_v1.0\epoc32\release\armv5\LIB\dfpaeabi.dso
LOAD \S60\devices\S60_5th_Edition_SDK_v1.0\epoc32\release\armv5\LIB\dfprvct2_2.dso
LOAD \S60\devices\S60_5th_Edition_SDK_v1.0\epoc32\release\armv5\LIB\drtaeabi.dso
LOAD \S60\devices\S60_5th_Edition_SDK_v1.0\epoc32\release\armv5\LIB\scppnwdl.dso
LOAD \S60\devices\S60_5th_Edition_SDK_v1.0\epoc32\release\armv5\LIB\drtrvct2_2.dso
LOAD C:/Program Files/CSL Arm Toolchain/bin/../lib/gcc/arm-none-symbianelf/3.4.3/../../../../arm-none-symbianelf/lib\libsupc++.a
LOAD C:/Program Files/CSL Arm Toolchain/bin/../lib/gcc/arm-none-symbianelf/3.4.3/\libgcc.a
                0x00008000                . = 0x8000
                0x00008000                PROVIDE (Image$$ER_RO$$Base, .)

.init
 *(.init)

.text           0x00008000    0x1f86c
 *(.text .stub .text.* .gnu.linkonce.t.*)
 .text          0x00008000       0x30 \S60\devices\S60_5th_Edition_SDK_v1.0\epoc32\release\ARMV5\udeb\EDLL.LIB(uc_dll.o)
                0x00008000                _E32Dll_Body
 .text          0x00008030      0x2c4 \S60\devices\S60_5th_Edition_SDK_v1.0\EPOC32\BUILD\Carbide\NewLibVersion\QBluetooth_selfsigned\QBLUETOOTH_DLL\GCCE\udeb\moc_QBtDeviceDiscoverer.o
                0x00008040                QBtDeviceDiscoverer::metaObject() const
                0x0000821c                QBtDeviceDiscoverer::newDeviceFound(QBtDevice const&)
                0x0000808c                QBtDeviceDiscoverer::qt_metacast(char const*)
                0x00008030                QBtDeviceDiscoverer::getStaticMetaObject()
                0x000080fc                QBtDeviceDiscoverer::qt_metacall(QMetaObject::Call, int, void**)
                0x000082ac                QBtDeviceDiscoverer::error(QBtDeviceDiscoverer::DeviceDiscoveryErrors)
                0x00008264                QBtDeviceDiscoverer::discoveryStopped()
                0x00008288                QBtDeviceDiscoverer::discoveryStarted()
 .text._ZNK14QScopedPointerI11QObjectData21QScopedPointerDeleterIS0_EEptEv
                0x000082f4       0x3c \S60\devices\S60_5th_Edition_SDK_v1.0\EPOC32\BUILD\Carbide\NewLibVersion\QBluetooth_selfsigned\QBLUETOOTH_DLL\GCCE\udeb\moc_QBtDeviceDiscoverer.o
                0x000082f4                QScopedPointer<QObjectData, QScopedPointerDeleter<QObjectData> >::operator->() const
 .text._Z7qt_noopv
                0x00008330        0x8 \S60\devices\S60_5th_Edition_SDK_v1.0\EPOC32\BUILD\Carbide\NewLibVersion\QBluetooth_selfsigned\QBLUETOOTH_DLL\GCCE\udeb\moc_QBtDeviceDiscoverer.o
                0x00008330                qt_noop()
 .text          0x00008338      0x270 \S60\devices\S60_5th_Edition_SDK_v1.0\EPOC32\BUILD\Carbide\NewLibVersion\QBluetooth_selfsigned\QBLUETOOTH_DLL\GCCE\udeb\moc_QBtSingleDeviceSelectorUI.o
                0x00008394                QBtSingleDeviceSelectorUI::qt_metacast(char const*)
                0x00008518                QBtSingleDeviceSelectorUI::discoveryCompleted(QBtDevice const&)
                0x00008404                QBtSingleDeviceSelectorUI::qt_metacall(QMetaObject::Call, int, void**)
                0x00008584                QBtSingleDeviceSelectorUI::userCanceled()
                0x00008560                QBtSingleDeviceSelectorUI::discoveryStarted()
                0x00008348                QBtSingleDeviceSelectorUI::metaObject() const
                0x00008338                QBtSingleDeviceSelectorUI::getStaticMetaObject()
 .text          0x000085a8      0x374 \S60\devices\S60_5th_Edition_SDK_v1.0\EPOC32\BUILD\Carbide\NewLibVersion\QBluetooth_selfsigned\QBLUETOOTH_DLL\GCCE\udeb\moc_QBtServiceDiscoverer.o
                0x0000884c                QBtServiceDiscoverer::discoveryStopped()
                0x000088d4                QBtServiceDiscoverer::error(QBtServiceDiscoverer::ServiceDiscoveryError)
                0x00008674                QBtServiceDiscoverer::qt_metacall(QMetaObject::Call, int, void**)
                0x00008828                QBtServiceDiscoverer::discoveryStarted()
                0x000085a8                QBtServiceDiscoverer::getStaticMetaObject()
                0x00008870                QBtServiceDiscoverer::newServiceFound(QBtDevice const&, QBtService const&)
                0x00008604                QBtServiceDiscoverer::qt_metacast(char const*)
                0x000085b8                QBtServiceDiscoverer::metaObject() const
 .text          0x0000891c      0x434 \S60\devices\S60_5th_Edition_SDK_v1.0\EPOC32\BUILD\Carbide\NewLibVersion\QBluetooth_selfsigned\QBLUETOOTH_DLL\GCCE\udeb\moc_QBtServiceDiscovererForAll.o
                0x00008c3c                QBtServiceDiscovererForAll::discoveryEnded()
                0x0000891c                QBtServiceDiscovererForAll::getStaticMetaObject()
                0x0000892c                QBtServiceDiscovererForAll::metaObject() const
                0x000089e8                QBtServiceDiscovererForAll::qt_metacall(QMetaObject::Call, int, void**)
                0x00008c18                QBtServiceDiscovererForAll::discoveryStarted()
                0x00008ca8                QBtServiceDiscovererForAll::serviceDiscoveyError(QBtDevice const&, QBtServiceDiscoverer::ServiceDiscoveryError)
                0x00008c60                QBtServiceDiscovererForAll::newDeviceFound(QBtDevice const&)
                0x00008d08                QBtServiceDiscovererForAll::deviceDiscoveryError(QBtDeviceDiscoverer::DeviceDiscoveryErrors)
                0x00008978                QBtServiceDiscovererForAll::qt_metacast(char const*)
 .text          0x00008d50      0x28c \S60\devices\S60_5th_Edition_SDK_v1.0\EPOC32\BUILD\Carbide\NewLibVersion\QBluetooth_selfsigned\QBLUETOOTH_DLL\GCCE\udeb\moc_QBtServiceAdvertiser.o
                0x00008d60                QBtServiceAdvertiser::metaObject() const
                0x00008f94                QBtServiceAdvertiser::error(QBtServiceAdvertiser::ErrorCodes)
                0x00008d50                QBtServiceAdvertiser::getStaticMetaObject()
                0x00008f28                QBtServiceAdvertiser::advertisingStarted(QBtService const&)
                0x00008f70                QBtServiceAdvertiser::advertisingStopped()
                0x00008e1c                QBtServiceAdvertiser::qt_metacall(QMetaObject::Call, int, void**)
                0x00008dac                QBtServiceAdvertiser::qt_metacast(char const*)
 .text          0x00008fdc      0x40c \S60\devices\S60_5th_Edition_SDK_v1.0\EPOC32\BUILD\Carbide\NewLibVersion\QBluetooth_selfsigned\QBLUETOOTH_DLL\GCCE\udeb\moc_QBtSerialPortServer.o
                0x00009310                QBtSerialPortServer::clientDisconnected()
                0x00009334                QBtSerialPortServer::dataSent()
                0x000092a4                QBtSerialPortServer::serverStopped()
                0x00009280                QBtSerialPortServer::serverStarted()
                0x000090a8                QBtSerialPortServer::qt_metacall(QMetaObject::Call, int, void**)
                0x00009038                QBtSerialPortServer::qt_metacast(char const*)
                0x00008fdc                QBtSerialPortServer::getStaticMetaObject()
                0x00009358                QBtSerialPortServer::dataReceived(QString const&)
                0x000093a0                QBtSerialPortServer::error(QBtSerialPortServer::ErrorCode)
                0x00008fec                QBtSerialPortServer::metaObject() const
                0x000092c8                QBtSerialPortServer::clientConnected(QBtAddress const&)
 .text._ZN7QStringD1Ev
                0x000093e8       0x2c \S60\devices\S60_5th_Edition_SDK_v1.0\EPOC32\BUILD\Carbide\NewLibVersion\QBluetooth_selfsigned\QBLUETOOTH_DLL\GCCE\udeb\moc_QBtSerialPortServer.o
                0x000093e8                QString::~QString()
 .text._ZN15QBasicAtomicInt5derefEv
                0x00009414       0x44 \S60\devices\S60_5th_Edition_SDK_v1.0\EPOC32\BUILD\Carbide\NewLibVersion\QBluetooth_selfsigned\QBLUETOOTH_DLL\GCCE\udeb\moc_QBtSerialPortServer.o
                0x00009414                QBasicAtomicInt::deref()
 .text._ZN7QStringC1EPKc
                0x00009458       0x38 \S60\devices\S60_5th_Edition_SDK_v1.0\EPOC32\BUILD\Carbide\NewLibVersion\QBluetooth_selfsigned\QBLUETOOTH_DLL\GCCE\udeb\moc_QBtSerialPortServer.o
                0x00009458                QString::QString(char const*)
 .text          0x00009490      0x36c \S60\devices\S60_5th_Edition_SDK_v1.0\EPOC32\BUILD\Carbide\NewLibVersion\QBluetooth_selfsigned\QBLUETOOTH_DLL\GCCE\udeb\moc_QBtSerialPortClient.o
                0x0000976c                QBtSerialPortClient::dataReceived(QString const&)
                0x00009724                QBtSerialPortClient::connectedToServer()
                0x000096dc                QBtSerialPortClient::disconnectedFromServer()
                0x00009490                QBtSerialPortClient::getStaticMetaObject()
                0x000094a0                QBtSerialPortClient::metaObject() const
                0x000097b4                QBtSerialPortClient::error(QBtSerialPortClient::ErrorCode)
                0x000094ec                QBtSerialPortClient::qt_metacast(char const*)
                0x00009700                QBtSerialPortClient::connectionResetByPeer()
                0x00009748                QBtSerialPortClient::dataSent()
                0x0000955c                QBtSerialPortClient::qt_metacall(QMetaObject::Call, int, void**)
 .text          0x000097fc      0x3a8 \S60\devices\S60_5th_Edition_SDK_v1.0\EPOC32\BUILD\Carbide\NewLibVersion\QBluetooth_selfsigned\QBLUETOOTH_DLL\GCCE\udeb\moc_QBtObjectExchangeClient.o
                0x00009aa8                QBtObjectExchangeClient::objectSent()
                0x00009858                QBtObjectExchangeClient::qt_metacast(char const*)
                0x00009a60                QBtObjectExchangeClient::connectedToServer()
                0x000097fc                QBtObjectExchangeClient::getStaticMetaObject()
                0x00009b14                QBtObjectExchangeClient::dataReceived(QByteArray const&)
                0x00009a18                QBtObjectExchangeClient::error(QBtObjectExchangeClient::ErrorCode)
                0x00009b5c                QBtObjectExchangeClient::remotePathSet(QString const&)
                0x00009acc                QBtObjectExchangeClient::fileReceived(QString const&)
                0x00009a84                QBtObjectExchangeClient::disconnectedFromServer()
                0x000098c8                QBtObjectExchangeClient::qt_metacall(QMetaObject::Call, int, void**)
                0x0000980c                QBtObjectExchangeClient::metaObject() const
 .text          0x00009ba4      0x140 \S60\devices\S60_5th_Edition_SDK_v1.0\EPOC32\BUILD\Carbide\NewLibVersion\QBluetooth_selfsigned\QBLUETOOTH_DLL\GCCE\udeb\moc_QBtLocalDevice.o
                0x00009bb4                QBtLocalDevice::metaObject() const
                0x00009ba4                QBtLocalDevice::getStaticMetaObject()
                0x00009c70                QBtLocalDevice::qt_metacall(QMetaObject::Call, int, void**)
                0x00009c00                QBtLocalDevice::qt_metacast(char const*)
 .text._ZN14QBtLocalDeviceD1Ev
                0x00009ce4       0x40 \S60\devices\S60_5th_Edition_SDK_v1.0\EPOC32\BUILD\Carbide\NewLibVersion\QBluetooth_selfsigned\QBLUETOOTH_DLL\GCCE\udeb\moc_QBtLocalDevice.o
                0x00009ce4                QBtLocalDevice::~QBtLocalDevice()
 .text._ZN14QBtLocalDeviceD0Ev
                0x00009d24       0x40 \S60\devices\S60_5th_Edition_SDK_v1.0\EPOC32\BUILD\Carbide\NewLibVersion\QBluetooth_selfsigned\QBLUETOOTH_DLL\GCCE\udeb\moc_QBtLocalDevice.o
                0x00009d24                QBtLocalDevice::~QBtLocalDevice()
 .text          0x00009d64      0x58c \S60\devices\S60_5th_Edition_SDK_v1.0\EPOC32\BUILD\Carbide\NewLibVersion\QBluetooth_selfsigned\QBLUETOOTH_DLL\GCCE\udeb\moc_QBtObjectExchangeServer.o
                0x0000a0a4                QBtObjectExchangeServer::error(QBtObjectExchangeServer::ErrorCode)
                0x0000a0ec                QBtObjectExchangeServer::receivingObjectInfo(int, int)
                0x0000a080                QBtObjectExchangeServer::serverStopped()
                0x00009dc0                QBtObjectExchangeServer::qt_metacast(char const*)
                0x0000a23c                QBtObjectExchangeServer::transmittingStarted(QString const&)
                0x0000a1b8                QBtObjectExchangeServer::transmittingRejected()
                0x0000a14c                QBtObjectExchangeServer::receivingStarted()
                0x0000a1dc                QBtObjectExchangeServer::transmittingObjectInfo(int, int)
                0x00009e30                QBtObjectExchangeServer::qt_metacall(QMetaObject::Call, int, void**)
                0x0000a05c                QBtObjectExchangeServer::serverStarted()
                0x00009d64                QBtObjectExchangeServer::getStaticMetaObject()
                0x0000a170                QBtObjectExchangeServer::receivingStopped(QString const&)
                0x0000a2cc                QBtObjectExchangeServer::clientAbortedTransmittion()
                0x00009d74                QBtObjectExchangeServer::metaObject() const
                0x0000a284                QBtObjectExchangeServer::transmittingStopped(QString const&)
 .text          0x0000a2f0      0x470 \S60\devices\S60_5th_Edition_SDK_v1.0\EPOC32\BUILD\Carbide\NewLibVersion\QBluetooth_selfsigned\QBLUETOOTH_DLL\GCCE\udeb\QBtService.o
                0x0000a57c                QBtService::getClass() const
                0x0000a6f4                QBtService::addProtocol(QBtUuid const&)
                0x0000a5c4                QBtService::getDescription() const
                0x0000a5e8                QBtService::getPort() const
                0x0000a6cc                QBtService::setProtocols(QList<QBtUuid> const&)
                0x0000a68c                QBtService::setPort(unsigned int)
                0x0000a600                QBtService::getHandle() const
                0x0000a424                QBtService::QBtService()
                0x0000a5a0                QBtService::getName() const
                0x0000a2f0                QBtService::QBtService()
                0x0000a63c                QBtService::setName(QString const&)
                0x0000a664                QBtService::setDescription(QString const&)
                0x0000a618                QBtService::setClass(QBtUuid const&)
                0x0000a6ac                QBtService::setHandle(unsigned int)
                0x0000a558                QBtService::getProtocols() const
                0x0000a734                QBtService::removeProtocol(QBtUuid const&)
 .text._ZN7QBtUuidD1Ev
                0x0000a760       0x1c \S60\devices\S60_5th_Edition_SDK_v1.0\EPOC32\BUILD\Carbide\NewLibVersion\QBluetooth_selfsigned\QBLUETOOTH_DLL\GCCE\udeb\QBtService.o
                0x0000a760                QBtUuid::~QBtUuid()
 .text._ZN7QBtUuidC1ERKS_
                0x0000a77c       0x2c \S60\devices\S60_5th_Edition_SDK_v1.0\EPOC32\BUILD\Carbide\NewLibVersion\QBluetooth_selfsigned\QBLUETOOTH_DLL\GCCE\udeb\QBtService.o
                0x0000a77c                QBtUuid::QBtUuid(QBtUuid const&)
 .text._ZN7QStringC1ERKS_
                0x0000a7a8       0x60 \S60\devices\S60_5th_Edition_SDK_v1.0\EPOC32\BUILD\Carbide\NewLibVersion\QBluetooth_selfsigned\QBLUETOOTH_DLL\GCCE\udeb\QBtService.o
                0x0000a7a8                QString::QString(QString const&)
 .text._ZN15QBasicAtomicInt3refEv
                0x0000a808       0x44 \S60\devices\S60_5th_Edition_SDK_v1.0\EPOC32\BUILD\Carbide\NewLibVersion\QBluetooth_selfsigned\QBLUETOOTH_DLL\GCCE\udeb\QBtService.o
                0x0000a808                QBasicAtomicInt::ref()
 .text._ZN7QBtUuidaSERKS_
                0x0000a84c       0x2c \S60\devices\S60_5th_Edition_SDK_v1.0\EPOC32\BUILD\Carbide\NewLibVersion\QBluetooth_selfsigned\QBLUETOOTH_DLL\GCCE\udeb\QBtService.o
                0x0000a84c                QBtUuid::operator=(QBtUuid const&)
 .text._ZN5QListI7QBtUuidEC1Ev
                0x0000a878       0x2c \S60\devices\S60_5th_Edition_SDK_v1.0\EPOC32\BUILD\Carbide\NewLibVersion\QBluetooth_selfsigned\QBLUETOOTH_DLL\GCCE\udeb\QBtService.o
                0x0000a878                QList<QBtUuid>::QList()
 .text._ZN5QListI7QBtUuidED1Ev
                0x0000a8a4       0x3c \S60\devices\S60_5th_Edition_SDK_v1.0\EPOC32\BUILD\Carbide\NewLibVersion\QBluetooth_selfsigned\QBLUETOOTH_DLL\GCCE\udeb\QBtService.o
                0x0000a8a4                QList<QBtUuid>::~QList()
 .text._ZN5QListI7QBtUuidE5clearEv
                0x0000a8e0       0x6c \S60\devices\S60_5th_Edition_SDK_v1.0\EPOC32\BUILD\Carbide\NewLibVersion\QBluetooth_selfsigned\QBLUETOOTH_DLL\GCCE\udeb\QBtService.o
                0x0000a8e0                QList<QBtUuid>::clear()
 .text._ZN5QListI7QBtUuidEC1ERKS1_
                0x0000a94c       0x50 \S60\devices\S60_5th_Edition_SDK_v1.0\EPOC32\BUILD\Carbide\NewLibVersion\QBluetooth_selfsigned\QBLUETOOTH_DLL\GCCE\udeb\QBtService.o
                0x0000a94c                QList<QBtUuid>::QList(QList<QBtUuid> const&)
 .text._ZN5QListI7QBtUuidEaSERKS1_
                0x0000a99c       0x8c \S60\devices\S60_5th_Edition_SDK_v1.0\EPOC32\BUILD\Carbide\NewLibVersion\QBluetooth_selfsigned\QBLUETOOTH_DLL\GCCE\udeb\QBtService.o
                0x0000a99c                QList<QBtUuid>::operator=(QList<QBtUuid> const&)
 .text._ZNK5QListI7QBtUuidE7indexOfERKS0_i
                0x0000aa28      0x114 \S60\devices\S60_5th_Edition_SDK_v1.0\EPOC32\BUILD\Carbide\NewLibVersion\QBluetooth_selfsigned\QBLUETOOTH_DLL\GCCE\udeb\QBtService.o
                0x0000aa28                QList<QBtUuid>::indexOf(QBtUuid const&, int) const
 .text._ZNK9QListData5beginEv
                0x0000ab3c       0x24 \S60\devices\S60_5th_Edition_SDK_v1.0\EPOC32\BUILD\Carbide\NewLibVersion\QBluetooth_selfsigned\QBLUETOOTH_DLL\GCCE\udeb\QBtService.o
                0x0000ab3c                QListData::begin() const
 .text._ZNK9QListData3endEv
                0x0000ab60       0x24 \S60\devices\S60_5th_Edition_SDK_v1.0\EPOC32\BUILD\Carbide\NewLibVersion\QBluetooth_selfsigned\QBLUETOOTH_DLL\GCCE\udeb\QBtService.o
                0x0000ab60                QListData::end() const
 .text._ZNK9QListData2atEi
                0x0000ab84       0x34 \S60\devices\S60_5th_Edition_SDK_v1.0\EPOC32\BUILD\Carbide\NewLibVersion\QBluetooth_selfsigned\QBLUETOOTH_DLL\GCCE\udeb\QBtService.o
                0x0000ab84                QListData::at(int) const
 .text._ZNK9QListData4sizeEv
                0x0000abb8       0x24 \S60\devices\S60_5th_Edition_SDK_v1.0\EPOC32\BUILD\Carbide\NewLibVersion\QBluetooth_selfsigned\QBLUETOOTH_DLL\GCCE\udeb\QBtService.o
                0x0000abb8                QListData::size() const
 .text._ZN5QListI7QBtUuidE6appendERKS0_
                0x0000abdc      0x134 \S60\devices\S60_5th_Edition_SDK_v1.0\EPOC32\BUILD\Carbide\NewLibVersion\QBluetooth_selfsigned\QBLUETOOTH_DLL\GCCE\udeb\QBtService.o
                0x0000abdc                QList<QBtUuid>::append(QBtUuid const&)
 .text._ZNK15QBasicAtomicIntneEi
                0x0000ad10       0x40 \S60\devices\S60_5th_Edition_SDK_v1.0\EPOC32\BUILD\Carbide\NewLibVersion\QBluetooth_selfsigned\QBLUETOOTH_DLL\GCCE\udeb\QBtService.o
                0x0000ad10                QBasicAtomicInt::operator!=(int) const
 .text._ZN5QListI7QBtUuidE9removeOneERKS0_
                0x0000ad50       0x6c \S60\devices\S60_5th_Edition_SDK_v1.0\EPOC32\BUILD\Carbide\NewLibVersion\QBluetooth_selfsigned\QBLUETOOTH_DLL\GCCE\udeb\QBtService.o
                0x0000ad50                QList<QBtUuid>::removeOne(QBtUuid const&)
 .text._ZN5QListI7QBtUuidE4freeEPN9QListData4DataE
                0x0000adbc       0x64 \S60\devices\S60_5th_Edition_SDK_v1.0\EPOC32\BUILD\Carbide\NewLibVersion\QBluetooth_selfsigned\QBLUETOOTH_DLL\GCCE\udeb\QBtService.o
                0x0000adbc                QList<QBtUuid>::free(QListData::Data*)
 .text._ZNK15QBasicAtomicInteqEi
                0x0000ae20       0x40 \S60\devices\S60_5th_Edition_SDK_v1.0\EPOC32\BUILD\Carbide\NewLibVersion\QBluetooth_selfsigned\QBLUETOOTH_DLL\GCCE\udeb\QBtService.o
                0x0000ae20                QBasicAtomicInt::operator==(int) const
 .text._ZN5QListI7QBtUuidE13detach_helperEv
                0x0000ae60       0x20 \S60\devices\S60_5th_Edition_SDK_v1.0\EPOC32\BUILD\Carbide\NewLibVersion\QBluetooth_selfsigned\QBLUETOOTH_DLL\GCCE\udeb\QBtService.o
                0x0000ae60                QList<QBtUuid>::detach_helper()
 .text._Z4qMaxIiERKT_S2_S2_
                0x0000ae80       0x4c \S60\devices\S60_5th_Edition_SDK_v1.0\EPOC32\BUILD\Carbide\NewLibVersion\QBluetooth_selfsigned\QBLUETOOTH_DLL\GCCE\udeb\QBtService.o
                0x0000ae80                int const& qMax<int>(int const&, int const&)
 .text._ZN5QListI7QBtUuidE4Node1tEv
                0x0000aecc       0x18 \S60\devices\S60_5th_Edition_SDK_v1.0\EPOC32\BUILD\Carbide\NewLibVersion\QBluetooth_selfsigned\QBLUETOOTH_DLL\GCCE\udeb\QBtService.o
                0x0000aecc                QList<QBtUuid>::Node::t()
 .text._ZN5QListI7QBtUuidE18detach_helper_growEii
                0x0000aee4      0x1c8 \S60\devices\S60_5th_Edition_SDK_v1.0\EPOC32\BUILD\Carbide\NewLibVersion\QBluetooth_selfsigned\QBLUETOOTH_DLL\GCCE\udeb\QBtService.o
                0x0000aee4                QList<QBtUuid>::detach_helper_grow(int, int)
 .text._ZN5QListI7QBtUuidE14node_constructEPNS1_4NodeERKS0_
                0x0000b0ac       0xc8 \S60\devices\S60_5th_Edition_SDK_v1.0\EPOC32\BUILD\Carbide\NewLibVersion\QBluetooth_selfsigned\QBLUETOOTH_DLL\GCCE\udeb\QBtService.o
                0x0000b0ac                QList<QBtUuid>::node_construct(QList<QBtUuid>::Node*, QBtUuid const&)
 .text._ZN5QListI7QBtUuidE12detachSharedEv
                0x0000b174       0x38 \S60\devices\S60_5th_Edition_SDK_v1.0\EPOC32\BUILD\Carbide\NewLibVersion\QBluetooth_selfsigned\QBLUETOOTH_DLL\GCCE\udeb\QBtService.o
                0x0000b174                QList<QBtUuid>::detachShared()
 .text._ZN5QListI7QBtUuidE8removeAtEi
                0x0000b1ac       0x64 \S60\devices\S60_5th_Edition_SDK_v1.0\EPOC32\BUILD\Carbide\NewLibVersion\QBluetooth_selfsigned\QBLUETOOTH_DLL\GCCE\udeb\QBtService.o
                0x0000b1ac                QList<QBtUuid>::removeAt(int)
 .text._ZN5QListI7QBtUuidE13node_destructEPNS1_4NodeE
                0x0000b210       0x48 \S60\devices\S60_5th_Edition_SDK_v1.0\EPOC32\BUILD\Carbide\NewLibVersion\QBluetooth_selfsigned\QBLUETOOTH_DLL\GCCE\udeb\QBtService.o
                0x0000b210                QList<QBtUuid>::node_destruct(QList<QBtUuid>::Node*)
 .text._ZN5QListI7QBtUuidE13node_destructEPNS1_4NodeES3_
                0x0000b258       0x70 \S60\devices\S60_5th_Edition_SDK_v1.0\EPOC32\BUILD\Carbide\NewLibVersion\QBluetooth_selfsigned\QBLUETOOTH_DLL\GCCE\udeb\QBtService.o
                0x0000b258                QList<QBtUuid>::node_destruct(QList<QBtUuid>::Node*, QList<QBtUuid>::Node*)
 .text._ZN5QListI7QBtUuidE13detach_helperEi
                0x0000b2c8       0xe0 \S60\devices\S60_5th_Edition_SDK_v1.0\EPOC32\BUILD\Carbide\NewLibVersion\QBluetooth_selfsigned\QBLUETOOTH_DLL\GCCE\udeb\QBtService.o
                0x0000b2c8                QList<QBtUuid>::detach_helper(int)
 .text._ZN5QListI7QBtUuidE9node_copyEPNS1_4NodeES3_S3_
                0x0000b3a8      0x188 \S60\devices\S60_5th_Edition_SDK_v1.0\EPOC32\BUILD\Carbide\NewLibVersion\QBluetooth_selfsigned\QBLUETOOTH_DLL\GCCE\udeb\QBtService.o
                0x0000b3a8                QList<QBtUuid>::node_copy(QList<QBtUuid>::Node*, QList<QBtUuid>::Node*, QList<QBtUuid>::Node*)
 .text._ZN5QListI7QBtUuidE6detachEv
                0x0000b530       0x28 \S60\devices\S60_5th_Edition_SDK_v1.0\EPOC32\BUILD\Carbide\NewLibVersion\QBluetooth_selfsigned\QBLUETOOTH_DLL\GCCE\udeb\QBtService.o
                0x0000b530                QList<QBtUuid>::detach()
 .text          0x0000b558     0x1204 \S60\devices\S60_5th_Edition_SDK_v1.0\EPOC32\BUILD\Carbide\NewLibVersion\QBluetooth_selfsigned\QBLUETOOTH_DLL\GCCE\udeb\QBtAddress.o
                0x0000b5b0                QBtAddress::QBtAddress(QString const&)
                0x0000c1a0                QBtAddress::~QBtAddress()
                0x0000b908                QBtAddress::QBtAddress(QByteArray const&)
                0x0000c540                QBtAddress::operator!=(QBtAddress const&)
                0x0000b558                QBtAddress::QBtAddress()
                0x0000c1bc                QBtAddress::~QBtAddress()
                0x0000c214                QBtAddress::toByteArray() const
                0x0000bdf8                QBtAddress::QBtAddress(TBTDevAddr const&)
                0x0000c700                QBtAddress::convertToSymbianBtDevAddr()
                0x0000c1d8                QBtAddress::isValid() const
                0x0000b75c                QBtAddress::QBtAddress(QString const&)
                0x0000c1f0                QBtAddress::toString() const
                0x0000c008                QBtAddress::getAddressFromReversedArray(QByteArray const&)
                0x0000b584                QBtAddress::QBtAddress()
                0x0000c5ec                QBtAddress::operator==(QBtAddress const&)
                0x0000bb80                QBtAddress::QBtAddress(QByteArray const&)
                0x0000bf00                QBtAddress::QBtAddress(TBTDevAddr const&)
                0x0000c39c                QBtAddress::toReversedByteArray() const
                0x0000c61c                QBtAddress::operator<(QBtAddress const&)
 .text._ZNK5QBoolcvPKvEv
                0x0000c75c       0x38 \S60\devices\S60_5th_Edition_SDK_v1.0\EPOC32\BUILD\Carbide\NewLibVersion\QBluetooth_selfsigned\QBLUETOOTH_DLL\GCCE\udeb\QBtAddress.o
                0x0000c75c                QBool::operator void const*() const
 .text._ZNK7QString8containsER7QRegExp
                0x0000c794       0x5c \S60\devices\S60_5th_Edition_SDK_v1.0\EPOC32\BUILD\Carbide\NewLibVersion\QBluetooth_selfsigned\QBLUETOOTH_DLL\GCCE\udeb\QBtAddress.o
                0x0000c794                QString::contains(QRegExp&) const
 .text._ZN5QBoolC1Eb
                0x0000c7f0       0x24 \S60\devices\S60_5th_Edition_SDK_v1.0\EPOC32\BUILD\Carbide\NewLibVersion\QBluetooth_selfsigned\QBLUETOOTH_DLL\GCCE\udeb\QBtAddress.o
                0x0000c7f0                QBool::QBool(bool)
 .text._ZN7QStringpLEPKc
                0x0000c814       0x8c \S60\devices\S60_5th_Edition_SDK_v1.0\EPOC32\BUILD\Carbide\NewLibVersion\QBluetooth_selfsigned\QBLUETOOTH_DLL\GCCE\udeb\QBtAddress.o
                0x0000c814                QString::operator+=(char const*)
 .text._ZNK10QByteArrayixEi
                0x0000c8a0       0x64 \S60\devices\S60_5th_Edition_SDK_v1.0\EPOC32\BUILD\Carbide\NewLibVersion\QBluetooth_selfsigned\QBLUETOOTH_DLL\GCCE\udeb\QBtAddress.o
                0x0000c8a0                QByteArray::operator[](int) const
 .text._ZNK10QByteArray4sizeEv
                0x0000c904       0x18 \S60\devices\S60_5th_Edition_SDK_v1.0\EPOC32\BUILD\Carbide\NewLibVersion\QBluetooth_selfsigned\QBLUETOOTH_DLL\GCCE\udeb\QBtAddress.o
                0x0000c904                QByteArray::size() const
 .text._ZN10QBtAddressaSERKS_
                0x0000c91c       0x38 \S60\devices\S60_5th_Edition_SDK_v1.0\EPOC32\BUILD\Carbide\NewLibVersion\QBluetooth_selfsigned\QBLUETOOTH_DLL\GCCE\udeb\QBtAddress.o
                0x0000c91c                QBtAddress::operator=(QBtAddress const&)
 .text._ZN10QByteArrayD1Ev
                0x0000c954       0x2c \S60\devices\S60_5th_Edition_SDK_v1.0\EPOC32\BUILD\Carbide\NewLibVersion\QBluetooth_selfsigned\QBLUETOOTH_DLL\GCCE\udeb\QBtAddress.o
                0x0000c954                QByteArray::~QByteArray()
 .text._ZN7QStringC1Ev
                0x0000c980       0x2c \S60\devices\S60_5th_Edition_SDK_v1.0\EPOC32\BUILD\Carbide\NewLibVersion\QBluetooth_selfsigned\QBLUETOOTH_DLL\GCCE\udeb\QBtAddress.o
                0x0000c980                QString::QString()
 .text._ZN8QByteRefaSEc
                0x0000c9ac       0x64 \S60\devices\S60_5th_Edition_SDK_v1.0\EPOC32\BUILD\Carbide\NewLibVersion\QBluetooth_selfsigned\QBLUETOOTH_DLL\GCCE\udeb\QBtAddress.o
                0x0000c9ac                QByteRef::operator=(char)
 .text._ZN10QByteArray6detachEv
                0x0000ca10       0x48 \S60\devices\S60_5th_Edition_SDK_v1.0\EPOC32\BUILD\Carbide\NewLibVersion\QBluetooth_selfsigned\QBLUETOOTH_DLL\GCCE\udeb\QBtAddress.o
                0x0000ca10                QByteArray::detach()
 .text._ZN8QByteRefaSERKS_
                0x0000ca58       0x78 \S60\devices\S60_5th_Edition_SDK_v1.0\EPOC32\BUILD\Carbide\NewLibVersion\QBluetooth_selfsigned\QBLUETOOTH_DLL\GCCE\udeb\QBtAddress.o
                0x0000ca58                QByteRef::operator=(QByteRef const&)
 .text._ZNK8QByteRefcvcEv
                0x0000cad0       0x54 \S60\devices\S60_5th_Edition_SDK_v1.0\EPOC32\BUILD\Carbide\NewLibVersion\QBluetooth_selfsigned\QBLUETOOTH_DLL\GCCE\udeb\QBtAddress.o
                0x0000cad0                QByteRef::operator char() const
 .text._ZN10QByteArrayixEi
                0x0000cb24       0x68 \S60\devices\S60_5th_Edition_SDK_v1.0\EPOC32\BUILD\Carbide\NewLibVersion\QBluetooth_selfsigned\QBLUETOOTH_DLL\GCCE\udeb\QBtAddress.o
                0x0000cb24                QByteArray::operator[](int)
 .text._ZN8QByteRefC1ER10QByteArrayi
                0x0000cb8c       0x38 \S60\devices\S60_5th_Edition_SDK_v1.0\EPOC32\BUILD\Carbide\NewLibVersion\QBluetooth_selfsigned\QBLUETOOTH_DLL\GCCE\udeb\QBtAddress.o
                0x0000cb8c                QByteRef::QByteRef(QByteArray&, int)
 .text._ZN10QByteArrayC1ERKS_
                0x0000cbc4       0x34 \S60\devices\S60_5th_Edition_SDK_v1.0\EPOC32\BUILD\Carbide\NewLibVersion\QBluetooth_selfsigned\QBLUETOOTH_DLL\GCCE\udeb\QBtAddress.o
                0x0000cbc4                QByteArray::QByteArray(QByteArray const&)
 .text._ZN10QByteArrayC1Ev
                0x0000cbf8       0x2c \S60\devices\S60_5th_Edition_SDK_v1.0\EPOC32\BUILD\Carbide\NewLibVersion\QBluetooth_selfsigned\QBLUETOOTH_DLL\GCCE\udeb\QBtAddress.o
                0x0000cbf8                QByteArray::QByteArray()
 .text._ZN6TPtrC83SetEPKhi
                0x0000cc24       0xa0 \S60\devices\S60_5th_Edition_SDK_v1.0\EPOC32\BUILD\Carbide\NewLibVersion\QBluetooth_selfsigned\QBLUETOOTH_DLL\GCCE\udeb\QBtAddress.o
                0x0000cc24                TPtrC8::Set(unsigned char const*, int)
 .text._ZdlPvS_
                0x0000ccc4       0x14 \S60\devices\S60_5th_Edition_SDK_v1.0\EPOC32\BUILD\Carbide\NewLibVersion\QBluetooth_selfsigned\QBLUETOOTH_DLL\GCCE\udeb\QBtAddress.o
                0x0000ccc4                operator delete(void*, void*)
 .text._ZnwjPv  0x0000ccd8       0x1c \S60\devices\S60_5th_Edition_SDK_v1.0\EPOC32\BUILD\Carbide\NewLibVersion\QBluetooth_selfsigned\QBLUETOOTH_DLL\GCCE\udeb\QBtAddress.o
                0x0000ccd8                operator new(unsigned int, void*)
 .text._ZNK10QByteArray9constDataEv
                0x0000ccf4       0x18 \S60\devices\S60_5th_Edition_SDK_v1.0\EPOC32\BUILD\Carbide\NewLibVersion\QBluetooth_selfsigned\QBLUETOOTH_DLL\GCCE\udeb\QBtAddress.o
                0x0000ccf4                QByteArray::constData() const
 .text          0x0000cd0c      0xb50 \S60\devices\S60_5th_Edition_SDK_v1.0\EPOC32\BUILD\Carbide\NewLibVersion\QBluetooth_selfsigned\QBLUETOOTH_DLL\GCCE\udeb\QBtDevice.o
                0x0000d670                QBtDevice::setType(QBtDevice::DeviceMajor)
                0x0000d744                QBtDevice::getTypeAsString() const
                0x0000d4b4                QBtDevice::~QBtDevice()
                0x0000d558                QBtDevice::~QBtDevice()
                0x0000ce04                QBtDevice::QBtDevice()
                0x0000d690                QBtDevice::setSupportedServices(QList<QBtService> const&)
                0x0000d3bc                QBtDevice::QBtDevice(QString const&, QBtAddress const&, QBtDevice::DeviceMajor)
                0x0000d648                QBtDevice::setAddress(QBtAddress const&)
                0x0000d72c                QBtDevice::getType() const
                0x0000d624                QBtDevice::setName(QString const&)
                0x0000d2c4                QBtDevice::QBtDevice(QString const&, QBtAddress const&, QBtDevice::DeviceMajor)
                0x0000d5fc                QBtDevice::addNewService(QBtService const&)
                0x0000d844                QBtDevice::getSupportedServices() const
                0x0000cd0c                QBtDevice::QBtDevice()
                0x0000cefc                QBtDevice::QBtDevice(QBtDevice const&)
                0x0000d0e0                QBtDevice::QBtDevice(QBtDevice const&)
                0x0000d6e4                QBtDevice::getName() const
                0x0000d6cc                QBtDevice::serviceListUpdated() const
                0x0000d708                QBtDevice::getAddress() const
 .text._ZN10QBtAddressC1ERKS_
                0x0000d85c       0x38 \S60\devices\S60_5th_Edition_SDK_v1.0\EPOC32\BUILD\Carbide\NewLibVersion\QBluetooth_selfsigned\QBLUETOOTH_DLL\GCCE\udeb\QBtDevice.o
                0x0000d85c                QBtAddress::QBtAddress(QBtAddress const&)
 .text._ZN5QListI10QBtServiceEC1Ev
                0x0000d894       0x2c \S60\devices\S60_5th_Edition_SDK_v1.0\EPOC32\BUILD\Carbide\NewLibVersion\QBluetooth_selfsigned\QBLUETOOTH_DLL\GCCE\udeb\QBtDevice.o
                0x0000d894                QList<QBtService>::QList()
 .text._ZN5QListI10QBtServiceED1Ev
                0x0000d8c0       0x3c \S60\devices\S60_5th_Edition_SDK_v1.0\EPOC32\BUILD\Carbide\NewLibVersion\QBluetooth_selfsigned\QBLUETOOTH_DLL\GCCE\udeb\QBtDevice.o
                0x0000d8c0                QList<QBtService>::~QList()
 .text._ZN5QListI10QBtServiceE5clearEv
                0x0000d8fc       0x6c \S60\devices\S60_5th_Edition_SDK_v1.0\EPOC32\BUILD\Carbide\NewLibVersion\QBluetooth_selfsigned\QBLUETOOTH_DLL\GCCE\udeb\QBtDevice.o
                0x0000d8fc                QList<QBtService>::clear()
 .text._ZN5QListI10QBtServiceEaSERKS1_
                0x0000d968       0x8c \S60\devices\S60_5th_Edition_SDK_v1.0\EPOC32\BUILD\Carbide\NewLibVersion\QBluetooth_selfsigned\QBLUETOOTH_DLL\GCCE\udeb\QBtDevice.o
                0x0000d968                QList<QBtService>::operator=(QList<QBtService> const&)
 .text._ZN5QListI10QBtServiceE6appendERKS0_
                0x0000d9f4      0x134 \S60\devices\S60_5th_Edition_SDK_v1.0\EPOC32\BUILD\Carbide\NewLibVersion\QBluetooth_selfsigned\QBLUETOOTH_DLL\GCCE\udeb\QBtDevice.o
                0x0000d9f4                QList<QBtService>::append(QBtService const&)
 .text._ZN5QListI10QBtServiceE4freeEPN9QListData4DataE
                0x0000db28       0x64 \S60\devices\S60_5th_Edition_SDK_v1.0\EPOC32\BUILD\Carbide\NewLibVersion\QBluetooth_selfsigned\QBLUETOOTH_DLL\GCCE\udeb\QBtDevice.o
                0x0000db28                QList<QBtService>::free(QListData::Data*)
 .text._ZN5QListI10QBtServiceE13detach_helperEv
                0x0000db8c       0x20 \S60\devices\S60_5th_Edition_SDK_v1.0\EPOC32\BUILD\Carbide\NewLibVersion\QBluetooth_selfsigned\QBLUETOOTH_DLL\GCCE\udeb\QBtDevice.o
                0x0000db8c                QList<QBtService>::detach_helper()
 .text._ZN5QListI10QBtServiceE18detach_helper_growEii
                0x0000dbac      0x1c8 \S60\devices\S60_5th_Edition_SDK_v1.0\EPOC32\BUILD\Carbide\NewLibVersion\QBluetooth_selfsigned\QBLUETOOTH_DLL\GCCE\udeb\QBtDevice.o
                0x0000dbac                QList<QBtService>::detach_helper_grow(int, int)
 .text._ZN5QListI10QBtServiceE14node_constructEPNS1_4NodeERKS0_
                0x0000dd74       0xc8 \S60\devices\S60_5th_Edition_SDK_v1.0\EPOC32\BUILD\Carbide\NewLibVersion\QBluetooth_selfsigned\QBLUETOOTH_DLL\GCCE\udeb\QBtDevice.o
                0x0000dd74                QList<QBtService>::node_construct(QList<QBtService>::Node*, QBtService const&)
 .text._ZN10QBtServiceC1ERKS_
                0x0000de3c      0x128 \S60\devices\S60_5th_Edition_SDK_v1.0\EPOC32\BUILD\Carbide\NewLibVersion\QBluetooth_selfsigned\QBLUETOOTH_DLL\GCCE\udeb\QBtDevice.o
                0x0000de3c                QBtService::QBtService(QBtService const&)
 .text._ZN5QListI10QBtServiceE13node_destructEPNS1_4NodeES3_
                0x0000df64       0x70 \S60\devices\S60_5th_Edition_SDK_v1.0\EPOC32\BUILD\Carbide\NewLibVersion\QBluetooth_selfsigned\QBLUETOOTH_DLL\GCCE\udeb\QBtDevice.o
                0x0000df64                QList<QBtService>::node_destruct(QList<QBtService>::Node*, QList<QBtService>::Node*)
 .text._ZN10QBtServiceD1Ev
                0x0000dfd4       0xe0 \S60\devices\S60_5th_Edition_SDK_v1.0\EPOC32\BUILD\Carbide\NewLibVersion\QBluetooth_selfsigned\QBLUETOOTH_DLL\GCCE\udeb\QBtDevice.o
                0x0000dfd4                QBtService::~QBtService()
 .text._ZN5QListI10QBtServiceE13detach_helperEi
                0x0000e0b4       0xe0 \S60\devices\S60_5th_Edition_SDK_v1.0\EPOC32\BUILD\Carbide\NewLibVersion\QBluetooth_selfsigned\QBLUETOOTH_DLL\GCCE\udeb\QBtDevice.o
                0x0000e0b4                QList<QBtService>::detach_helper(int)
 .text._ZN5QListI10QBtServiceE9node_copyEPNS1_4NodeES3_S3_
                0x0000e194      0x188 \S60\devices\S60_5th_Edition_SDK_v1.0\EPOC32\BUILD\Carbide\NewLibVersion\QBluetooth_selfsigned\QBLUETOOTH_DLL\GCCE\udeb\QBtDevice.o
                0x0000e194                QList<QBtService>::node_copy(QList<QBtService>::Node*, QList<QBtService>::Node*, QList<QBtService>::Node*)
 .text          0x0000e31c      0x9f4 \S60\devices\S60_5th_Edition_SDK_v1.0\EPOC32\BUILD\Carbide\NewLibVersion\QBluetooth_selfsigned\QBLUETOOTH_DLL\GCCE\udeb\QBtUuid.o
                0x0000e644                QBtUuid::set(QString const&)
                0x0000e384                QBtUuid::QBtUuid()
                0x0000ec38                QBtUuid::isFull() const
                0x0000ec70                QBtUuid::isNull() const
                0x0000e554                QBtUuid::QBtUuid(QString const&)
                0x0000e90c                QBtUuid::get() const
                0x0000ece8                QBtUuid::operator!=(QBtUuid const&) const
                0x0000e31c                QBtUuid::QBtUuid()
                0x0000ecc0                QBtUuid::operator==(QBtUuid const&) const
                0x0000e5cc                QBtUuid::set(unsigned int)
                0x0000eca8                QBtUuid::clear()
                0x0000e464                QBtUuid::QBtUuid(unsigned int)
                0x0000e4dc                QBtUuid::QBtUuid(QString const&)
                0x0000e3ec                QBtUuid::QBtUuid(unsigned int)
                0x0000ec14                QBtUuid::toString() const
                0x0000e950                QBtUuid::get(unsigned int&, unsigned int&, unsigned int&, unsigned int&) const
 .text._ZN7QString5clearEv
                0x0000ed10       0x78 \S60\devices\S60_5th_Edition_SDK_v1.0\EPOC32\BUILD\Carbide\NewLibVersion\QBluetooth_selfsigned\QBLUETOOTH_DLL\GCCE\udeb\QBtUuid.o
                0x0000ed10                QString::clear()
 .text._ZNK7QString6isNullEv
                0x0000ed88       0x3c \S60\devices\S60_5th_Edition_SDK_v1.0\EPOC32\BUILD\Carbide\NewLibVersion\QBluetooth_selfsigned\QBLUETOOTH_DLL\GCCE\udeb\QBtUuid.o
                0x0000ed88                QString::isNull() const
 .text._Z12UintToStringj
                0x0000edc4      0x150 \S60\devices\S60_5th_Edition_SDK_v1.0\EPOC32\BUILD\Carbide\NewLibVersion\QBluetooth_selfsigned\QBLUETOOTH_DLL\GCCE\udeb\QBtUuid.o
                0x0000edc4                UintToString(unsigned int)
 .text._ZNK7QString3argEjiiRK5QChar
                0x0000ef14       0x5c \S60\devices\S60_5th_Edition_SDK_v1.0\EPOC32\BUILD\Carbide\NewLibVersion\QBluetooth_selfsigned\QBLUETOOTH_DLL\GCCE\udeb\QBtUuid.o
                0x0000ef14                QString::arg(unsigned int, int, int, QChar const&) const
 .text._ZN5QCharC1E11QLatin1Char
                0x0000ef70       0x30 \S60\devices\S60_5th_Edition_SDK_v1.0\EPOC32\BUILD\Carbide\NewLibVersion\QBluetooth_selfsigned\QBLUETOOTH_DLL\GCCE\udeb\QBtUuid.o
                0x0000ef70                QChar::QChar(QLatin1Char)
 .text._ZNK11QLatin1Char7unicodeEv
                0x0000efa0       0x18 \S60\devices\S60_5th_Edition_SDK_v1.0\EPOC32\BUILD\Carbide\NewLibVersion\QBluetooth_selfsigned\QBLUETOOTH_DLL\GCCE\udeb\QBtUuid.o
                0x0000efa0                QLatin1Char::unicode() const
 .text._ZN11QLatin1CharC1Ec
                0x0000efb8       0x24 \S60\devices\S60_5th_Edition_SDK_v1.0\EPOC32\BUILD\Carbide\NewLibVersion\QBluetooth_selfsigned\QBLUETOOTH_DLL\GCCE\udeb\QBtUuid.o
                0x0000efb8                QLatin1Char::QLatin1Char(char)
 .text._ZN11QStringListD1Ev
                0x0000efdc       0x1c \S60\devices\S60_5th_Edition_SDK_v1.0\EPOC32\BUILD\Carbide\NewLibVersion\QBluetooth_selfsigned\QBLUETOOTH_DLL\GCCE\udeb\QBtUuid.o
                0x0000efdc                QStringList::~QStringList()
 .text._Z12_Assert_Msg2RK7QStringS1_S1_i
                0x0000eff8      0x170 \S60\devices\S60_5th_Edition_SDK_v1.0\EPOC32\BUILD\Carbide\NewLibVersion\QBluetooth_selfsigned\QBLUETOOTH_DLL\GCCE\udeb\QBtUuid.o
                0x0000eff8                _Assert_Msg2(QString const&, QString const&, QString const&, int)
 .text._Z11_Assert_Msg7QStringRKS_i
                0x0000f168      0x330 \S60\devices\S60_5th_Edition_SDK_v1.0\EPOC32\BUILD\Carbide\NewLibVersion\QBluetooth_selfsigned\QBLUETOOTH_DLL\GCCE\udeb\QBtUuid.o
                0x0000f168                _Assert_Msg(QString, QString const&, int)
 .text._Z10_Debug_MsgRK7QStringS1_i
                0x0000f498       0xb4 \S60\devices\S60_5th_Edition_SDK_v1.0\EPOC32\BUILD\Carbide\NewLibVersion\QBluetooth_selfsigned\QBLUETOOTH_DLL\GCCE\udeb\QBtUuid.o
                0x0000f498                _Debug_Msg(QString const&, QString const&, int)
 .text._ZN6QDebugD1Ev
                0x0000f54c      0x130 \S60\devices\S60_5th_Edition_SDK_v1.0\EPOC32\BUILD\Carbide\NewLibVersion\QBluetooth_selfsigned\QBLUETOOTH_DLL\GCCE\udeb\QBtUuid.o
                0x0000f54c                QDebug::~QDebug()
 .text._ZN6QDebug6StreamD1Ev
                0x0000f67c       0x6c \S60\devices\S60_5th_Edition_SDK_v1.0\EPOC32\BUILD\Carbide\NewLibVersion\QBluetooth_selfsigned\QBLUETOOTH_DLL\GCCE\udeb\QBtUuid.o
                0x0000f67c                QDebug::Stream::~Stream()
 .text._ZN10QByteArray4dataEv
                0x0000f6e8       0x20 \S60\devices\S60_5th_Edition_SDK_v1.0\EPOC32\BUILD\Carbide\NewLibVersion\QBluetooth_selfsigned\QBLUETOOTH_DLL\GCCE\udeb\QBtUuid.o
                0x0000f6e8                QByteArray::data()
 .text._ZN6QDebuglsEi
                0x0000f708       0x30 \S60\devices\S60_5th_Edition_SDK_v1.0\EPOC32\BUILD\Carbide\NewLibVersion\QBluetooth_selfsigned\QBLUETOOTH_DLL\GCCE\udeb\QBtUuid.o
                0x0000f708                QDebug::operator<<(int)
 .text._ZN6QDebug10maybeSpaceEv
                0x0000f738       0x2c \S60\devices\S60_5th_Edition_SDK_v1.0\EPOC32\BUILD\Carbide\NewLibVersion\QBluetooth_selfsigned\QBLUETOOTH_DLL\GCCE\udeb\QBtUuid.o
                0x0000f738                QDebug::maybeSpace()
 .text._ZN6QDebuglsERK7QString
                0x0000f764       0x3c \S60\devices\S60_5th_Edition_SDK_v1.0\EPOC32\BUILD\Carbide\NewLibVersion\QBluetooth_selfsigned\QBLUETOOTH_DLL\GCCE\udeb\QBtUuid.o
                0x0000f764                QDebug::operator<<(QString const&)
 .text._ZN6QDebuglsEPKc
                0x0000f7a0       0x8c \S60\devices\S60_5th_Edition_SDK_v1.0\EPOC32\BUILD\Carbide\NewLibVersion\QBluetooth_selfsigned\QBLUETOOTH_DLL\GCCE\udeb\QBtUuid.o
                0x0000f7a0                QDebug::operator<<(char const*)
 .text._Z6qDebugv
                0x0000f82c       0x18 \S60\devices\S60_5th_Edition_SDK_v1.0\EPOC32\BUILD\Carbide\NewLibVersion\QBluetooth_selfsigned\QBLUETOOTH_DLL\GCCE\udeb\QBtUuid.o
                0x0000f82c                qDebug()
 .text._ZN6QDebugC1E9QtMsgType
                0x0000f844       0xcc \S60\devices\S60_5th_Edition_SDK_v1.0\EPOC32\BUILD\Carbide\NewLibVersion\QBluetooth_selfsigned\QBLUETOOTH_DLL\GCCE\udeb\QBtUuid.o
                0x0000f844                QDebug::QDebug(QtMsgType)
 .text._ZN6QDebug6StreamC1E9QtMsgType
                0x0000f910       0xb8 \S60\devices\S60_5th_Edition_SDK_v1.0\EPOC32\BUILD\Carbide\NewLibVersion\QBluetooth_selfsigned\QBLUETOOTH_DLL\GCCE\udeb\QBtUuid.o
                0x0000f910                QDebug::Stream::Stream(QtMsgType)
 .text._ZNK7QString3argEiiiRK5QChar
                0x0000f9c8       0x5c \S60\devices\S60_5th_Edition_SDK_v1.0\EPOC32\BUILD\Carbide\NewLibVersion\QBluetooth_selfsigned\QBLUETOOTH_DLL\GCCE\udeb\QBtUuid.o
                0x0000f9c8                QString::arg(int, int, int, QChar const&) const
 .text._Z11IsValidUuidRK7QString
                0x0000fa24      0x434 \S60\devices\S60_5th_Edition_SDK_v1.0\EPOC32\BUILD\Carbide\NewLibVersion\QBluetooth_selfsigned\QBLUETOOTH_DLL\GCCE\udeb\QBtUuid.o
                0x0000fa24                IsValidUuid(QString const&)
 .text._ZN11QStringListC1Ev
                0x0000fe58       0x1c \S60\devices\S60_5th_Edition_SDK_v1.0\EPOC32\BUILD\Carbide\NewLibVersion\QBluetooth_selfsigned\QBLUETOOTH_DLL\GCCE\udeb\QBtUuid.o
                0x0000fe58                QStringList::QStringList()
 .text._ZNK7QString6lengthEv
                0x0000fe74       0x18 \S60\devices\S60_5th_Edition_SDK_v1.0\EPOC32\BUILD\Carbide\NewLibVersion\QBluetooth_selfsigned\QBLUETOOTH_DLL\GCCE\udeb\QBtUuid.o
                0x0000fe74                QString::length() const
 .text._ZNK11QStringList4joinERK7QString
                0x0000fe8c       0x30 \S60\devices\S60_5th_Edition_SDK_v1.0\EPOC32\BUILD\Carbide\NewLibVersion\QBluetooth_selfsigned\QBLUETOOTH_DLL\GCCE\udeb\QBtUuid.o
                0x0000fe8c                QStringList::join(QString const&) const
 .text._ZNK7QStringneERKS_
                0x0000febc       0x30 \S60\devices\S60_5th_Edition_SDK_v1.0\EPOC32\BUILD\Carbide\NewLibVersion\QBluetooth_selfsigned\QBLUETOOTH_DLL\GCCE\udeb\QBtUuid.o
                0x0000febc                QString::operator!=(QString const&) const
 .text._ZN6QFlagsIN9QIODevice12OpenModeFlagEEC1ES1_
                0x0000feec       0x28 \S60\devices\S60_5th_Edition_SDK_v1.0\EPOC32\BUILD\Carbide\NewLibVersion\QBluetooth_selfsigned\QBLUETOOTH_DLL\GCCE\udeb\QBtUuid.o
                0x0000feec                QFlags<QIODevice::OpenModeFlag>::QFlags(QIODevice::OpenModeFlag)
 .text._ZN5QListI7QStringEC2Ev
                0x0000ff14       0x2c \S60\devices\S60_5th_Edition_SDK_v1.0\EPOC32\BUILD\Carbide\NewLibVersion\QBluetooth_selfsigned\QBLUETOOTH_DLL\GCCE\udeb\QBtUuid.o
                0x0000ff14                QList<QString>::QList()
 .text._ZN5QListI7QStringED2Ev
                0x0000ff40       0x3c \S60\devices\S60_5th_Edition_SDK_v1.0\EPOC32\BUILD\Carbide\NewLibVersion\QBluetooth_selfsigned\QBLUETOOTH_DLL\GCCE\udeb\QBtUuid.o
                0x0000ff40                QList<QString>::~QList()
 .text._ZN5QListI7QStringE6appendERKS0_
                0x0000ff7c      0x15c \S60\devices\S60_5th_Edition_SDK_v1.0\EPOC32\BUILD\Carbide\NewLibVersion\QBluetooth_selfsigned\QBLUETOOTH_DLL\GCCE\udeb\QBtUuid.o
                0x0000ff7c                QList<QString>::append(QString const&)
 .text._ZN6QFlagsIN11QMessageBox14StandardButtonEEC1ES1_
                0x000100d8       0x28 \S60\devices\S60_5th_Edition_SDK_v1.0\EPOC32\BUILD\Carbide\NewLibVersion\QBluetooth_selfsigned\QBLUETOOTH_DLL\GCCE\udeb\QBtUuid.o
                0x000100d8                QFlags<QMessageBox::StandardButton>::QFlags(QMessageBox::StandardButton)
 .text._ZNK5QListI7QStringE6lengthEv
                0x00010100       0x18 \S60\devices\S60_5th_Edition_SDK_v1.0\EPOC32\BUILD\Carbide\NewLibVersion\QBluetooth_selfsigned\QBLUETOOTH_DLL\GCCE\udeb\QBtUuid.o
                0x00010100                QList<QString>::length() const
 .text._ZN5QListI7QStringEixEi
                0x00010118       0x7c \S60\devices\S60_5th_Edition_SDK_v1.0\EPOC32\BUILD\Carbide\NewLibVersion\QBluetooth_selfsigned\QBLUETOOTH_DLL\GCCE\udeb\QBtUuid.o
                0x00010118                QList<QString>::operator[](int)
 .text._ZN5QListI7QStringE4freeEPN9QListData4DataE
                0x00010194       0x64 \S60\devices\S60_5th_Edition_SDK_v1.0\EPOC32\BUILD\Carbide\NewLibVersion\QBluetooth_selfsigned\QBLUETOOTH_DLL\GCCE\udeb\QBtUuid.o
                0x00010194                QList<QString>::free(QListData::Data*)
 .text._ZN5QListI7QStringE18detach_helper_growEii
                0x000101f8      0x1c8 \S60\devices\S60_5th_Edition_SDK_v1.0\EPOC32\BUILD\Carbide\NewLibVersion\QBluetooth_selfsigned\QBLUETOOTH_DLL\GCCE\udeb\QBtUuid.o
                0x000101f8                QList<QString>::detach_helper_grow(int, int)
 .text._ZN5QListI7QStringE14node_constructEPNS1_4NodeERKS0_
                0x000103c0       0x98 \S60\devices\S60_5th_Edition_SDK_v1.0\EPOC32\BUILD\Carbide\NewLibVersion\QBluetooth_selfsigned\QBLUETOOTH_DLL\GCCE\udeb\QBtUuid.o
                0x000103c0                QList<QString>::node_construct(QList<QString>::Node*, QString const&)
 .text._ZN5QListI7QStringE13node_destructEPNS1_4NodeE
                0x00010458       0x20 \S60\devices\S60_5th_Edition_SDK_v1.0\EPOC32\BUILD\Carbide\NewLibVersion\QBluetooth_selfsigned\QBLUETOOTH_DLL\GCCE\udeb\QBtUuid.o
                0x00010458                QList<QString>::node_destruct(QList<QString>::Node*)
 .text._ZN5QListI7QStringE9node_copyEPNS1_4NodeES3_S3_
                0x00010478      0x12c \S60\devices\S60_5th_Edition_SDK_v1.0\EPOC32\BUILD\Carbide\NewLibVersion\QBluetooth_selfsigned\QBLUETOOTH_DLL\GCCE\udeb\QBtUuid.o
                0x00010478                QList<QString>::node_copy(QList<QString>::Node*, QList<QString>::Node*, QList<QString>::Node*)
 .text._ZN5QListI7QStringE6detachEv
                0x000105a4       0x28 \S60\devices\S60_5th_Edition_SDK_v1.0\EPOC32\BUILD\Carbide\NewLibVersion\QBluetooth_selfsigned\QBLUETOOTH_DLL\GCCE\udeb\QBtUuid.o
                0x000105a4                QList<QString>::detach()
 .text._ZN5QListI7QStringE13detach_helperEv
                0x000105cc       0x20 \S60\devices\S60_5th_Edition_SDK_v1.0\EPOC32\BUILD\Carbide\NewLibVersion\QBluetooth_selfsigned\QBLUETOOTH_DLL\GCCE\udeb\QBtUuid.o
                0x000105cc                QList<QString>::detach_helper()
 .text._ZN5QListI7QStringE4Node1tEv
                0x000105ec       0x14 \S60\devices\S60_5th_Edition_SDK_v1.0\EPOC32\BUILD\Carbide\NewLibVersion\QBluetooth_selfsigned\QBLUETOOTH_DLL\GCCE\udeb\QBtUuid.o
                0x000105ec                QList<QString>::Node::t()
 .text._ZN5QListI7QStringE13node_destructEPNS1_4NodeES3_
                0x00010600       0x44 \S60\devices\S60_5th_Edition_SDK_v1.0\EPOC32\BUILD\Carbide\NewLibVersion\QBluetooth_selfsigned\QBLUETOOTH_DLL\GCCE\udeb\QBtUuid.o
                0x00010600                QList<QString>::node_destruct(QList<QString>::Node*, QList<QString>::Node*)
 .text._ZN5QListI7QStringE13detach_helperEi
                0x00010644       0xe0 \S60\devices\S60_5th_Edition_SDK_v1.0\EPOC32\BUILD\Carbide\NewLibVersion\QBluetooth_selfsigned\QBLUETOOTH_DLL\GCCE\udeb\QBtUuid.o
                0x00010644                QList<QString>::detach_helper(int)
 .text          0x00010724      0x678 \S60\devices\S60_5th_Edition_SDK_v1.0\EPOC32\BUILD\Carbide\NewLibVersion\QBluetooth_selfsigned\QBLUETOOTH_DLL\GCCE\udeb\QBtObjectExchangeClient.o
                0x00010cb4                QBtObjectExchangeClient::abort()
                0x00010cf4                GetTransmittingService()
                0x00010ccc                QBtObjectExchangeClient::setPath(QString const&)
                0x00010a88                QBtObjectExchangeClient::~QBtObjectExchangeClient()
                0x00010bfc                QBtObjectExchangeClient::getFile(QString const&, QString const&)
                0x00010b1c                QBtObjectExchangeClient::~QBtObjectExchangeClient()
                0x00010c30                QBtObjectExchangeClient::getByteBuffer(QString const&)
                0x00010c80                QBtObjectExchangeClient::putByteBuffer(QByteArray const&, QString const&)
                0x00010d08                GetServerDevice()
                0x00010724                QBtObjectExchangeClient::QBtObjectExchangeClient(QObject*)
                0x00010bb0                QBtObjectExchangeClient::connectToServer(QBtDevice const&, QBtService const&)
                0x00010c58                QBtObjectExchangeClient::putFile(QString const&)
                0x00010be4                QBtObjectExchangeClient::disconnect()
                0x00010d5c                QBtObjectExchangeClient::isConnected() const
                0x000109f4                QBtObjectExchangeClient::~QBtObjectExchangeClient()
                0x00010d1c                QBtObjectExchangeClient::isBusy() const
                0x0001088c                QBtObjectExchangeClient::QBtObjectExchangeClient(QObject*)
 .text._Z10SafeDeleteI30QBtObjectExchangeClientPrivateEvRPT_
                0x00010d9c       0x40 \S60\devices\S60_5th_Edition_SDK_v1.0\EPOC32\BUILD\Carbide\NewLibVersion\QBluetooth_selfsigned\QBLUETOOTH_DLL\GCCE\udeb\QBtObjectExchangeClient.o
                0x00010d9c                void SafeDelete<QBtObjectExchangeClientPrivate>(QBtObjectExchangeClientPrivate*&)
 .text          0x00010ddc     0x183c \S60\devices\S60_5th_Edition_SDK_v1.0\EPOC32\BUILD\Carbide\NewLibVersion\QBluetooth_selfsigned\QBLUETOOTH_DLL\GCCE\udeb\QBtObjectExchangeClient_symbian.o
                0x00010f8c                QBtObjectExchangeClientPrivate::QBtObjectExchangeClientPrivate(QBtObjectExchangeClient*)
                0x00011914                QBtObjectExchangeClientPrivate::HandleObjectReceived()
                0x00010e54                QBtObjectExchangeClientPrivate::QBtObjectExchangeClientPrivate(QBtObjectExchangeClient*)
                0x00011b34                QBtObjectExchangeClientPrivate::ConnectToServer(QBtDevice const&, QBtService const&)
                0x00011844                QBtObjectExchangeClientPrivate::HandleObjectSent()
                0x00011a3c                QBtObjectExchangeClientPrivate::HandleDisconnection()
                0x00011fb4                QBtObjectExchangeClientPrivate::SetPath(QString const&)
                0x00011afc                QBtObjectExchangeClientPrivate::HandleBrowsingFinsished()
                0x00012078                QBtObjectExchangeClientPrivate::CheckServiceAvailability()
                0x00011f68                QBtObjectExchangeClientPrivate::IsConnected()
                0x000113c8                QBtObjectExchangeClientPrivate::DoCancel()
                0x00012384                QBtObjectExchangeClientPrivate::GetFile(QString const&, QString const&)
                0x000110c4                QBtObjectExchangeClientPrivate::~QBtObjectExchangeClientPrivate()
                0x000113b8                QBtObjectExchangeClientPrivate::ConstructL()
                0x00011b18                QBtObjectExchangeClientPrivate::HandleSettingPathCompletion()
                0x00010ddc                QBtObjectExchangeClientPrivate::NewL(QBtObjectExchangeClient*)
                0x00011f50                QBtObjectExchangeClientPrivate::IsBusy()
                0x00011784                QBtObjectExchangeClientPrivate::HandleServerConnection()
                0x00011ed8                QBtObjectExchangeClientPrivate::Disconnect()
                0x00011c90                QBtObjectExchangeClientPrivate::SendFile(QString const&)
                0x000111c0                QBtObjectExchangeClientPrivate::~QBtObjectExchangeClientPrivate()
                0x000113d8                QBtObjectExchangeClientPrivate::RunL()
                0x000112bc                QBtObjectExchangeClientPrivate::~QBtObjectExchangeClientPrivate()
                0x00011e88                QBtObjectExchangeClientPrivate::Abort()
                0x00012234                QBtObjectExchangeClientPrivate::SendData(QByteArray const&, QString const&)
                0x00012524                QBtObjectExchangeClientPrivate::GetByteBuffer(QString const&)
                0x00010e0c                QBtObjectExchangeClientPrivate::NewLC(QBtObjectExchangeClient*)
 .text._ZN12CleanupStack3PopEPv
                0x00012618       0x1c \S60\devices\S60_5th_Edition_SDK_v1.0\EPOC32\BUILD\Carbide\NewLibVersion\QBluetooth_selfsigned\QBLUETOOTH_DLL\GCCE\udeb\QBtObjectExchangeClient_symbian.o
                0x00012618                CleanupStack::Pop(void*)
 .text._ZN5CBasenwEj6TLeave
                0x00012634       0x1c \S60\devices\S60_5th_Edition_SDK_v1.0\EPOC32\BUILD\Carbide\NewLibVersion\QBluetooth_selfsigned\QBLUETOOTH_DLL\GCCE\udeb\QBtObjectExchangeClient_symbian.o
                0x00012634                CBase::operator new(unsigned int, TLeave)
 .text._ZNK14TRequestStatusneEi
                0x00012650       0x40 \S60\devices\S60_5th_Edition_SDK_v1.0\EPOC32\BUILD\Carbide\NewLibVersion\QBluetooth_selfsigned\QBLUETOOTH_DLL\GCCE\udeb\QBtObjectExchangeClient_symbian.o
                0x00012650                TRequestStatus::operator!=(int) const
 .text._ZNK7CActive8IsActiveEv
                0x00012690       0x1c \S60\devices\S60_5th_Edition_SDK_v1.0\EPOC32\BUILD\Carbide\NewLibVersion\QBluetooth_selfsigned\QBLUETOOTH_DLL\GCCE\udeb\QBtObjectExchangeClient_symbian.o
                0x00012690                CActive::IsActive() const
 .text._ZNK14TRequestStatuseqEi
                0x000126ac       0x40 \S60\devices\S60_5th_Edition_SDK_v1.0\EPOC32\BUILD\Carbide\NewLibVersion\QBluetooth_selfsigned\QBLUETOOTH_DLL\GCCE\udeb\QBtObjectExchangeClient_symbian.o
                0x000126ac                TRequestStatus::operator==(int) const
 .text._ZNK7TDesC164SizeEv
                0x000126ec       0x18 \S60\devices\S60_5th_Edition_SDK_v1.0\EPOC32\BUILD\Carbide\NewLibVersion\QBluetooth_selfsigned\QBLUETOOTH_DLL\GCCE\udeb\QBtObjectExchangeClient_symbian.o
                0x000126ec                TDesC16::Size() const
 .text._ZNK7TDesC166LengthEv
                0x00012704       0x1c \S60\devices\S60_5th_Edition_SDK_v1.0\EPOC32\BUILD\Carbide\NewLibVersion\QBluetooth_selfsigned\QBLUETOOTH_DLL\GCCE\udeb\QBtObjectExchangeClient_symbian.o
                0x00012704                TDesC16::Length() const
 .text._ZN26TObexBluetoothProtocolInfoC1Ev
                0x00012720       0x28 \S60\devices\S60_5th_Edition_SDK_v1.0\EPOC32\BUILD\Carbide\NewLibVersion\QBluetooth_selfsigned\QBLUETOOTH_DLL\GCCE\udeb\QBtObjectExchangeClient_symbian.o
                0x00012720                TObexBluetoothProtocolInfo::TObexBluetoothProtocolInfo()
 .text._ZN17TObexProtocolInfoC2Ev
                0x00012748       0x1c \S60\devices\S60_5th_Edition_SDK_v1.0\EPOC32\BUILD\Carbide\NewLibVersion\QBluetooth_selfsigned\QBLUETOOTH_DLL\GCCE\udeb\QBtObjectExchangeClient_symbian.o
                0x00012748                TObexProtocolInfo::TObexProtocolInfo()
 .text._ZN7TPtrC163SetERKS_
                0x00012764       0x48 \S60\devices\S60_5th_Edition_SDK_v1.0\EPOC32\BUILD\Carbide\NewLibVersion\QBluetooth_selfsigned\QBLUETOOTH_DLL\GCCE\udeb\QBtObjectExchangeClient_symbian.o
                0x00012764                TPtrC16::Set(TPtrC16 const&)
 .text._ZNK7QStringeqEPKc
                0x000127ac       0x28 \S60\devices\S60_5th_Edition_SDK_v1.0\EPOC32\BUILD\Carbide\NewLibVersion\QBluetooth_selfsigned\QBLUETOOTH_DLL\GCCE\udeb\QBtObjectExchangeClient_symbian.o
                0x000127ac                QString::operator==(char const*) const
 .text._Z23qStringComparisonHelperRK7QStringPKc
                0x000127d4       0xcc \S60\devices\S60_5th_Edition_SDK_v1.0\EPOC32\BUILD\Carbide\NewLibVersion\QBluetooth_selfsigned\QBLUETOOTH_DLL\GCCE\udeb\QBtObjectExchangeClient_symbian.o
                0x000127d4                qStringComparisonHelper(QString const&, char const*)
 .text._ZN13QLatin1StringC1EPKc
                0x000128a0       0x28 \S60\devices\S60_5th_Edition_SDK_v1.0\EPOC32\BUILD\Carbide\NewLibVersion\QBluetooth_selfsigned\QBLUETOOTH_DLL\GCCE\udeb\QBtObjectExchangeClient_symbian.o
                0x000128a0                QLatin1String::QLatin1String(char const*)
 .text._ZNK6TDesC84SizeEv
                0x000128c8       0x18 \S60\devices\S60_5th_Edition_SDK_v1.0\EPOC32\BUILD\Carbide\NewLibVersion\QBluetooth_selfsigned\QBLUETOOTH_DLL\GCCE\udeb\QBtObjectExchangeClient_symbian.o
                0x000128c8                TDesC8::Size() const
 .text._ZNK6TDesC86LengthEv
                0x000128e0       0x1c \S60\devices\S60_5th_Edition_SDK_v1.0\EPOC32\BUILD\Carbide\NewLibVersion\QBluetooth_selfsigned\QBLUETOOTH_DLL\GCCE\udeb\QBtObjectExchangeClient_symbian.o
                0x000128e0                TDesC8::Length() const
 .text._ZN7QString6appendEPKc
                0x000128fc       0x8c \S60\devices\S60_5th_Edition_SDK_v1.0\EPOC32\BUILD\Carbide\NewLibVersion\QBluetooth_selfsigned\QBLUETOOTH_DLL\GCCE\udeb\QBtObjectExchangeClient_symbian.o
                0x000128fc                QString::append(char const*)
 .text._ZN7QStringaSEPKc
                0x00012988       0x8c \S60\devices\S60_5th_Edition_SDK_v1.0\EPOC32\BUILD\Carbide\NewLibVersion\QBluetooth_selfsigned\QBLUETOOTH_DLL\GCCE\udeb\QBtObjectExchangeClient_symbian.o
                0x00012988                QString::operator=(char const*)
 .text._ZNK7QString4sizeEv
                0x00012a14       0x18 \S60\devices\S60_5th_Edition_SDK_v1.0\EPOC32\BUILD\Carbide\NewLibVersion\QBluetooth_selfsigned\QBLUETOOTH_DLL\GCCE\udeb\QBtObjectExchangeClient_symbian.o
                0x00012a14                QString::size() const
 .text._Z10SafeDeleteI15CObexBaseObjectEvRPT_
                0x00012a2c       0x40 \S60\devices\S60_5th_Edition_SDK_v1.0\EPOC32\BUILD\Carbide\NewLibVersion\QBluetooth_selfsigned\QBLUETOOTH_DLL\GCCE\udeb\QBtObjectExchangeClient_symbian.o
                0x00012a2c                void SafeDelete<CObexBaseObject>(CObexBaseObject*&)
 .text._Z10SafeDeleteI11CObexClientEvRPT_
                0x00012a6c       0x40 \S60\devices\S60_5th_Edition_SDK_v1.0\EPOC32\BUILD\Carbide\NewLibVersion\QBluetooth_selfsigned\QBLUETOOTH_DLL\GCCE\udeb\QBtObjectExchangeClient_symbian.o
                0x00012a6c                void SafeDelete<CObexClient>(CObexClient*&)
 .text._Z10SafeDeleteI8CBufBaseEvRPT_
                0x00012aac       0x40 \S60\devices\S60_5th_Edition_SDK_v1.0\EPOC32\BUILD\Carbide\NewLibVersion\QBluetooth_selfsigned\QBLUETOOTH_DLL\GCCE\udeb\QBtObjectExchangeClient_symbian.o
                0x00012aac                void SafeDelete<CBufBase>(CBufBase*&)
 .text._ZN4TBufILi60EEC1Ev
                0x00012aec       0x20 \S60\devices\S60_5th_Edition_SDK_v1.0\EPOC32\BUILD\Carbide\NewLibVersion\QBluetooth_selfsigned\QBLUETOOTH_DLL\GCCE\udeb\QBtObjectExchangeClient_symbian.o
                0x00012aec                TBuf<60>::TBuf()
 .text._ZN4TBufILi255EEaSERK7TDesC16
                0x00012b0c       0x2c \S60\devices\S60_5th_Edition_SDK_v1.0\EPOC32\BUILD\Carbide\NewLibVersion\QBluetooth_selfsigned\QBLUETOOTH_DLL\GCCE\udeb\QBtObjectExchangeClient_symbian.o
                0x00012b0c                TBuf<255>::operator=(TDesC16 const&)
 .text          0x00012b38      0x910 \S60\devices\S60_5th_Edition_SDK_v1.0\EPOC32\BUILD\Carbide\NewLibVersion\QBluetooth_selfsigned\QBLUETOOTH_DLL\GCCE\udeb\QBtObjectExchangeServer.o
                0x00013310                QBtObjectExchangeServer::startAdvertisingService(QBtService const&)
                0x00013010                QBtObjectExchangeServer::~QBtObjectExchangeServer()
                0x00012e40                QBtObjectExchangeServer::~QBtObjectExchangeServer()
                0x000133fc                QBtObjectExchangeServer::stopAdvertisingService()
                0x000131f4                QBtObjectExchangeServer::getTransmittingServiceInfo()
                0x00012f28                QBtObjectExchangeServer::~QBtObjectExchangeServer()
                0x00013240                QBtObjectExchangeServer::setTransmittingService(QBtService const&)
                0x00012cbc                QBtObjectExchangeServer::QBtObjectExchangeServer(QObject*)
                0x00012b38                QBtObjectExchangeServer::QBtObjectExchangeServer(QObject*)
                0x0001319c                QBtObjectExchangeServer::stopServer()
                0x000130f8                QBtObjectExchangeServer::startServer(QBtUuid const&, QString const&)
                0x000131b4                QBtObjectExchangeServer::isConnected()
 .text._Z10SafeDeleteI10QBtServiceEvRPT_
                0x00013448       0x54 \S60\devices\S60_5th_Edition_SDK_v1.0\EPOC32\BUILD\Carbide\NewLibVersion\QBluetooth_selfsigned\QBLUETOOTH_DLL\GCCE\udeb\QBtObjectExchangeServer.o
                0x00013448                void SafeDelete<QBtService>(QBtService*&)
 .text._Z10SafeDeleteI30QBtObjectExchangeServerPrivateEvRPT_
                0x0001349c       0x40 \S60\devices\S60_5th_Edition_SDK_v1.0\EPOC32\BUILD\Carbide\NewLibVersion\QBluetooth_selfsigned\QBLUETOOTH_DLL\GCCE\udeb\QBtObjectExchangeServer.o
                0x0001349c                void SafeDelete<QBtObjectExchangeServerPrivate>(QBtObjectExchangeServerPrivate*&)
 .text          0x000134dc     0x1c1c \S60\devices\S60_5th_Edition_SDK_v1.0\EPOC32\BUILD\Carbide\NewLibVersion\QBluetooth_selfsigned\QBLUETOOTH_DLL\GCCE\udeb\QBtObjectExchangeServer_symbian.o
                0x00013808                QBtObjectExchangeServerPrivate::~QBtObjectExchangeServerPrivate()
                0x000134dc                QBtObjectExchangeServerPrivate::NewL(QBtObjectExchangeServer*)
                0x00013f1c                QBtObjectExchangeServerPrivate::StartServer()
                0x00013764                QBtObjectExchangeServerPrivate::ConstructL()
                0x00013af0                QBtObjectExchangeServerPrivate::~QBtObjectExchangeServerPrivate()
                0x000140e4                QBtObjectExchangeServerPrivate::Disconnect()
                0x0001350c                QBtObjectExchangeServerPrivate::NewLC(QBtObjectExchangeServer*)
                0x00013c64                QBtObjectExchangeServerPrivate::InitialiseServerL()
                0x00014324                QBtObjectExchangeServerPrivate::TransportDownIndication()
                0x00014520                QBtObjectExchangeServerPrivate::ObexDisconnectIndication(TDesC8 const&)
                0x0001365c                QBtObjectExchangeServerPrivate::QBtObjectExchangeServerPrivate(QBtObjectExchangeServer*)
                0x00014e1c                QBtObjectExchangeServerPrivate::SetPathIndication(CObex::TSetPathInfo const&, TDesC8 const&)
                0x0001412c                QBtObjectExchangeServerPrivate::SetSecurityWithChannelL(int, int, int, int)
                0x00014cd8                QBtObjectExchangeServerPrivate::GetPacketIndication()
                0x00014314                QBtObjectExchangeServerPrivate::TransportUpIndication()
                0x00014210                QBtObjectExchangeServerPrivate::IsConnected()
                0x000147bc                QBtObjectExchangeServerPrivate::PutCompleteIndication()
                0x00014d00                QBtObjectExchangeServerPrivate::GetCompleteIndication()
                0x0001397c                QBtObjectExchangeServerPrivate::~QBtObjectExchangeServerPrivate()
                0x00014278                QBtObjectExchangeServerPrivate::GetCurrentWorkingDirectory()
                0x00014914                QBtObjectExchangeServerPrivate::GetRequestIndication(CObexBaseObject*)
                0x0001478c                QBtObjectExchangeServerPrivate::PutPacketIndication()
                0x0001429c                QBtObjectExchangeServerPrivate::ErrorIndication(int)
                0x00014540                QBtObjectExchangeServerPrivate::PutRequestIndication()
                0x0001424c                QBtObjectExchangeServerPrivate::SetListeningQueueSize(int)
                0x000150b4                QBtObjectExchangeServerPrivate::AbortIndication()
                0x000144f8                QBtObjectExchangeServerPrivate::ObexConnectIndication(TObexConnectInfo const&, TDesC8 const&)
                0x00013554                QBtObjectExchangeServerPrivate::QBtObjectExchangeServerPrivate(QBtObjectExchangeServer*)
 .text._ZN3RFsC1Ev
                0x000150f8       0x1c \S60\devices\S60_5th_Edition_SDK_v1.0\EPOC32\BUILD\Carbide\NewLibVersion\QBluetooth_selfsigned\QBLUETOOTH_DLL\GCCE\udeb\QBtObjectExchangeServer_symbian.o
                0x000150f8                RFs::RFs()
 .text._ZN12RSessionBaseC2Ev
                0x00015114       0x1c \S60\devices\S60_5th_Edition_SDK_v1.0\EPOC32\BUILD\Carbide\NewLibVersion\QBluetooth_selfsigned\QBLUETOOTH_DLL\GCCE\udeb\QBtObjectExchangeServer_symbian.o
                0x00015114                RSessionBase::RSessionBase()
 .text._ZN11RHandleBaseC2Ev
                0x00015130       0x1c \S60\devices\S60_5th_Edition_SDK_v1.0\EPOC32\BUILD\Carbide\NewLibVersion\QBluetooth_selfsigned\QBLUETOOTH_DLL\GCCE\udeb\QBtObjectExchangeServer_symbian.o
                0x00015130                RHandleBase::RHandleBase()
 .text._ZN17MObexServerNotifyC2Ev
                0x0001514c       0x20 \S60\devices\S60_5th_Edition_SDK_v1.0\EPOC32\BUILD\Carbide\NewLibVersion\QBluetooth_selfsigned\QBLUETOOTH_DLL\GCCE\udeb\QBtObjectExchangeServer_symbian.o
                0x0001514c                MObexServerNotify::MObexServerNotify()
 .text._ZN5CBaseC2Ev
                0x0001516c       0x20 \S60\devices\S60_5th_Edition_SDK_v1.0\EPOC32\BUILD\Carbide\NewLibVersion\QBluetooth_selfsigned\QBLUETOOTH_DLL\GCCE\udeb\QBtObjectExchangeServer_symbian.o
                0x0001516c                CBase::CBase()
 .text._ZNK7CCoeEnv9FsSessionEv
                0x0001518c       0x18 \S60\devices\S60_5th_Edition_SDK_v1.0\EPOC32\BUILD\Carbide\NewLibVersion\QBluetooth_selfsigned\QBLUETOOTH_DLL\GCCE\udeb\QBtObjectExchangeServer_symbian.o
                0x0001518c                CCoeEnv::FsSession() const
 .text._ZN9CEikonEnv6StaticEv
                0x000151a4        0xc \S60\devices\S60_5th_Edition_SDK_v1.0\EPOC32\BUILD\Carbide\NewLibVersion\QBluetooth_selfsigned\QBLUETOOTH_DLL\GCCE\udeb\QBtObjectExchangeServer_symbian.o
                0x000151a4                CEikonEnv::Static()
 .text._ZThn4_N30QBtObjectExchangeServerPrivate15ErrorIndicationEi
                0x000151b0       0x10 \S60\devices\S60_5th_Edition_SDK_v1.0\EPOC32\BUILD\Carbide\NewLibVersion\QBluetooth_selfsigned\QBLUETOOTH_DLL\GCCE\udeb\QBtObjectExchangeServer_symbian.o
                0x000151b0                non-virtual thunk to QBtObjectExchangeServerPrivate::ErrorIndication(int)
 .text._ZThn4_N30QBtObjectExchangeServerPrivate21TransportUpIndicationEv
[...]
 .debug_info$$$RVCT2_2.h
                0x00000150      0x150 \S60\devices\S60_5th_Edition_SDK_v1.0\epoc32\release\ARMV5\udeb\usrt2_2.lib(ucppinit_aeabi.o)
 .debug_info$$$RVCT2_2.h
                0x000002a0      0x150 \S60\devices\S60_5th_Edition_SDK_v1.0\epoc32\release\ARMV5\udeb\usrt2_2.lib(dllexp.o)

.debug_macinfo$$$RVCT2_2.h
                0x00000000      0xb34
 .debug_macinfo$$$RVCT2_2.h
                0x00000000      0x3bc \S60\devices\S60_5th_Edition_SDK_v1.0\epoc32\release\ARMV5\udeb\EDLL.LIB(uc_dll.o)
 .debug_macinfo$$$RVCT2_2.h
                0x000003bc      0x3bc \S60\devices\S60_5th_Edition_SDK_v1.0\epoc32\release\ARMV5\udeb\usrt2_2.lib(ucppinit_aeabi.o)
 .debug_macinfo$$$RVCT2_2.h
                0x00000778      0x3bc \S60\devices\S60_5th_Edition_SDK_v1.0\epoc32\release\ARMV5\udeb\usrt2_2.lib(dllexp.o)

.debug_line$$$e32def.h
                0x00000000       0x50
 .debug_line$$$e32def.h
                0x00000000       0x50 \S60\devices\S60_5th_Edition_SDK_v1.0\epoc32\release\ARMV5\udeb\EDLL.LIB(uc_dll.o)

.debug_info$$$e32def.h
                0x00000000      0x3d8
 .debug_info$$$e32def.h
                0x00000000      0x3d8 \S60\devices\S60_5th_Edition_SDK_v1.0\epoc32\release\ARMV5\udeb\EDLL.LIB(uc_dll.o)

.debug_macinfo$$$e32def.h
                0x00000000     0x13d8
 .debug_macinfo$$$e32def.h
                0x00000000     0x13d8 \S60\devices\S60_5th_Edition_SDK_v1.0\epoc32\release\ARMV5\udeb\EDLL.LIB(uc_dll.o)

.debug_line$$$e32err.h
                0x00000000       0x5c
 .debug_line$$$e32err.h
                0x00000000       0x5c \S60\devices\S60_5th_Edition_SDK_v1.0\epoc32\release\ARMV5\udeb\EDLL.LIB(uc_dll.o)

.debug_info$$$e32err.h
                0x00000000      0x530
 .debug_info$$$e32err.h
                0x00000000      0x530 \S60\devices\S60_5th_Edition_SDK_v1.0\epoc32\release\ARMV5\udeb\EDLL.LIB(uc_dll.o)

.debug_macinfo$$$e32err.h
                0x00000000       0x1c
 .debug_macinfo$$$e32err.h
                0x00000000       0x1c \S60\devices\S60_5th_Edition_SDK_v1.0\epoc32\release\ARMV5\udeb\EDLL.LIB(uc_dll.o)

.debug_line$$$e32lang.h
                0x00000000       0x50
 .debug_line$$$e32lang.h
                0x00000000       0x50 \S60\devices\S60_5th_Edition_SDK_v1.0\epoc32\release\ARMV5\udeb\EDLL.LIB(uc_dll.o)

.debug_info$$$e32lang.h
                0x00000000      0xecc
 .debug_info$$$e32lang.h
                0x00000000      0xecc \S60\devices\S60_5th_Edition_SDK_v1.0\epoc32\release\ARMV5\udeb\EDLL.LIB(uc_dll.o)

.debug_macinfo$$$e32lang.h
                0x00000000       0x18
 .debug_macinfo$$$e32lang.h
                0x00000000       0x18 \S60\devices\S60_5th_Edition_SDK_v1.0\epoc32\release\ARMV5\udeb\EDLL.LIB(uc_dll.o)

.debug_line$$$e32capability.h
                0x00000000       0x58
 .debug_line$$$e32capability.h
                0x00000000       0x58 \S60\devices\S60_5th_Edition_SDK_v1.0\epoc32\release\ARMV5\udeb\EDLL.LIB(uc_dll.o)

.debug_info$$$e32capability.h
                0x00000000      0x2dc
 .debug_info$$$e32capability.h
                0x00000000      0x2dc \S60\devices\S60_5th_Edition_SDK_v1.0\epoc32\release\ARMV5\udeb\EDLL.LIB(uc_dll.o)

.debug_macinfo$$$e32capability.h
                0x00000000       0x1c
 .debug_macinfo$$$e32capability.h
                0x00000000       0x1c \S60\devices\S60_5th_Edition_SDK_v1.0\epoc32\release\ARMV5\udeb\EDLL.LIB(uc_dll.o)

.debug_line$$$e32const.h
                0x00000000       0x7c
 .debug_line$$$e32const.h
                0x00000000       0x7c \S60\devices\S60_5th_Edition_SDK_v1.0\epoc32\release\ARMV5\udeb\EDLL.LIB(uc_dll.o)

.debug_info$$$e32const.h
                0x00000000     0x204c
 .debug_info$$$e32const.h
                0x00000000     0x204c \S60\devices\S60_5th_Edition_SDK_v1.0\epoc32\release\ARMV5\udeb\EDLL.LIB(uc_dll.o)

.debug_macinfo$$$e32const.h
                0x00000000       0x54
 .debug_macinfo$$$e32const.h
                0x00000000       0x54 \S60\devices\S60_5th_Edition_SDK_v1.0\epoc32\release\ARMV5\udeb\EDLL.LIB(uc_dll.o)

.debug_line$$$e32des8.h
                0x00000000       0x50
 .debug_line$$$e32des8.h
                0x00000000       0x50 \S60\devices\S60_5th_Edition_SDK_v1.0\epoc32\release\ARMV5\udeb\EDLL.LIB(uc_dll.o)

.debug_info$$$e32des8.h
                0x00000000     0x3af0
 .debug_info$$$e32des8.h
                0x00000000     0x3af0 \S60\devices\S60_5th_Edition_SDK_v1.0\epoc32\release\ARMV5\udeb\EDLL.LIB(uc_dll.o)

.debug_macinfo$$$e32des8.h
                0x00000000       0x70
 .debug_macinfo$$$e32des8.h
                0x00000000       0x70 \S60\devices\S60_5th_Edition_SDK_v1.0\epoc32\release\ARMV5\udeb\EDLL.LIB(uc_dll.o)

.debug_line$$$e32des16.h
                0x00000000       0x50
 .debug_line$$$e32des16.h
                0x00000000       0x50 \S60\devices\S60_5th_Edition_SDK_v1.0\epoc32\release\ARMV5\udeb\EDLL.LIB(uc_dll.o)

.debug_info$$$e32des16.h
                0x00000000     0x3614
 .debug_info$$$e32des16.h
                0x00000000     0x3614 \S60\devices\S60_5th_Edition_SDK_v1.0\epoc32\release\ARMV5\udeb\EDLL.LIB(uc_dll.o)

.debug_macinfo$$$e32des16.h
                0x00000000       0x78
 .debug_macinfo$$$e32des16.h
                0x00000000       0x78 \S60\devices\S60_5th_Edition_SDK_v1.0\epoc32\release\ARMV5\udeb\EDLL.LIB(uc_dll.o)

.debug_line$$$e32cmn.inl
                0x00000000       0x50
 .debug_line$$$e32cmn.inl
                0x00000000       0x50 \S60\devices\S60_5th_Edition_SDK_v1.0\epoc32\release\ARMV5\udeb\EDLL.LIB(uc_dll.o)

.debug_info$$$e32cmn.inl
                0x00000000       0x74
 .debug_info$$$e32cmn.inl
                0x00000000       0x74 \S60\devices\S60_5th_Edition_SDK_v1.0\epoc32\release\ARMV5\udeb\EDLL.LIB(uc_dll.o)

.debug_macinfo$$$e32cmn.inl
                0x00000000       0x40
 .debug_macinfo$$$e32cmn.inl
                0x00000000       0x40 \S60\devices\S60_5th_Edition_SDK_v1.0\epoc32\release\ARMV5\udeb\EDLL.LIB(uc_dll.o)

.debug_line$$$e32cmn.h
                0x00000000       0x88
 .debug_line$$$e32cmn.h
                0x00000000       0x88 \S60\devices\S60_5th_Edition_SDK_v1.0\epoc32\release\ARMV5\udeb\EDLL.LIB(uc_dll.o)

.debug_info$$$e32cmn.h
                0x00000000     0xbc80
 .debug_info$$$e32cmn.h
                0x00000000     0xbc80 \S60\devices\S60_5th_Edition_SDK_v1.0\epoc32\release\ARMV5\udeb\EDLL.LIB(uc_dll.o)

.debug_macinfo$$$e32cmn.h
                0x00000000     0x16a0
 .debug_macinfo$$$e32cmn.h
                0x00000000     0x16a0 \S60\devices\S60_5th_Edition_SDK_v1.0\epoc32\release\ARMV5\udeb\EDLL.LIB(uc_dll.o)

.debug_line$$$e32std.inl
                0x00000000       0x50
 .debug_line$$$e32std.inl
                0x00000000       0x50 \S60\devices\S60_5th_Edition_SDK_v1.0\epoc32\release\ARMV5\udeb\EDLL.LIB(uc_dll.o)

.debug_info$$$e32std.inl
                0x00000000       0x74
 .debug_info$$$e32std.inl
                0x00000000       0x74 \S60\devices\S60_5th_Edition_SDK_v1.0\epoc32\release\ARMV5\udeb\EDLL.LIB(uc_dll.o)

.debug_macinfo$$$e32std.inl
                0x00000000        0x8
 .debug_macinfo$$$e32std.inl
                0x00000000        0x8 \S60\devices\S60_5th_Edition_SDK_v1.0\epoc32\release\ARMV5\udeb\EDLL.LIB(uc_dll.o)

.debug_line$$$e32std.h
                0x00000000       0x68
 .debug_line$$$e32std.h
                0x00000000       0x68 \S60\devices\S60_5th_Edition_SDK_v1.0\epoc32\release\ARMV5\udeb\EDLL.LIB(uc_dll.o)

.debug_info$$$e32std.h
                0x00000000    0x12094
 .debug_info$$$e32std.h
                0x00000000    0x12094 \S60\devices\S60_5th_Edition_SDK_v1.0\epoc32\release\ARMV5\udeb\EDLL.LIB(uc_dll.o)

.debug_macinfo$$$e32std.h
                0x00000000      0x1f0
 .debug_macinfo$$$e32std.h
                0x00000000      0x1f0 \S60\devices\S60_5th_Edition_SDK_v1.0\epoc32\release\ARMV5\udeb\EDLL.LIB(uc_dll.o)

.debug_line$$$e32hal.h
                0x00000000       0x68
 .debug_line$$$e32hal.h
                0x00000000       0x68 \S60\devices\S60_5th_Edition_SDK_v1.0\epoc32\release\ARMV5\udeb\EDLL.LIB(uc_dll.o)

.debug_info$$$e32hal.h
                0x00000000     0x1214
 .debug_info$$$e32hal.h
                0x00000000     0x1214 \S60\devices\S60_5th_Edition_SDK_v1.0\epoc32\release\ARMV5\udeb\EDLL.LIB(uc_dll.o)

.debug_macinfo$$$e32hal.h
                0x00000000       0x20
 .debug_macinfo$$$e32hal.h
                0x00000000       0x20 \S60\devices\S60_5th_Edition_SDK_v1.0\epoc32\release\ARMV5\udeb\EDLL.LIB(uc_dll.o)

.debug_line$$$e32lmsg.h
                0x00000000       0x5c
 .debug_line$$$e32lmsg.h
                0x00000000       0x5c \S60\devices\S60_5th_Edition_SDK_v1.0\epoc32\release\ARMV5\udeb\EDLL.LIB(uc_dll.o)

.debug_info$$$e32lmsg.h
                0x00000000      0x474
 .debug_info$$$e32lmsg.h
                0x00000000      0x474 \S60\devices\S60_5th_Edition_SDK_v1.0\epoc32\release\ARMV5\udeb\EDLL.LIB(uc_dll.o)

.debug_macinfo$$$e32lmsg.h
                0x00000000       0x1c
 .debug_macinfo$$$e32lmsg.h
                0x00000000       0x1c \S60\devices\S60_5th_Edition_SDK_v1.0\epoc32\release\ARMV5\udeb\EDLL.LIB(uc_dll.o)

.debug_line$$$e32event.h
                0x00000000       0x5c
 .debug_line$$$e32event.h
                0x00000000       0x5c \S60\devices\S60_5th_Edition_SDK_v1.0\epoc32\release\ARMV5\udeb\EDLL.LIB(uc_dll.o)

.debug_info$$$e32event.h
                0x00000000      0x8dc
 .debug_info$$$e32event.h
                0x00000000      0x8dc \S60\devices\S60_5th_Edition_SDK_v1.0\epoc32\release\ARMV5\udeb\EDLL.LIB(uc_dll.o)

.debug_macinfo$$$e32event.h
                0x00000000       0x1c
 .debug_macinfo$$$e32event.h
                0x00000000       0x1c \S60\devices\S60_5th_Edition_SDK_v1.0\epoc32\release\ARMV5\udeb\EDLL.LIB(uc_dll.o)

.debug_line$$$e32ldr.h
                0x00000000       0x68
 .debug_line$$$e32ldr.h
                0x00000000       0x68 \S60\devices\S60_5th_Edition_SDK_v1.0\epoc32\release\ARMV5\udeb\EDLL.LIB(uc_dll.o)

.debug_info$$$e32ldr.h
                0x00000000     0x1758
 .debug_info$$$e32ldr.h
                0x00000000     0x1758 \S60\devices\S60_5th_Edition_SDK_v1.0\epoc32\release\ARMV5\udeb\EDLL.LIB(uc_dll.o)

.debug_macinfo$$$e32ldr.h
                0x00000000       0x20
 .debug_macinfo$$$e32ldr.h
                0x00000000       0x20 \S60\devices\S60_5th_Edition_SDK_v1.0\epoc32\release\ARMV5\udeb\EDLL.LIB(uc_dll.o)

.debug_line$$$e32power.h
                0x00000000       0x5c
 .debug_line$$$e32power.h
                0x00000000       0x5c \S60\devices\S60_5th_Edition_SDK_v1.0\epoc32\release\ARMV5\udeb\EDLL.LIB(uc_dll.o)

.debug_info$$$e32power.h
                0x00000000      0x1b4
 .debug_info$$$e32power.h
                0x00000000      0x1b4 \S60\devices\S60_5th_Edition_SDK_v1.0\epoc32\release\ARMV5\udeb\EDLL.LIB(uc_dll.o)

.debug_macinfo$$$e32power.h
                0x00000000       0x1c
 .debug_macinfo$$$e32power.h
                0x00000000       0x1c \S60\devices\S60_5th_Edition_SDK_v1.0\epoc32\release\ARMV5\udeb\EDLL.LIB(uc_dll.o)

.debug_line$$$e32property.h
                0x00000000       0x60
 .debug_line$$$e32property.h
                0x00000000       0x60 \S60\devices\S60_5th_Edition_SDK_v1.0\epoc32\release\ARMV5\udeb\EDLL.LIB(uc_dll.o)

.debug_info$$$e32property.h
                0x00000000      0x500
 .debug_info$$$e32property.h
                0x00000000      0x500 \S60\devices\S60_5th_Edition_SDK_v1.0\epoc32\release\ARMV5\udeb\EDLL.LIB(uc_dll.o)

.debug_macinfo$$$e32property.h
                0x00000000       0x20
 .debug_macinfo$$$e32property.h
                0x00000000       0x20 \S60\devices\S60_5th_Edition_SDK_v1.0\epoc32\release\ARMV5\udeb\EDLL.LIB(uc_dll.o)

.debug_line$$$u32property.h
                0x00000000       0x60
 .debug_line$$$u32property.h
                0x00000000       0x60 \S60\devices\S60_5th_Edition_SDK_v1.0\epoc32\release\ARMV5\udeb\EDLL.LIB(uc_dll.o)

.debug_info$$$u32property.h
                0x00000000      0x150
 .debug_info$$$u32property.h
                0x00000000      0x150 \S60\devices\S60_5th_Edition_SDK_v1.0\epoc32\release\ARMV5\udeb\EDLL.LIB(uc_dll.o)

.debug_macinfo$$$u32property.h
                0x00000000       0x20
 .debug_macinfo$$$u32property.h
                0x00000000       0x20 \S60\devices\S60_5th_Edition_SDK_v1.0\epoc32\release\ARMV5\udeb\EDLL.LIB(uc_dll.o)

.debug_line$$$u32hal.h
                0x00000000       0x5c
 .debug_line$$$u32hal.h
                0x00000000       0x5c \S60\devices\S60_5th_Edition_SDK_v1.0\epoc32\release\ARMV5\udeb\EDLL.LIB(uc_dll.o)

.debug_info$$$u32hal.h
                0x00000000     0x2378
 .debug_info$$$u32hal.h
                0x00000000     0x2378 \S60\devices\S60_5th_Edition_SDK_v1.0\epoc32\release\ARMV5\udeb\EDLL.LIB(uc_dll.o)

.debug_macinfo$$$u32hal.h
                0x00000000       0x1c
 .debug_macinfo$$$u32hal.h
                0x00000000       0x1c \S60\devices\S60_5th_Edition_SDK_v1.0\epoc32\release\ARMV5\udeb\EDLL.LIB(uc_dll.o)

.debug_line$$$cpudefs.h
                0x00000000       0x50
 .debug_line$$$cpudefs.h
                0x00000000       0x50 \S60\devices\S60_5th_Edition_SDK_v1.0\epoc32\release\ARMV5\udeb\EDLL.LIB(uc_dll.o)

.debug_info$$$cpudefs.h
                0x00000000       0x74
 .debug_info$$$cpudefs.h
                0x00000000       0x74 \S60\devices\S60_5th_Edition_SDK_v1.0\epoc32\release\ARMV5\udeb\EDLL.LIB(uc_dll.o)

.debug_macinfo$$$cpudefs.h
                0x00000000      0x570
 .debug_macinfo$$$cpudefs.h
                0x00000000      0x570 \S60\devices\S60_5th_Edition_SDK_v1.0\epoc32\release\ARMV5\udeb\EDLL.LIB(uc_dll.o)

.debug_line$$$u32std.h
                0x00000000       0xd8
 .debug_line$$$u32std.h
                0x00000000       0xd8 \S60\devices\S60_5th_Edition_SDK_v1.0\epoc32\release\ARMV5\udeb\EDLL.LIB(uc_dll.o)

.debug_info$$$u32std.h
                0x00000000     0x3220
 .debug_info$$$u32std.h
                0x00000000     0x3220 \S60\devices\S60_5th_Edition_SDK_v1.0\epoc32\release\ARMV5\udeb\EDLL.LIB(uc_dll.o)

.debug_macinfo$$$u32std.h
                0x00000000      0x110
 .debug_macinfo$$$u32std.h
                0x00000000      0x110 \S60\devices\S60_5th_Edition_SDK_v1.0\epoc32\release\ARMV5\udeb\EDLL.LIB(uc_dll.o)

.debug_line$$$uc_dll.cpp
                0x00000000      0x104
 .debug_line$$$uc_dll.cpp
                0x00000000       0xac \S60\devices\S60_5th_Edition_SDK_v1.0\epoc32\release\ARMV5\udeb\EDLL.LIB(uc_dll.o)
 .debug_line$$$uc_dll.cpp
                0x000000ac       0x58 \S60\devices\S60_5th_Edition_SDK_v1.0\epoc32\release\ARMV5\udeb\EDLL.LIB(uc_dll.o)

.debug_info$$$uc_dll.cpp
                0x00000000      0x3e8
 .debug_info$$$uc_dll.cpp
                0x00000000      0x348 \S60\devices\S60_5th_Edition_SDK_v1.0\epoc32\release\ARMV5\udeb\EDLL.LIB(uc_dll.o)
 .debug_info$$$uc_dll.cpp
                0x00000348       0xa0 \S60\devices\S60_5th_Edition_SDK_v1.0\epoc32\release\ARMV5\udeb\EDLL.LIB(uc_dll.o)

.debug_macinfo$$$uc_dll.cpp
                0x00000000      0x46c
 .debug_macinfo$$$uc_dll.cpp
                0x00000000       0x10 \S60\devices\S60_5th_Edition_SDK_v1.0\epoc32\release\ARMV5\udeb\EDLL.LIB(uc_dll.o)
 .debug_macinfo$$$uc_dll.cpp
                0x00000010      0x45c \S60\devices\S60_5th_Edition_SDK_v1.0\epoc32\release\ARMV5\udeb\EDLL.LIB(uc_dll.o)

.debug_line$$$.text
                0x00000000       0xec
 .debug_line$$$.text
                0x00000000       0x84 \S60\devices\S60_5th_Edition_SDK_v1.0\epoc32\release\ARMV5\udeb\EDLL.LIB(uc_dll.o)
 .debug_line$$$.text
                0x00000084       0x68 \S60\devices\S60_5th_Edition_SDK_v1.0\epoc32\release\ARMV5\udeb\usrt2_2.lib(dllexp.o)

.debug_info$$$.text
                0x00000000      0x1f8
 .debug_info$$$.text
                0x00000000      0x120 \S60\devices\S60_5th_Edition_SDK_v1.0\epoc32\release\ARMV5\udeb\EDLL.LIB(uc_dll.o)
 .debug_info$$$.text
                0x00000120       0xd8 \S60\devices\S60_5th_Edition_SDK_v1.0\epoc32\release\ARMV5\udeb\usrt2_2.lib(dllexp.o)

.debug_pubnames$$$.text
                0x00000000       0x50
 .debug_pubnames$$$.text
                0x00000000       0x24 \S60\devices\S60_5th_Edition_SDK_v1.0\epoc32\release\ARMV5\udeb\EDLL.LIB(uc_dll.o)
 .debug_pubnames$$$.text
                0x00000024       0x2c \S60\devices\S60_5th_Edition_SDK_v1.0\epoc32\release\ARMV5\udeb\usrt2_2.lib(dllexp.o)

.debug_loc$$$.text
                0x00000000       0x64
 .debug_loc$$$.text
                0x00000000       0x64 \S60\devices\S60_5th_Edition_SDK_v1.0\epoc32\release\ARMV5\udeb\EDLL.LIB(uc_dll.o)

.debug_frame$$$.text
                0x00000000       0x8c
 .debug_frame$$$.text
                0x00000000       0x50 \S60\devices\S60_5th_Edition_SDK_v1.0\epoc32\release\ARMV5\udeb\EDLL.LIB(uc_dll.o)
 .debug_frame$$$.text
                0x00000050       0x3c \S60\devices\S60_5th_Edition_SDK_v1.0\epoc32\release\ARMV5\udeb\usrt2_2.lib(dllexp.o)

.debug_line$$$ucppinit_aeabi.cpp
                0x00000000       0xe8
 .debug_line$$$ucppinit_aeabi.cpp
                0x00000000       0x60 \S60\devices\S60_5th_Edition_SDK_v1.0\epoc32\release\ARMV5\udeb\usrt2_2.lib(ucppinit_aeabi.o)
 .debug_line$$$ucppinit_aeabi.cpp
                0x00000060       0x88 \S60\devices\S60_5th_Edition_SDK_v1.0\epoc32\release\ARMV5\udeb\usrt2_2.lib(ucppinit_aeabi.o)

.debug_info$$$ucppinit_aeabi.cpp
                0x00000000      0x130
 .debug_info$$$ucppinit_aeabi.cpp
                0x00000000       0xac \S60\devices\S60_5th_Edition_SDK_v1.0\epoc32\release\ARMV5\udeb\usrt2_2.lib(ucppinit_aeabi.o)
 .debug_info$$$ucppinit_aeabi.cpp
                0x000000ac       0x84 \S60\devices\S60_5th_Edition_SDK_v1.0\epoc32\release\ARMV5\udeb\usrt2_2.lib(ucppinit_aeabi.o)

.debug_macinfo$$$ucppinit_aeabi.cpp
                0x00000000      0x460
 .debug_macinfo$$$ucppinit_aeabi.cpp
                0x00000000      0x454 \S60\devices\S60_5th_Edition_SDK_v1.0\epoc32\release\ARMV5\udeb\usrt2_2.lib(ucppinit_aeabi.o)
 .debug_macinfo$$$ucppinit_aeabi.cpp
                0x00000454        0xc \S60\devices\S60_5th_Edition_SDK_v1.0\epoc32\release\ARMV5\udeb\usrt2_2.lib(ucppinit_aeabi.o)

.arm_vfe_header
                0x00000000        0x8
 .arm_vfe_header
                0x00000000        0x4 \S60\devices\S60_5th_Edition_SDK_v1.0\epoc32\release\ARMV5\udeb\usrt2_2.lib(ucppinit_aeabi.o)
 .arm_vfe_header
                0x00000004        0x4 \S60\devices\S60_5th_Edition_SDK_v1.0\epoc32\release\ARMV5\udeb\usrt2_2.lib(dllexp.o)

.debug_line$$$dllexp.cpp
                0x00000000       0xd8
 .debug_line$$$dllexp.cpp
                0x00000000       0x80 \S60\devices\S60_5th_Edition_SDK_v1.0\epoc32\release\ARMV5\udeb\usrt2_2.lib(dllexp.o)
 .debug_line$$$dllexp.cpp
                0x00000080       0x58 \S60\devices\S60_5th_Edition_SDK_v1.0\epoc32\release\ARMV5\udeb\usrt2_2.lib(dllexp.o)

.debug_info$$$dllexp.cpp
                0x00000000      0x120
 .debug_info$$$dllexp.cpp
                0x00000000       0x7c \S60\devices\S60_5th_Edition_SDK_v1.0\epoc32\release\ARMV5\udeb\usrt2_2.lib(dllexp.o)
 .debug_info$$$dllexp.cpp
                0x0000007c       0xa4 \S60\devices\S60_5th_Edition_SDK_v1.0\epoc32\release\ARMV5\udeb\usrt2_2.lib(dllexp.o)

.debug_macinfo$$$dllexp.cpp
                0x00000000      0x460
 .debug_macinfo$$$dllexp.cpp
                0x00000000        0xc \S60\devices\S60_5th_Edition_SDK_v1.0\epoc32\release\ARMV5\udeb\usrt2_2.lib(dllexp.o)
 .debug_macinfo$$$dllexp.cpp
                0x0000000c      0x454 \S60\devices\S60_5th_Edition_SDK_v1.0\epoc32\release\ARMV5\udeb\usrt2_2.lib(dllexp.o)

.debug_ranges   0x00000000      0x158
 .debug_ranges  0x00000000      0x138 C:/Program Files/CSL Arm Toolchain/bin/../lib/gcc/arm-none-symbianelf/3.4.3/../../../../arm-none-symbianelf/lib\libsupc++.a(eh_personality.o)
 .debug_ranges  0x00000138       0x20 C:/Program Files/CSL Arm Toolchain/bin/../lib/gcc/arm-none-symbianelf/3.4.3/\libgcc.a(pr-support.o)
