Archive member included because of file (symbol)

\S60\devices\S60_5th_Edition_SDK_v1.0\epoc32\release\ARMV5\urel\EDLL.LIB(uc_dll_.o)
                              (_E32Dll)
\S60\devices\S60_5th_Edition_SDK_v1.0\epoc32\release\ARMV5\urel\EDLL.LIB(uc_dll.o)
                              \S60\devices\S60_5th_Edition_SDK_v1.0\epoc32\release\ARMV5\urel\EDLL.LIB(uc_dll_.o) (_E32Dll_Body)
\S60\devices\S60_5th_Edition_SDK_v1.0\epoc32\release\ARMV5\urel\usrt2_2.lib(ucppinit_aeabi.o)
                              \S60\devices\S60_5th_Edition_SDK_v1.0\epoc32\release\ARMV5\urel\EDLL.LIB(uc_dll.o) (__cpp_initialize__aeabi_)
\S60\devices\S60_5th_Edition_SDK_v1.0\epoc32\release\ARMV5\urel\usrt2_2.lib(dllexp.o)
                              \S60\devices\S60_5th_Edition_SDK_v1.0\epoc32\release\ARMV5\urel\EDLL.LIB(uc_dll.o) (__DLL_Export_Table__)
C:/Program Files/CSL Arm Toolchain/bin/../lib/gcc/arm-none-symbianelf/3.4.3/../../../../arm-none-symbianelf/lib\libsupc++.a(eh_personality.o)
                              \S60\devices\S60_5th_Edition_SDK_v1.0\EPOC32\BUILD\Carbide\NewLibVersion\QBluetooth_selfsigned\QBLUETOOTH_DLL\GCCE\urel\moc_QBtSerialPortServer.o (__gxx_personality_v0)
C:/Program Files/CSL Arm Toolchain/bin/../lib/gcc/arm-none-symbianelf/3.4.3/\libgcc.a(pr-support.o)
                              C:/Program Files/CSL Arm Toolchain/bin/../lib/gcc/arm-none-symbianelf/3.4.3/../../../../arm-none-symbianelf/lib\libsupc++.a(eh_personality.o) (__gnu_unwind_frame)

Memory Configuration

Name             Origin             Length             Attributes
*default*        0x00000000         0xffffffff

Linker script and memory map

Address of section .text set to 0x8000
Address of section .data set to 0x400000
LOAD \S60\devices\S60_5th_Edition_SDK_v1.0\epoc32\release\ARMV5\urel\EDLL.LIB
LOAD \S60\devices\S60_5th_Edition_SDK_v1.0\EPOC32\BUILD\Carbide\NewLibVersion\QBluetooth_selfsigned\QBLUETOOTH_DLL\GCCE\urel\moc_QBtDeviceDiscoverer.o
LOAD \S60\devices\S60_5th_Edition_SDK_v1.0\EPOC32\BUILD\Carbide\NewLibVersion\QBluetooth_selfsigned\QBLUETOOTH_DLL\GCCE\urel\moc_QBtSingleDeviceSelectorUI.o
LOAD \S60\devices\S60_5th_Edition_SDK_v1.0\EPOC32\BUILD\Carbide\NewLibVersion\QBluetooth_selfsigned\QBLUETOOTH_DLL\GCCE\urel\moc_QBtServiceDiscoverer.o
LOAD \S60\devices\S60_5th_Edition_SDK_v1.0\EPOC32\BUILD\Carbide\NewLibVersion\QBluetooth_selfsigned\QBLUETOOTH_DLL\GCCE\urel\moc_QBtServiceDiscovererForAll.o
LOAD \S60\devices\S60_5th_Edition_SDK_v1.0\EPOC32\BUILD\Carbide\NewLibVersion\QBluetooth_selfsigned\QBLUETOOTH_DLL\GCCE\urel\moc_QBtServiceAdvertiser.o
LOAD \S60\devices\S60_5th_Edition_SDK_v1.0\EPOC32\BUILD\Carbide\NewLibVersion\QBluetooth_selfsigned\QBLUETOOTH_DLL\GCCE\urel\moc_QBtSerialPortServer.o
LOAD \S60\devices\S60_5th_Edition_SDK_v1.0\EPOC32\BUILD\Carbide\NewLibVersion\QBluetooth_selfsigned\QBLUETOOTH_DLL\GCCE\urel\moc_QBtSerialPortClient.o
LOAD \S60\devices\S60_5th_Edition_SDK_v1.0\EPOC32\BUILD\Carbide\NewLibVersion\QBluetooth_selfsigned\QBLUETOOTH_DLL\GCCE\urel\moc_QBtObjectExchangeClient.o
LOAD \S60\devices\S60_5th_Edition_SDK_v1.0\EPOC32\BUILD\Carbide\NewLibVersion\QBluetooth_selfsigned\QBLUETOOTH_DLL\GCCE\urel\moc_QBtLocalDevice.o
LOAD \S60\devices\S60_5th_Edition_SDK_v1.0\EPOC32\BUILD\Carbide\NewLibVersion\QBluetooth_selfsigned\QBLUETOOTH_DLL\GCCE\urel\moc_QBtObjectExchangeServer.o
LOAD \S60\devices\S60_5th_Edition_SDK_v1.0\EPOC32\BUILD\Carbide\NewLibVersion\QBluetooth_selfsigned\QBLUETOOTH_DLL\GCCE\urel\QBtService.o
LOAD \S60\devices\S60_5th_Edition_SDK_v1.0\EPOC32\BUILD\Carbide\NewLibVersion\QBluetooth_selfsigned\QBLUETOOTH_DLL\GCCE\urel\QBtAddress.o
LOAD \S60\devices\S60_5th_Edition_SDK_v1.0\EPOC32\BUILD\Carbide\NewLibVersion\QBluetooth_selfsigned\QBLUETOOTH_DLL\GCCE\urel\QBtDevice.o
LOAD \S60\devices\S60_5th_Edition_SDK_v1.0\EPOC32\BUILD\Carbide\NewLibVersion\QBluetooth_selfsigned\QBLUETOOTH_DLL\GCCE\urel\QBtUuid.o
LOAD \S60\devices\S60_5th_Edition_SDK_v1.0\EPOC32\BUILD\Carbide\NewLibVersion\QBluetooth_selfsigned\QBLUETOOTH_DLL\GCCE\urel\QBtObjectExchangeClient.o
LOAD \S60\devices\S60_5th_Edition_SDK_v1.0\EPOC32\BUILD\Carbide\NewLibVersion\QBluetooth_selfsigned\QBLUETOOTH_DLL\GCCE\urel\QBtObjectExchangeClient_symbian.o
LOAD \S60\devices\S60_5th_Edition_SDK_v1.0\EPOC32\BUILD\Carbide\NewLibVersion\QBluetooth_selfsigned\QBLUETOOTH_DLL\GCCE\urel\QBtObjectExchangeServer.o
LOAD \S60\devices\S60_5th_Edition_SDK_v1.0\EPOC32\BUILD\Carbide\NewLibVersion\QBluetooth_selfsigned\QBLUETOOTH_DLL\GCCE\urel\QBtObjectExchangeServer_symbian.o
LOAD \S60\devices\S60_5th_Edition_SDK_v1.0\EPOC32\BUILD\Carbide\NewLibVersion\QBluetooth_selfsigned\QBLUETOOTH_DLL\GCCE\urel\QBtSerialPortClient.o
LOAD \S60\devices\S60_5th_Edition_SDK_v1.0\EPOC32\BUILD\Carbide\NewLibVersion\QBluetooth_selfsigned\QBLUETOOTH_DLL\GCCE\urel\QBtSerialPortClient_symbian.o
LOAD \S60\devices\S60_5th_Edition_SDK_v1.0\EPOC32\BUILD\Carbide\NewLibVersion\QBluetooth_selfsigned\QBLUETOOTH_DLL\GCCE\urel\QBtSerialPortServer.o
LOAD \S60\devices\S60_5th_Edition_SDK_v1.0\EPOC32\BUILD\Carbide\NewLibVersion\QBluetooth_selfsigned\QBLUETOOTH_DLL\GCCE\urel\QBtSerialPortServer_symbian.o
LOAD \S60\devices\S60_5th_Edition_SDK_v1.0\EPOC32\BUILD\Carbide\NewLibVersion\QBluetooth_selfsigned\QBLUETOOTH_DLL\GCCE\urel\QBtSingleDeviceSelectorUI.o
LOAD \S60\devices\S60_5th_Edition_SDK_v1.0\EPOC32\BUILD\Carbide\NewLibVersion\QBluetooth_selfsigned\QBLUETOOTH_DLL\GCCE\urel\QBtDeviceDiscoverer.o
LOAD \S60\devices\S60_5th_Edition_SDK_v1.0\EPOC32\BUILD\Carbide\NewLibVersion\QBluetooth_selfsigned\QBLUETOOTH_DLL\GCCE\urel\QBtDeviceDiscoverer_symbian.o
LOAD \S60\devices\S60_5th_Edition_SDK_v1.0\EPOC32\BUILD\Carbide\NewLibVersion\QBluetooth_selfsigned\QBLUETOOTH_DLL\GCCE\urel\QBtSingleDeviceSelectorUI_symbian.o
LOAD \S60\devices\S60_5th_Edition_SDK_v1.0\EPOC32\BUILD\Carbide\NewLibVersion\QBluetooth_selfsigned\QBLUETOOTH_DLL\GCCE\urel\BtDeviceFinderDlg_symbian.o
LOAD \S60\devices\S60_5th_Edition_SDK_v1.0\EPOC32\BUILD\Carbide\NewLibVersion\QBluetooth_selfsigned\QBLUETOOTH_DLL\GCCE\urel\QBtLocalDevice.o
LOAD \S60\devices\S60_5th_Edition_SDK_v1.0\EPOC32\BUILD\Carbide\NewLibVersion\QBluetooth_selfsigned\QBLUETOOTH_DLL\GCCE\urel\QBtLocalDevice_symbian.o
LOAD \S60\devices\S60_5th_Edition_SDK_v1.0\EPOC32\BUILD\Carbide\NewLibVersion\QBluetooth_selfsigned\QBLUETOOTH_DLL\GCCE\urel\QBtServiceAdvertiser.o
LOAD \S60\devices\S60_5th_Edition_SDK_v1.0\EPOC32\BUILD\Carbide\NewLibVersion\QBluetooth_selfsigned\QBLUETOOTH_DLL\GCCE\urel\QBtServiceAdvertiser_symbian.o
LOAD \S60\devices\S60_5th_Edition_SDK_v1.0\EPOC32\BUILD\Carbide\NewLibVersion\QBluetooth_selfsigned\QBLUETOOTH_DLL\GCCE\urel\QBtServiceDiscoverer.o
LOAD \S60\devices\S60_5th_Edition_SDK_v1.0\EPOC32\BUILD\Carbide\NewLibVersion\QBluetooth_selfsigned\QBLUETOOTH_DLL\GCCE\urel\QBtServiceDiscovererForAll.o
LOAD \S60\devices\S60_5th_Edition_SDK_v1.0\EPOC32\BUILD\Carbide\NewLibVersion\QBluetooth_selfsigned\QBLUETOOTH_DLL\GCCE\urel\QBtServiceDiscoverer_symbian.o
LOAD \S60\devices\S60_5th_Edition_SDK_v1.0\epoc32\release\ARMV5\urel\EDLLSTUB.lib
START GROUP
LOAD \S60\devices\S60_5th_Edition_SDK_v1.0\epoc32\release\ARMV5\urel\usrt2_2.lib
END GROUP
LOAD \S60\devices\S60_5th_Edition_SDK_v1.0\epoc32\release\armv5\LIB\bluetooth.dso
LOAD \S60\devices\S60_5th_Edition_SDK_v1.0\epoc32\release\armv5\LIB\btextnotifiers.dso
LOAD \S60\devices\S60_5th_Edition_SDK_v1.0\epoc32\release\armv5\LIB\sdpdatabase.dso
LOAD \S60\devices\S60_5th_Edition_SDK_v1.0\epoc32\release\armv5\LIB\sdpagent.dso
LOAD \S60\devices\S60_5th_Edition_SDK_v1.0\epoc32\release\armv5\LIB\irobex.dso
LOAD \S60\devices\S60_5th_Edition_SDK_v1.0\epoc32\release\armv5\LIB\efsrv.dso
LOAD \S60\devices\S60_5th_Edition_SDK_v1.0\epoc32\release\armv5\LIB\featdiscovery.dso
LOAD \S60\devices\S60_5th_Edition_SDK_v1.0\epoc32\release\armv5\LIB\centralrepository.dso
LOAD \S60\devices\S60_5th_Edition_SDK_v1.0\epoc32\release\armv5\LIB\bafl.dso
LOAD \S60\devices\S60_5th_Edition_SDK_v1.0\epoc32\release\armv5\LIB\eikcore.dso
LOAD \S60\devices\S60_5th_Edition_SDK_v1.0\epoc32\release\armv5\LIB\cone.dso
LOAD \S60\devices\S60_5th_Edition_SDK_v1.0\epoc32\release\armv5\LIB\btdevice.dso
LOAD \S60\devices\S60_5th_Edition_SDK_v1.0\epoc32\release\armv5\LIB\btmanclient.dso
LOAD \S60\devices\S60_5th_Edition_SDK_v1.0\epoc32\release\armv5\LIB\esock.dso
LOAD \S60\devices\S60_5th_Edition_SDK_v1.0\epoc32\release\armv5\LIB\btengsettings.dso
LOAD \S60\devices\S60_5th_Edition_SDK_v1.0\epoc32\release\armv5\LIB\libstdcpp.dso
LOAD \S60\devices\S60_5th_Edition_SDK_v1.0\epoc32\release\armv5\LIB\QtGui.dso
LOAD \S60\devices\S60_5th_Edition_SDK_v1.0\epoc32\release\armv5\LIB\QtCore.dso
LOAD \S60\devices\S60_5th_Edition_SDK_v1.0\epoc32\release\armv5\LIB\libpthread.dso
LOAD \S60\devices\S60_5th_Edition_SDK_v1.0\epoc32\release\armv5\LIB\libc.dso
LOAD \S60\devices\S60_5th_Edition_SDK_v1.0\epoc32\release\armv5\LIB\libm.dso
LOAD \S60\devices\S60_5th_Edition_SDK_v1.0\epoc32\release\armv5\LIB\euser.dso
LOAD \S60\devices\S60_5th_Edition_SDK_v1.0\epoc32\release\armv5\LIB\libdl.dso
LOAD \S60\devices\S60_5th_Edition_SDK_v1.0\epoc32\release\armv5\LIB\dfpaeabi.dso
LOAD \S60\devices\S60_5th_Edition_SDK_v1.0\epoc32\release\armv5\LIB\dfprvct2_2.dso
LOAD \S60\devices\S60_5th_Edition_SDK_v1.0\epoc32\release\armv5\LIB\drtaeabi.dso
LOAD \S60\devices\S60_5th_Edition_SDK_v1.0\epoc32\release\armv5\LIB\scppnwdl.dso
LOAD \S60\devices\S60_5th_Edition_SDK_v1.0\epoc32\release\armv5\LIB\drtrvct2_2.dso
LOAD C:/Program Files/CSL Arm Toolchain/bin/../lib/gcc/arm-none-symbianelf/3.4.3/../../../../arm-none-symbianelf/lib\libsupc++.a
LOAD C:/Program Files/CSL Arm Toolchain/bin/../lib/gcc/arm-none-symbianelf/3.4.3/\libgcc.a
                0x00008000                . = 0x8000
                0x00008000                PROVIDE (Image$$ER_RO$$Base, .)

.init
 *(.init)

.text           0x00008000     0xe738
 *(.text .stub .text.* .gnu.linkonce.t.*)
 .text          0x00008000       0x28 \S60\devices\S60_5th_Edition_SDK_v1.0\epoc32\release\ARMV5\urel\EDLL.LIB(uc_dll.o)
                0x00008000                _E32Dll_Body
 .text          0x00008028      0x124 \S60\devices\S60_5th_Edition_SDK_v1.0\EPOC32\BUILD\Carbide\NewLibVersion\QBluetooth_selfsigned\QBLUETOOTH_DLL\GCCE\urel\moc_QBtDeviceDiscoverer.o
                0x00008030                QBtDeviceDiscoverer::metaObject() const
                0x000080e0                QBtDeviceDiscoverer::newDeviceFound(QBtDevice const&)
                0x00008044                QBtDeviceDiscoverer::qt_metacast(char const*)
                0x00008028                QBtDeviceDiscoverer::getStaticMetaObject()
                0x00008074                QBtDeviceDiscoverer::qt_metacall(QMetaObject::Call, int, void**)
                0x0000812c                QBtDeviceDiscoverer::error(QBtDeviceDiscoverer::DeviceDiscoveryErrors)
                0x000080fc                QBtDeviceDiscoverer::discoveryStopped()
                0x00008114                QBtDeviceDiscoverer::discoveryStarted()
 .text          0x0000814c       0xf4 \S60\devices\S60_5th_Edition_SDK_v1.0\EPOC32\BUILD\Carbide\NewLibVersion\QBluetooth_selfsigned\QBLUETOOTH_DLL\GCCE\urel\moc_QBtSingleDeviceSelectorUI.o
                0x00008168                QBtSingleDeviceSelectorUI::qt_metacast(char const*)
                0x000081f4                QBtSingleDeviceSelectorUI::discoveryCompleted(QBtDevice const&)
                0x00008198                QBtSingleDeviceSelectorUI::qt_metacall(QMetaObject::Call, int, void**)
                0x00008228                QBtSingleDeviceSelectorUI::userCanceled()
                0x00008210                QBtSingleDeviceSelectorUI::discoveryStarted()
                0x00008154                QBtSingleDeviceSelectorUI::metaObject() const
                0x0000814c                QBtSingleDeviceSelectorUI::getStaticMetaObject()
 .text          0x00008240      0x160 \S60\devices\S60_5th_Edition_SDK_v1.0\EPOC32\BUILD\Carbide\NewLibVersion\QBluetooth_selfsigned\QBLUETOOTH_DLL\GCCE\urel\moc_QBtServiceDiscoverer.o
                0x00008348                QBtServiceDiscoverer::discoveryStopped()
                0x00008380                QBtServiceDiscoverer::error(QBtServiceDiscoverer::ServiceDiscoveryError)
                0x0000828c                QBtServiceDiscoverer::qt_metacall(QMetaObject::Call, int, void**)
                0x00008330                QBtServiceDiscoverer::discoveryStarted()
                0x00008240                QBtServiceDiscoverer::getStaticMetaObject()
                0x00008360                QBtServiceDiscoverer::newServiceFound(QBtDevice const&, QBtService const&)
                0x0000825c                QBtServiceDiscoverer::qt_metacast(char const*)
                0x00008248                QBtServiceDiscoverer::metaObject() const
 .text          0x000083a0      0x1e4 \S60\devices\S60_5th_Edition_SDK_v1.0\EPOC32\BUILD\Carbide\NewLibVersion\QBluetooth_selfsigned\QBLUETOOTH_DLL\GCCE\urel\moc_QBtServiceDiscovererForAll.o
                0x0000850c                QBtServiceDiscovererForAll::discoveryEnded()
                0x000083a0                QBtServiceDiscovererForAll::getStaticMetaObject()
                0x000083a8                QBtServiceDiscovererForAll::metaObject() const
                0x000083ec                QBtServiceDiscovererForAll::qt_metacall(QMetaObject::Call, int, void**)
                0x000084f4                QBtServiceDiscovererForAll::discoveryStarted()
                0x00008540                QBtServiceDiscovererForAll::serviceDiscoveyError(QBtDevice const&, QBtServiceDiscoverer::ServiceDiscoveryError)
                0x00008524                QBtServiceDiscovererForAll::newDeviceFound(QBtDevice const&)
                0x00008564                QBtServiceDiscovererForAll::deviceDiscoveryError(QBtDeviceDiscoverer::DeviceDiscoveryErrors)
                0x000083bc                QBtServiceDiscovererForAll::qt_metacast(char const*)
 .text          0x00008584       0xf4 \S60\devices\S60_5th_Edition_SDK_v1.0\EPOC32\BUILD\Carbide\NewLibVersion\QBluetooth_selfsigned\QBLUETOOTH_DLL\GCCE\urel\moc_QBtServiceAdvertiser.o
                0x0000858c                QBtServiceAdvertiser::metaObject() const
                0x00008658                QBtServiceAdvertiser::error(QBtServiceAdvertiser::ErrorCodes)
                0x00008584                QBtServiceAdvertiser::getStaticMetaObject()
                0x00008624                QBtServiceAdvertiser::advertisingStarted(QBtService const&)
                0x00008640                QBtServiceAdvertiser::advertisingStopped()
                0x000085d0                QBtServiceAdvertiser::qt_metacall(QMetaObject::Call, int, void**)
                0x000085a0                QBtServiceAdvertiser::qt_metacast(char const*)
 .text          0x00008678      0x1f8 \S60\devices\S60_5th_Edition_SDK_v1.0\EPOC32\BUILD\Carbide\NewLibVersion\QBluetooth_selfsigned\QBLUETOOTH_DLL\GCCE\urel\moc_QBtSerialPortServer.o
                0x00008804                QBtSerialPortServer::clientDisconnected()
                0x0000881c                QBtSerialPortServer::dataSent()
                0x000087d0                QBtSerialPortServer::serverStopped()
                0x000087b8                QBtSerialPortServer::serverStarted()
                0x000086c4                QBtSerialPortServer::qt_metacall(QMetaObject::Call, int, void**)
                0x00008694                QBtSerialPortServer::qt_metacast(char const*)
                0x00008678                QBtSerialPortServer::getStaticMetaObject()
                0x00008834                QBtSerialPortServer::dataReceived(QString const&)
                0x00008850                QBtSerialPortServer::error(QBtSerialPortServer::ErrorCode)
                0x00008680                QBtSerialPortServer::metaObject() const
                0x000087e8                QBtSerialPortServer::clientConnected(QBtAddress const&)
 .text          0x00008870      0x184 \S60\devices\S60_5th_Edition_SDK_v1.0\EPOC32\BUILD\Carbide\NewLibVersion\QBluetooth_selfsigned\QBLUETOOTH_DLL\GCCE\urel\moc_QBtSerialPortClient.o
                0x000089b8                QBtSerialPortClient::dataReceived(QString const&)
                0x00008988                QBtSerialPortClient::connectedToServer()
                0x00008958                QBtSerialPortClient::disconnectedFromServer()
                0x00008870                QBtSerialPortClient::getStaticMetaObject()
                0x00008878                QBtSerialPortClient::metaObject() const
                0x000089d4                QBtSerialPortClient::error(QBtSerialPortClient::ErrorCode)
                0x0000888c                QBtSerialPortClient::qt_metacast(char const*)
                0x00008970                QBtSerialPortClient::connectionResetByPeer()
                0x000089a0                QBtSerialPortClient::dataSent()
                0x000088bc                QBtSerialPortClient::qt_metacall(QMetaObject::Call, int, void**)
 .text          0x000089f4      0x18c \S60\devices\S60_5th_Edition_SDK_v1.0\EPOC32\BUILD\Carbide\NewLibVersion\QBluetooth_selfsigned\QBLUETOOTH_DLL\GCCE\urel\moc_QBtObjectExchangeClient.o
                0x00008b14                QBtObjectExchangeClient::objectSent()
                0x00008a10                QBtObjectExchangeClient::qt_metacast(char const*)
                0x00008ae4                QBtObjectExchangeClient::connectedToServer()
                0x000089f4                QBtObjectExchangeClient::getStaticMetaObject()
                0x00008b48                QBtObjectExchangeClient::dataReceived(QByteArray const&)
                0x00008ac4                QBtObjectExchangeClient::error(QBtObjectExchangeClient::ErrorCode)
                0x00008b64                QBtObjectExchangeClient::remotePathSet(QString const&)
                0x00008b2c                QBtObjectExchangeClient::fileReceived(QString const&)
                0x00008afc                QBtObjectExchangeClient::disconnectedFromServer()
                0x00008a40                QBtObjectExchangeClient::qt_metacall(QMetaObject::Call, int, void**)
                0x000089fc                QBtObjectExchangeClient::metaObject() const
 .text          0x00008b80       0x58 \S60\devices\S60_5th_Edition_SDK_v1.0\EPOC32\BUILD\Carbide\NewLibVersion\QBluetooth_selfsigned\QBLUETOOTH_DLL\GCCE\urel\moc_QBtLocalDevice.o
                0x00008b88                QBtLocalDevice::metaObject() const
                0x00008b80                QBtLocalDevice::getStaticMetaObject()
                0x00008bcc                QBtLocalDevice::qt_metacall(QMetaObject::Call, int, void**)
                0x00008b9c                QBtLocalDevice::qt_metacast(char const*)
 .text._ZN14QBtLocalDeviceD1Ev
                0x00008bd8       0x14 \S60\devices\S60_5th_Edition_SDK_v1.0\EPOC32\BUILD\Carbide\NewLibVersion\QBluetooth_selfsigned\QBLUETOOTH_DLL\GCCE\urel\moc_QBtLocalDevice.o
                0x00008bd8                QBtLocalDevice::~QBtLocalDevice()
 .text._ZN14QBtLocalDeviceD0Ev
                0x00008bec       0x1c \S60\devices\S60_5th_Edition_SDK_v1.0\EPOC32\BUILD\Carbide\NewLibVersion\QBluetooth_selfsigned\QBLUETOOTH_DLL\GCCE\urel\moc_QBtLocalDevice.o
                0x00008bec                QBtLocalDevice::~QBtLocalDevice()
 .text          0x00008c08      0x2ac \S60\devices\S60_5th_Edition_SDK_v1.0\EPOC32\BUILD\Carbide\NewLibVersion\QBluetooth_selfsigned\QBLUETOOTH_DLL\GCCE\urel\moc_QBtObjectExchangeServer.o
                0x00008da8                QBtObjectExchangeServer::error(QBtObjectExchangeServer::ErrorCode)
                0x00008dc8                QBtObjectExchangeServer::receivingObjectInfo(int, int)
                0x00008d90                QBtObjectExchangeServer::serverStopped()
                0x00008c24                QBtObjectExchangeServer::qt_metacast(char const*)
                0x00008e64                QBtObjectExchangeServer::transmittingStarted(QString const&)
                0x00008e24                QBtObjectExchangeServer::transmittingRejected()
                0x00008df0                QBtObjectExchangeServer::receivingStarted()
                0x00008e3c                QBtObjectExchangeServer::transmittingObjectInfo(int, int)
                0x00008c54                QBtObjectExchangeServer::qt_metacall(QMetaObject::Call, int, void**)
                0x00008d78                QBtObjectExchangeServer::serverStarted()
                0x00008c08                QBtObjectExchangeServer::getStaticMetaObject()
                0x00008e08                QBtObjectExchangeServer::receivingStopped(QString const&)
                0x00008e9c                QBtObjectExchangeServer::clientAbortedTransmittion()
                0x00008c10                QBtObjectExchangeServer::metaObject() const
                0x00008e80                QBtObjectExchangeServer::transmittingStopped(QString const&)
 .text          0x00008eb4      0x274 \S60\devices\S60_5th_Edition_SDK_v1.0\EPOC32\BUILD\Carbide\NewLibVersion\QBluetooth_selfsigned\QBLUETOOTH_DLL\GCCE\urel\QBtService.o
                0x0000903c                QBtService::getClass() const
                0x000090f4                QBtService::addProtocol(QBtUuid const&)
                0x0000905c                QBtService::getDescription() const
                0x0000906c                QBtService::getPort() const
                0x000090a8                QBtService::setProtocols(QList<QBtUuid> const&)
                0x000090a0                QBtService::setPort(unsigned int)
                0x00009070                QBtService::getHandle() const
                0x00008f68                QBtService::QBtService()
                0x0000904c                QBtService::getName() const
                0x00008eb4                QBtService::QBtService()
                0x00009080                QBtService::setName(QString const&)
                0x00009090                QBtService::setDescription(QString const&)
                0x00009074                QBtService::setClass(QBtUuid const&)
                0x000090a4                QBtService::setHandle(unsigned int)
                0x0000901c                QBtService::getProtocols() const
                0x00009118                QBtService::removeProtocol(QBtUuid const&)
 .text._ZNK5QListI7QBtUuidE7indexOfERKS0_i
                0x00009128       0x7c \S60\devices\S60_5th_Edition_SDK_v1.0\EPOC32\BUILD\Carbide\NewLibVersion\QBluetooth_selfsigned\QBLUETOOTH_DLL\GCCE\urel\QBtService.o
                0x00009128                QList<QBtUuid>::indexOf(QBtUuid const&, int) const
 .text._ZN5QListI7QBtUuidE9removeOneERKS0_
                0x000091a4       0x4c \S60\devices\S60_5th_Edition_SDK_v1.0\EPOC32\BUILD\Carbide\NewLibVersion\QBluetooth_selfsigned\QBLUETOOTH_DLL\GCCE\urel\QBtService.o
                0x000091a4                QList<QBtUuid>::removeOne(QBtUuid const&)
 .text._ZN5QListI7QBtUuidE13detach_helperEv
                0x000091f0       0x10 \S60\devices\S60_5th_Edition_SDK_v1.0\EPOC32\BUILD\Carbide\NewLibVersion\QBluetooth_selfsigned\QBLUETOOTH_DLL\GCCE\urel\QBtService.o
                0x000091f0                QList<QBtUuid>::detach_helper()
 .text._ZN5QListI7QBtUuidE13detach_helperEi
                0x00009200       0x68 \S60\devices\S60_5th_Edition_SDK_v1.0\EPOC32\BUILD\Carbide\NewLibVersion\QBluetooth_selfsigned\QBLUETOOTH_DLL\GCCE\urel\QBtService.o
                0x00009200                QList<QBtUuid>::detach_helper(int)
 .text._ZN5QListI7QBtUuidEC1Ev
                0x00009268       0x14 \S60\devices\S60_5th_Edition_SDK_v1.0\EPOC32\BUILD\Carbide\NewLibVersion\QBluetooth_selfsigned\QBLUETOOTH_DLL\GCCE\urel\QBtService.o
                0x00009268                QList<QBtUuid>::QList()
 .text._ZN5QListI7QBtUuidED1Ev
                0x0000927c       0x28 \S60\devices\S60_5th_Edition_SDK_v1.0\EPOC32\BUILD\Carbide\NewLibVersion\QBluetooth_selfsigned\QBLUETOOTH_DLL\GCCE\urel\QBtService.o
                0x0000927c                QList<QBtUuid>::~QList()
 .text._ZN5QListI7QBtUuidE5clearEv
                0x000092a4       0x64 \S60\devices\S60_5th_Edition_SDK_v1.0\EPOC32\BUILD\Carbide\NewLibVersion\QBluetooth_selfsigned\QBLUETOOTH_DLL\GCCE\urel\QBtService.o
                0x000092a4                QList<QBtUuid>::clear()
 .text._ZN5QListI7QBtUuidE4freeEPN9QListData4DataE
                0x00009308       0x64 \S60\devices\S60_5th_Edition_SDK_v1.0\EPOC32\BUILD\Carbide\NewLibVersion\QBluetooth_selfsigned\QBLUETOOTH_DLL\GCCE\urel\QBtService.o
                0x00009308                QList<QBtUuid>::free(QListData::Data*)
 .text._ZN5QListI7QBtUuidE6appendERKS0_
                0x0000936c       0x78 \S60\devices\S60_5th_Edition_SDK_v1.0\EPOC32\BUILD\Carbide\NewLibVersion\QBluetooth_selfsigned\QBLUETOOTH_DLL\GCCE\urel\QBtService.o
                0x0000936c                QList<QBtUuid>::append(QBtUuid const&)
 .text._ZN5QListI7QBtUuidE18detach_helper_growEii
                0x000093e4      0x104 \S60\devices\S60_5th_Edition_SDK_v1.0\EPOC32\BUILD\Carbide\NewLibVersion\QBluetooth_selfsigned\QBLUETOOTH_DLL\GCCE\urel\QBtService.o
                0x000093e4                QList<QBtUuid>::detach_helper_grow(int, int)
 .text._ZN5QListI7QBtUuidE9node_copyEPNS1_4NodeES3_S3_
                0x000094e8       0x88 \S60\devices\S60_5th_Edition_SDK_v1.0\EPOC32\BUILD\Carbide\NewLibVersion\QBluetooth_selfsigned\QBLUETOOTH_DLL\GCCE\urel\QBtService.o
                0x000094e8                QList<QBtUuid>::node_copy(QList<QBtUuid>::Node*, QList<QBtUuid>::Node*, QList<QBtUuid>::Node*)
 .text._ZN5QListI7QBtUuidE8removeAtEi
                0x00009570       0x50 \S60\devices\S60_5th_Edition_SDK_v1.0\EPOC32\BUILD\Carbide\NewLibVersion\QBluetooth_selfsigned\QBLUETOOTH_DLL\GCCE\urel\QBtService.o
                0x00009570                QList<QBtUuid>::removeAt(int)
 .text._ZN5QListI7QBtUuidE14node_constructEPNS1_4NodeERKS0_
                0x000095c0       0x30 \S60\devices\S60_5th_Edition_SDK_v1.0\EPOC32\BUILD\Carbide\NewLibVersion\QBluetooth_selfsigned\QBLUETOOTH_DLL\GCCE\urel\QBtService.o
                0x000095c0                QList<QBtUuid>::node_construct(QList<QBtUuid>::Node*, QBtUuid const&)
 .text._ZN5QListI7QBtUuidE13node_destructEPNS1_4NodeE
                0x000095f0       0x2c \S60\devices\S60_5th_Edition_SDK_v1.0\EPOC32\BUILD\Carbide\NewLibVersion\QBluetooth_selfsigned\QBLUETOOTH_DLL\GCCE\urel\QBtService.o
                0x000095f0                QList<QBtUuid>::node_destruct(QList<QBtUuid>::Node*)
 .text          0x0000961c      0xd3c \S60\devices\S60_5th_Edition_SDK_v1.0\EPOC32\BUILD\Carbide\NewLibVersion\QBluetooth_selfsigned\QBLUETOOTH_DLL\GCCE\urel\QBtAddress.o
                0x00009654                QBtAddress::QBtAddress(QString const&)
                0x00009eec                QBtAddress::~QBtAddress()
                0x000098b4                QBtAddress::QBtAddress(QByteArray const&)
                0x0000a200                QBtAddress::operator!=(QBtAddress const&)
                0x0000961c                QBtAddress::QBtAddress()
                0x00009f10                QBtAddress::~QBtAddress()
                0x00009f48                QBtAddress::toByteArray() const
                0x00009be4                QBtAddress::QBtAddress(TBTDevAddr const&)
                0x0000a30c                QBtAddress::convertToSymbianBtDevAddr()
                0x00009f34                QBtAddress::isValid() const
                0x00009784                QBtAddress::QBtAddress(QString const&)
                0x00009f38                QBtAddress::toString() const
                0x00009d4c                QBtAddress::getAddressFromReversedArray(QByteArray const&)
                0x00009638                QBtAddress::QBtAddress()
                0x0000a260                QBtAddress::operator==(QBtAddress const&)
                0x00009a4c                QBtAddress::QBtAddress(QByteArray const&)
                0x00009c98                QBtAddress::QBtAddress(TBTDevAddr const&)
                0x0000a074                QBtAddress::toReversedByteArray() const
                0x0000a274                QBtAddress::operator<(QBtAddress const&)
 .text._ZN7QStringD1Ev
                0x0000a358       0x24 \S60\devices\S60_5th_Edition_SDK_v1.0\EPOC32\BUILD\Carbide\NewLibVersion\QBluetooth_selfsigned\QBLUETOOTH_DLL\GCCE\urel\QBtAddress.o
                0x0000a358                QString::~QString()
 .text          0x0000a37c      0x544 \S60\devices\S60_5th_Edition_SDK_v1.0\EPOC32\BUILD\Carbide\NewLibVersion\QBluetooth_selfsigned\QBLUETOOTH_DLL\GCCE\urel\QBtDevice.o
                0x0000a800                QBtDevice::setType(QBtDevice::DeviceMajor)
                0x0000a858                QBtDevice::getTypeAsString() const
                0x0000a6ec                QBtDevice::~QBtDevice()
                0x0000a75c                QBtDevice::~QBtDevice()
                0x0000a3fc                QBtDevice::QBtDevice()
                0x0000a804                QBtDevice::setSupportedServices(QList<QBtService> const&)
                0x0000a66c                QBtDevice::QBtDevice(QString const&, QBtAddress const&, QBtDevice::DeviceMajor)
                0x0000a7e8                QBtDevice::setAddress(QBtAddress const&)
                0x0000a854                QBtDevice::getType() const
                0x0000a7dc                QBtDevice::setName(QString const&)
                0x0000a5ec                QBtDevice::QBtDevice(QString const&, QBtAddress const&, QBtDevice::DeviceMajor)
                0x0000a7cc                QBtDevice::addNewService(QBtService const&)
                0x0000a8bc                QBtDevice::getSupportedServices() const
                0x0000a37c                QBtDevice::QBtDevice()
                0x0000a47c                QBtDevice::QBtDevice(QBtDevice const&)
                0x0000a534                QBtDevice::QBtDevice(QBtDevice const&)
                0x0000a828                QBtDevice::getName() const
                0x0000a824                QBtDevice::serviceListUpdated() const
                0x0000a838                QBtDevice::getAddress() const
 .text._ZN5QListI10QBtServiceE6appendERKS0_
                0x0000a8c0       0x78 \S60\devices\S60_5th_Edition_SDK_v1.0\EPOC32\BUILD\Carbide\NewLibVersion\QBluetooth_selfsigned\QBLUETOOTH_DLL\GCCE\urel\QBtDevice.o
                0x0000a8c0                QList<QBtService>::append(QBtService const&)
 .text._ZN5QListI10QBtServiceE18detach_helper_growEii
                0x0000a938       0xd0 \S60\devices\S60_5th_Edition_SDK_v1.0\EPOC32\BUILD\Carbide\NewLibVersion\QBluetooth_selfsigned\QBLUETOOTH_DLL\GCCE\urel\QBtDevice.o
                0x0000a938                QList<QBtService>::detach_helper_grow(int, int)
 .text._ZN5QListI10QBtServiceE5clearEv
                0x0000aa08       0x34 \S60\devices\S60_5th_Edition_SDK_v1.0\EPOC32\BUILD\Carbide\NewLibVersion\QBluetooth_selfsigned\QBLUETOOTH_DLL\GCCE\urel\QBtDevice.o
                0x0000aa08                QList<QBtService>::clear()
 .text._ZN5QListI10QBtServiceEC1Ev
                0x0000aa3c       0x14 \S60\devices\S60_5th_Edition_SDK_v1.0\EPOC32\BUILD\Carbide\NewLibVersion\QBluetooth_selfsigned\QBLUETOOTH_DLL\GCCE\urel\QBtDevice.o
                0x0000aa3c                QList<QBtService>::QList()
 .text._ZN5QListI10QBtServiceED1Ev
                0x0000aa50       0x28 \S60\devices\S60_5th_Edition_SDK_v1.0\EPOC32\BUILD\Carbide\NewLibVersion\QBluetooth_selfsigned\QBLUETOOTH_DLL\GCCE\urel\QBtDevice.o
                0x0000aa50                QList<QBtService>::~QList()
 .text._ZN5QListI10QBtServiceEaSERKS1_
                0x0000aa78       0x48 \S60\devices\S60_5th_Edition_SDK_v1.0\EPOC32\BUILD\Carbide\NewLibVersion\QBluetooth_selfsigned\QBLUETOOTH_DLL\GCCE\urel\QBtDevice.o
                0x0000aa78                QList<QBtService>::operator=(QList<QBtService> const&)
 .text._ZN5QListI10QBtServiceE9node_copyEPNS1_4NodeES3_S3_
                0x0000aac0      0x174 \S60\devices\S60_5th_Edition_SDK_v1.0\EPOC32\BUILD\Carbide\NewLibVersion\QBluetooth_selfsigned\QBLUETOOTH_DLL\GCCE\urel\QBtDevice.o
                0x0000aac0                QList<QBtService>::node_copy(QList<QBtService>::Node*, QList<QBtService>::Node*, QList<QBtService>::Node*)
 .text._ZN5QListI10QBtServiceE13node_destructEPNS1_4NodeES3_
                0x0000ac34       0xb8 \S60\devices\S60_5th_Edition_SDK_v1.0\EPOC32\BUILD\Carbide\NewLibVersion\QBluetooth_selfsigned\QBLUETOOTH_DLL\GCCE\urel\QBtDevice.o
                0x0000ac34                QList<QBtService>::node_destruct(QList<QBtService>::Node*, QList<QBtService>::Node*)
 .text._ZN5QListI10QBtServiceE4freeEPN9QListData4DataE
                0x0000acec       0xe8 \S60\devices\S60_5th_Edition_SDK_v1.0\EPOC32\BUILD\Carbide\NewLibVersion\QBluetooth_selfsigned\QBLUETOOTH_DLL\GCCE\urel\QBtDevice.o
                0x0000acec                QList<QBtService>::free(QListData::Data*)
 .text._ZN5QListI10QBtServiceE14node_constructEPNS1_4NodeERKS0_
                0x0000add4       0x98 \S60\devices\S60_5th_Edition_SDK_v1.0\EPOC32\BUILD\Carbide\NewLibVersion\QBluetooth_selfsigned\QBLUETOOTH_DLL\GCCE\urel\QBtDevice.o
                0x0000add4                QList<QBtService>::node_construct(QList<QBtService>::Node*, QBtService const&)
 .text._ZN5QListI10QBtServiceE13detach_helperEv
                0x0000ae6c       0x10 \S60\devices\S60_5th_Edition_SDK_v1.0\EPOC32\BUILD\Carbide\NewLibVersion\QBluetooth_selfsigned\QBLUETOOTH_DLL\GCCE\urel\QBtDevice.o
                0x0000ae6c                QList<QBtService>::detach_helper()
 .text._ZN5QListI10QBtServiceE13detach_helperEi
                0x0000ae7c       0x68 \S60\devices\S60_5th_Edition_SDK_v1.0\EPOC32\BUILD\Carbide\NewLibVersion\QBluetooth_selfsigned\QBLUETOOTH_DLL\GCCE\urel\QBtDevice.o
                0x0000ae7c                QList<QBtService>::detach_helper(int)
 .text._ZN5QListI7QBtUuidEC1ERKS1_
                0x0000aee4       0x20 \S60\devices\S60_5th_Edition_SDK_v1.0\EPOC32\BUILD\Carbide\NewLibVersion\QBluetooth_selfsigned\QBLUETOOTH_DLL\GCCE\urel\QBtDevice.o
                0x0000aee4                QList<QBtUuid>::QList(QList<QBtUuid> const&)
 .text          0x0000af04      0x730 \S60\devices\S60_5th_Edition_SDK_v1.0\EPOC32\BUILD\Carbide\NewLibVersion\QBluetooth_selfsigned\QBLUETOOTH_DLL\GCCE\urel\QBtUuid.o
                0x0000b1cc                QBtUuid::set(QString const&)
                0x0000af74                QBtUuid::QBtUuid()
                0x0000b5a4                QBtUuid::isFull() const
                0x0000b5b8                QBtUuid::isNull() const
                0x0000b0b0                QBtUuid::QBtUuid(QString const&)
                0x0000b30c                QBtUuid::get() const
                0x0000b620                QBtUuid::operator!=(QBtUuid const&) const
                0x0000af04                QBtUuid::QBtUuid()
                0x0000b614                QBtUuid::operator==(QBtUuid const&) const
                0x0000b0f4                QBtUuid::set(unsigned int)
                0x0000b5cc                QBtUuid::clear()
                0x0000b028                QBtUuid::QBtUuid(unsigned int)
                0x0000b06c                QBtUuid::QBtUuid(QString const&)
                0x0000afe4                QBtUuid::QBtUuid(unsigned int)
                0x0000b594                QBtUuid::toString() const
                0x0000b330                QBtUuid::get(unsigned int&, unsigned int&, unsigned int&, unsigned int&) const
 .text._ZN7QStringC1Ev
                0x0000b634       0x14 \S60\devices\S60_5th_Edition_SDK_v1.0\EPOC32\BUILD\Carbide\NewLibVersion\QBluetooth_selfsigned\QBLUETOOTH_DLL\GCCE\urel\QBtUuid.o
                0x0000b634                QString::QString()
 .text._ZN5QListI7QStringED2Ev
                0x0000b648       0x28 \S60\devices\S60_5th_Edition_SDK_v1.0\EPOC32\BUILD\Carbide\NewLibVersion\QBluetooth_selfsigned\QBLUETOOTH_DLL\GCCE\urel\QBtUuid.o
                0x0000b648                QList<QString>::~QList()
 .text._ZN5QListI7QStringE4freeEPN9QListData4DataE
                0x0000b670       0x54 \S60\devices\S60_5th_Edition_SDK_v1.0\EPOC32\BUILD\Carbide\NewLibVersion\QBluetooth_selfsigned\QBLUETOOTH_DLL\GCCE\urel\QBtUuid.o
                0x0000b670                QList<QString>::free(QListData::Data*)
 .text          0x0000b6c4      0x234 \S60\devices\S60_5th_Edition_SDK_v1.0\EPOC32\BUILD\Carbide\NewLibVersion\QBluetooth_selfsigned\QBLUETOOTH_DLL\GCCE\urel\QBtObjectExchangeClient.o
                0x0000b898                QBtObjectExchangeClient::abort()
                0x0000b8b8                GetTransmittingService()
                0x0000b8a8                QBtObjectExchangeClient::setPath(QString const&)
                0x0000b7d4                QBtObjectExchangeClient::~QBtObjectExchangeClient()
                0x0000b858                QBtObjectExchangeClient::getFile(QString const&, QString const&)
                0x0000b804                QBtObjectExchangeClient::~QBtObjectExchangeClient()
                0x0000b868                QBtObjectExchangeClient::getByteBuffer(QString const&)
                0x0000b888                QBtObjectExchangeClient::putByteBuffer(QByteArray const&, QString const&)
                0x0000b8c4                GetServerDevice()
                0x0000b6c4                QBtObjectExchangeClient::QBtObjectExchangeClient(QObject*)
                0x0000b838                QBtObjectExchangeClient::connectToServer(QBtDevice const&, QBtService const&)
                0x0000b878                QBtObjectExchangeClient::putFile(QString const&)
                0x0000b848                QBtObjectExchangeClient::disconnect()
                0x0000b8e4                QBtObjectExchangeClient::isConnected() const
                0x0000b7a4                QBtObjectExchangeClient::~QBtObjectExchangeClient()
                0x0000b8d0                QBtObjectExchangeClient::isBusy() const
                0x0000b734                QBtObjectExchangeClient::QBtObjectExchangeClient(QObject*)
 .text._Z10SafeDeleteI30QBtObjectExchangeClientPrivateEvRPT_
                0x0000b8f8       0x18 \S60\devices\S60_5th_Edition_SDK_v1.0\EPOC32\BUILD\Carbide\NewLibVersion\QBluetooth_selfsigned\QBLUETOOTH_DLL\GCCE\urel\QBtObjectExchangeClient.o
                0x0000b8f8                void SafeDelete<QBtObjectExchangeClientPrivate>(QBtObjectExchangeClientPrivate*&)
 .text          0x0000b910      0xc64 \S60\devices\S60_5th_Edition_SDK_v1.0\EPOC32\BUILD\Carbide\NewLibVersion\QBluetooth_selfsigned\QBLUETOOTH_DLL\GCCE\urel\QBtObjectExchangeClient_symbian.o
                0x0000b9dc                QBtObjectExchangeClientPrivate::QBtObjectExchangeClientPrivate(QBtObjectExchangeClient*)
                0x0000bdd0                QBtObjectExchangeClientPrivate::HandleObjectReceived()
                0x0000b948                QBtObjectExchangeClientPrivate::QBtObjectExchangeClientPrivate(QBtObjectExchangeClient*)
                0x0000bef4                QBtObjectExchangeClientPrivate::ConnectToServer(QBtDevice const&, QBtService const&)
                0x0000bd68                QBtObjectExchangeClientPrivate::HandleObjectSent()
                0x0000be90                QBtObjectExchangeClientPrivate::HandleDisconnection()
                0x0000c1b0                QBtObjectExchangeClientPrivate::SetPath(QString const&)
                0x0000bedc                QBtObjectExchangeClientPrivate::HandleBrowsingFinsished()
                0x0000c298                QBtObjectExchangeClientPrivate::CheckServiceAvailability()
                0x0000c194                QBtObjectExchangeClientPrivate::IsConnected()
                0x0000bbfc                QBtObjectExchangeClientPrivate::DoCancel()
                0x0000c3dc                QBtObjectExchangeClientPrivate::GetFile(QString const&, QString const&)
                0x0000ba70                QBtObjectExchangeClientPrivate::~QBtObjectExchangeClientPrivate()
                0x0000bbf8                QBtObjectExchangeClientPrivate::ConstructL()
                0x0000bee8                QBtObjectExchangeClientPrivate::HandleSettingPathCompletion()
                0x0000b910                QBtObjectExchangeClientPrivate::NewL(QBtObjectExchangeClient*)
                0x0000c18c                QBtObjectExchangeClientPrivate::IsBusy()
                0x0000bd1c                QBtObjectExchangeClientPrivate::HandleServerConnection()
                0x0000c154                QBtObjectExchangeClientPrivate::Disconnect()
                0x0000bfb4                QBtObjectExchangeClientPrivate::SendFile(QString const&)
                0x0000baf0                QBtObjectExchangeClientPrivate::~QBtObjectExchangeClientPrivate()
                0x0000bc00                QBtObjectExchangeClientPrivate::RunL()
                0x0000bb70                QBtObjectExchangeClientPrivate::~QBtObjectExchangeClientPrivate()
                0x0000c124                QBtObjectExchangeClientPrivate::Abort()
                0x0000c31c                QBtObjectExchangeClientPrivate::SendData(QByteArray const&, QString const&)
                0x0000c4ec                QBtObjectExchangeClientPrivate::GetByteBuffer(QString const&)
                0x0000b920                QBtObjectExchangeClientPrivate::NewLC(QBtObjectExchangeClient*)
 .text._Z10SafeDeleteI15CObexBaseObjectEvRPT_
                0x0000c574       0x18 \S60\devices\S60_5th_Edition_SDK_v1.0\EPOC32\BUILD\Carbide\NewLibVersion\QBluetooth_selfsigned\QBLUETOOTH_DLL\GCCE\urel\QBtObjectExchangeClient_symbian.o
                0x0000c574                void SafeDelete<CObexBaseObject>(CObexBaseObject*&)
 .text._Z10SafeDeleteI11CObexClientEvRPT_
                0x0000c58c       0x18 \S60\devices\S60_5th_Edition_SDK_v1.0\EPOC32\BUILD\Carbide\NewLibVersion\QBluetooth_selfsigned\QBLUETOOTH_DLL\GCCE\urel\QBtObjectExchangeClient_symbian.o
                0x0000c58c                void SafeDelete<CObexClient>(CObexClient*&)
 .text._Z10SafeDeleteI8CBufBaseEvRPT_
                0x0000c5a4       0x18 \S60\devices\S60_5th_Edition_SDK_v1.0\EPOC32\BUILD\Carbide\NewLibVersion\QBluetooth_selfsigned\QBLUETOOTH_DLL\GCCE\urel\QBtObjectExchangeClient_symbian.o
                0x0000c5a4                void SafeDelete<CBufBase>(CBufBase*&)
 .text._ZN4TBufILi255EEaSERK7TDesC16
                0x0000c5bc        0xc \S60\devices\S60_5th_Edition_SDK_v1.0\EPOC32\BUILD\Carbide\NewLibVersion\QBluetooth_selfsigned\QBLUETOOTH_DLL\GCCE\urel\QBtObjectExchangeClient_symbian.o
                0x0000c5bc                TBuf<255>::operator=(TDesC16 const&)
 .text          0x0000c5c8      0x558 \S60\devices\S60_5th_Edition_SDK_v1.0\EPOC32\BUILD\Carbide\NewLibVersion\QBluetooth_selfsigned\QBLUETOOTH_DLL\GCCE\urel\QBtObjectExchangeServer.o
                0x0000cac0                QBtObjectExchangeServer::startAdvertisingService(QBtService const&)
                0x0000c760                QBtObjectExchangeServer::~QBtObjectExchangeServer()
                0x0000c6b0                QBtObjectExchangeServer::~QBtObjectExchangeServer()
                0x0000caf8                QBtObjectExchangeServer::stopAdvertisingService()
                0x0000c8e8                QBtObjectExchangeServer::getTransmittingServiceInfo()
                0x0000c708                QBtObjectExchangeServer::~QBtObjectExchangeServer()
                0x0000c974                QBtObjectExchangeServer::setTransmittingService(QBtService const&)
                0x0000c63c                QBtObjectExchangeServer::QBtObjectExchangeServer(QObject*)
                0x0000c5c8                QBtObjectExchangeServer::QBtObjectExchangeServer(QObject*)
                0x0000c8c4                QBtObjectExchangeServer::stopServer()
                0x0000c7bc                QBtObjectExchangeServer::startServer(QBtUuid const&, QString const&)
                0x0000c8d4                QBtObjectExchangeServer::isConnected()
 .text._Z10SafeDeleteI10QBtServiceEvRPT_
                0x0000cb20       0xb8 \S60\devices\S60_5th_Edition_SDK_v1.0\EPOC32\BUILD\Carbide\NewLibVersion\QBluetooth_selfsigned\QBLUETOOTH_DLL\GCCE\urel\QBtObjectExchangeServer.o
                0x0000cb20                void SafeDelete<QBtService>(QBtService*&)
 .text._Z10SafeDeleteI30QBtObjectExchangeServerPrivateEvRPT_
                0x0000cbd8       0x18 \S60\devices\S60_5th_Edition_SDK_v1.0\EPOC32\BUILD\Carbide\NewLibVersion\QBluetooth_selfsigned\QBLUETOOTH_DLL\GCCE\urel\QBtObjectExchangeServer.o
                0x0000cbd8                void SafeDelete<QBtObjectExchangeServerPrivate>(QBtObjectExchangeServerPrivate*&)
 .text          0x0000cbf0      0xe58 \S60\devices\S60_5th_Edition_SDK_v1.0\EPOC32\BUILD\Carbide\NewLibVersion\QBluetooth_selfsigned\QBLUETOOTH_DLL\GCCE\urel\QBtObjectExchangeServer_symbian.o
                0x0000cd40                QBtObjectExchangeServerPrivate::~QBtObjectExchangeServerPrivate()
                0x0000cbf0                QBtObjectExchangeServerPrivate::NewL(QBtObjectExchangeServer*)
                0x0000d1ec                QBtObjectExchangeServerPrivate::StartServer()
                0x0000ccd0                QBtObjectExchangeServerPrivate::ConstructL()
                0x0000ceb8                QBtObjectExchangeServerPrivate::~QBtObjectExchangeServerPrivate()
                0x0000d2c4                QBtObjectExchangeServerPrivate::Disconnect()
                0x0000cc00                QBtObjectExchangeServerPrivate::NewLC(QBtObjectExchangeServer*)
                0x0000cf78                QBtObjectExchangeServerPrivate::InitialiseServerL()
                0x0000d3e4                QBtObjectExchangeServerPrivate::TransportDownIndication()
                0x0000d494                QBtObjectExchangeServerPrivate::ObexDisconnectIndication(TDesC8 const&)
                0x0000cc7c                QBtObjectExchangeServerPrivate::QBtObjectExchangeServerPrivate(QBtObjectExchangeServer*)
                0x0000d8fc                QBtObjectExchangeServerPrivate::SetPathIndication(CObex::TSetPathInfo const&, TDesC8 const&)
                0x0000d2f0                QBtObjectExchangeServerPrivate::SetSecurityWithChannelL(int, int, int, int)
                0x0000d818                QBtObjectExchangeServerPrivate::GetPacketIndication()
                0x0000d3e0                QBtObjectExchangeServerPrivate::TransportUpIndication()
                0x0000d388                QBtObjectExchangeServerPrivate::IsConnected()
                0x0000d580                QBtObjectExchangeServerPrivate::PutCompleteIndication()
                0x0000d834                QBtObjectExchangeServerPrivate::GetCompleteIndication()
                0x0000cdfc                QBtObjectExchangeServerPrivate::~QBtObjectExchangeServerPrivate()
                0x0000d3a0                QBtObjectExchangeServerPrivate::GetCurrentWorkingDirectory()
                0x0000d680                QBtObjectExchangeServerPrivate::GetRequestIndication(CObexBaseObject*)
                0x0000d564                QBtObjectExchangeServerPrivate::PutPacketIndication()
                0x0000d3b0                QBtObjectExchangeServerPrivate::ErrorIndication(int)
                0x0000d4a4                QBtObjectExchangeServerPrivate::PutRequestIndication()
                0x0000d394                QBtObjectExchangeServerPrivate::SetListeningQueueSize(int)
                0x0000da14                QBtObjectExchangeServerPrivate::AbortIndication()
                0x0000d484                QBtObjectExchangeServerPrivate::ObexConnectIndication(TObexConnectInfo const&, TDesC8 const&)
                0x0000cc28                QBtObjectExchangeServerPrivate::QBtObjectExchangeServerPrivate(QBtObjectExchangeServer*)
 .text._ZThn4_N30QBtObjectExchangeServerPrivate15ErrorIndicationEi
                0x0000da48       0x10 \S60\devices\S60_5th_Edition_SDK_v1.0\EPOC32\BUILD\Carbide\NewLibVersion\QBluetooth_selfsigned\QBLUETOOTH_DLL\GCCE\urel\QBtObjectExchangeServer_symbian.o
                0x0000da48                non-virtual thunk to QBtObjectExchangeServerPrivate::ErrorIndication(int)
 .text._ZThn4_N30QBtObjectExchangeServerPrivate21TransportUpIndicationEv
                0x0000da58       0x10 \S60\devices\S60_5th_Edition_SDK_v1.0\EPOC32\BUILD\Carbide\NewLibVersion\QBluetooth_selfsigned\QBLUETOOTH_DLL\GCCE\urel\QBtObjectExchangeServer_symbian.o
                0x0000da58                non-virtual thunk to QBtObjectExchangeServerPrivate::TransportUpIndication()
 .text._ZThn4_N30QBtObjectExchangeServerPrivate23TransportDownIndicationEv
                0x0000da68       0x10 \S60\devices\S60_5th_Edition_SDK_v1.0\EPOC32\BUILD\Carbide\NewLibVersion\QBluetooth_selfsigned\QBLUETOOTH_DLL\GCCE\urel\QBtObjectExchangeServer_symbian.o
                0x0000da68                non-virtual thunk to QBtObjectExchangeServerPrivate::TransportDownIndication()
 .text._Z10SafeDeleteI8CBufFlatEvRPT_
                0x0000da78       0x18 \S60\devices\S60_5th_Edition_SDK_v1.0\EPOC32\BUILD\Carbide\NewLibVersion\QBluetooth_selfsigned\QBLUETOOTH_DLL\GCCE\urel\QBtObjectExchangeServer_symbian.o
                0x0000da78                void SafeDelete<CBufFlat>(CBufFlat*&)
 .text._ZThn4_N30QBtObjectExchangeServerPrivate21ObexConnectIndicationERK16TObexConnectInfoRK6TDesC8
                0x0000da90       0x10 \S60\devices\S60_5th_Edition_SDK_v1.0\EPOC32\BUILD\Carbide\NewLibVersion\QBluetooth_selfsigned\QBLUETOOTH_DLL\GCCE\urel\QBtObjectExchangeServer_symbian.o
                0x0000da90                non-virtual thunk to QBtObjectExchangeServerPrivate::ObexConnectIndication(TObexConnectInfo const&, TDesC8 const&)
 .text._ZThn4_N30QBtObjectExchangeServerPrivate24ObexDisconnectIndicationERK6TDesC8
                0x0000daa0       0x10 \S60\devices\S60_5th_Edition_SDK_v1.0\EPOC32\BUILD\Carbide\NewLibVersion\QBluetooth_selfsigned\QBLUETOOTH_DLL\GCCE\urel\QBtObjectExchangeServer_symbian.o
                0x0000daa0                non-virtual thunk to QBtObjectExchangeServerPrivate::ObexDisconnectIndication(TDesC8 const&)
 .text._ZThn4_N30QBtObjectExchangeServerPrivate20PutRequestIndicationEv
                0x0000dab0       0x10 \S60\devices\S60_5th_Edition_SDK_v1.0\EPOC32\BUILD\Carbide\NewLibVersion\QBluetooth_selfsigned\QBLUETOOTH_DLL\GCCE\urel\QBtObjectExchangeServer_symbian.o
                0x0000dab0                non-virtual thunk to QBtObjectExchangeServerPrivate::PutRequestIndication()
 .text._Z10SafeDeleteI14CObexBufObjectEvRPT_
                0x0000dac0       0x18 \S60\devices\S60_5th_Edition_SDK_v1.0\EPOC32\BUILD\Carbide\NewLibVersion\QBluetooth_selfsigned\QBLUETOOTH_DLL\GCCE\urel\QBtObjectExchangeServer_symbian.o
                0x0000dac0                void SafeDelete<CObexBufObject>(CObexBufObject*&)
 .text._ZThn4_N30QBtObjectExchangeServerPrivate19PutPacketIndicationEv
                0x0000dad8       0x10 \S60\devices\S60_5th_Edition_SDK_v1.0\EPOC32\BUILD\Carbide\NewLibVersion\QBluetooth_selfsigned\QBLUETOOTH_DLL\GCCE\urel\QBtObjectExchangeServer_symbian.o
                0x0000dad8                non-virtual thunk to QBtObjectExchangeServerPrivate::PutPacketIndication()
 .text._ZThn4_N30QBtObjectExchangeServerPrivate21PutCompleteIndicationEv
                0x0000dae8       0x10 \S60\devices\S60_5th_Edition_SDK_v1.0\EPOC32\BUILD\Carbide\NewLibVersion\QBluetooth_selfsigned\QBLUETOOTH_DLL\GCCE\urel\QBtObjectExchangeServer_symbian.o
                0x0000dae8                non-virtual thunk to QBtObjectExchangeServerPrivate::PutCompleteIndication()
 .text._ZN4TBufILi256EEC1ERK7TDesC16
                0x0000daf8       0x10 \S60\devices\S60_5th_Edition_SDK_v1.0\EPOC32\BUILD\Carbide\NewLibVersion\QBluetooth_selfsigned\QBLUETOOTH_DLL\GCCE\urel\QBtObjectExchangeServer_symbian.o
                0x0000daf8                TBuf<256>::TBuf(TDesC16 const&)
 .text._ZNK5TLitCILi17EEclEv
                0x0000db08        0x4 \S60\devices\S60_5th_Edition_SDK_v1.0\EPOC32\BUILD\Carbide\NewLibVersion\QBluetooth_selfsigned\QBLUETOOTH_DLL\GCCE\urel\QBtObjectExchangeServer_symbian.o
                0x0000db08                TLitC<17>::operator()() const
 .text._ZThn4_N30QBtObjectExchangeServerPrivate20GetRequestIndicationEP15CObexBaseObject
                0x0000db0c       0x10 \S60\devices\S60_5th_Edition_SDK_v1.0\EPOC32\BUILD\Carbide\NewLibVersion\QBluetooth_selfsigned\QBLUETOOTH_DLL\GCCE\urel\QBtObjectExchangeServer_symbian.o
                0x0000db0c                non-virtual thunk to QBtObjectExchangeServerPrivate::GetRequestIndication(CObexBaseObject*)
 .text._ZThn4_N30QBtObjectExchangeServerPrivate19GetPacketIndicationEv
                0x0000db1c       0x10 \S60\devices\S60_5th_Edition_SDK_v1.0\EPOC32\BUILD\Carbide\NewLibVersion\QBluetooth_selfsigned\QBLUETOOTH_DLL\GCCE\urel\QBtObjectExchangeServer_symbian.o
                0x0000db1c                non-virtual thunk to QBtObjectExchangeServerPrivate::GetPacketIndication()
 .text._ZThn4_N30QBtObjectExchangeServerPrivate21GetCompleteIndicationEv
                0x0000db2c       0x10 \S60\devices\S60_5th_Edition_SDK_v1.0\EPOC32\BUILD\Carbide\NewLibVersion\QBluetooth_selfsigned\QBLUETOOTH_DLL\GCCE\urel\QBtObjectExchangeServer_symbian.o
                0x0000db2c                non-virtual thunk to QBtObjectExchangeServerPrivate::GetCompleteIndication()
 .text._ZThn4_N30QBtObjectExchangeServerPrivate17SetPathIndicationERKN5CObex12TSetPathInfoERK6TDesC8
                0x0000db3c       0x10 \S60\devices\S60_5th_Edition_SDK_v1.0\EPOC32\BUILD\Carbide\NewLibVersion\QBluetooth_selfsigned\QBLUETOOTH_DLL\GCCE\urel\QBtObjectExchangeServer_symbian.o
                0x0000db3c                non-virtual thunk to QBtObjectExchangeServerPrivate::SetPathIndication(CObex::TSetPathInfo const&, TDesC8 const&)
 .text._ZThn4_N30QBtObjectExchangeServerPrivate15AbortIndicationEv
                0x0000db4c       0x10 \S60\devices\S60_5th_Edition_SDK_v1.0\EPOC32\BUILD\Carbide\NewLibVersion\QBluetooth_selfsigned\QBLUETOOTH_DLL\GCCE\urel\QBtObjectExchangeServer_symbian.o
                0x0000db4c                non-virtual thunk to QBtObjectExchangeServerPrivate::AbortIndication()
 .text._ZNK5TLitCILi7EEcvRK7TDesC16Ev
                0x0000db5c        0x4 \S60\devices\S60_5th_Edition_SDK_v1.0\EPOC32\BUILD\Carbide\NewLibVersion\QBluetooth_selfsigned\QBLUETOOTH_DLL\GCCE\urel\QBtObjectExchangeServer_symbian.o
                0x0000db5c                TLitC<7>::operator TDesC16 const&() const
 .text._Z10SafeDeleteI11CObexServerEvRPT_
                0x0000db60       0x18 \S60\devices\S60_5th_Edition_SDK_v1.0\EPOC32\BUILD\Carbide\NewLibVersion\QBluetooth_selfsigned\QBLUETOOTH_DLL\GCCE\urel\QBtObjectExchangeServer_symbian.o
                0x0000db60                void SafeDelete<CObexServer>(CObexServer*&)
 .text._Z10SafeDeleteI7HBufC16EvRPT_
                0x0000db78       0x18 \S60\devices\S60_5th_Edition_SDK_v1.0\EPOC32\BUILD\Carbide\NewLibVersion\QBluetooth_selfsigned\QBLUETOOTH_DLL\GCCE\urel\QBtObjectExchangeServer_symbian.o
                0x0000db78                void SafeDelete<HBufC16>(HBufC16*&)
 .text._Z17CleanupClosePushLI11RSocketServEvRT_
                0x0000db90       0x1c \S60\devices\S60_5th_Edition_SDK_v1.0\EPOC32\BUILD\Carbide\NewLibVersion\QBluetooth_selfsigned\QBLUETOOTH_DLL\GCCE\urel\QBtObjectExchangeServer_symbian.o
                0x0000db90                void CleanupClosePushL<RSocketServ>(RSocketServ&)
 .text._ZN12CleanupCloseI11RSocketServE5CloseEPv
                0x0000dbac        0xc \S60\devices\S60_5th_Edition_SDK_v1.0\EPOC32\BUILD\Carbide\NewLibVersion\QBluetooth_selfsigned\QBLUETOOTH_DLL\GCCE\urel\QBtObjectExchangeServer_symbian.o
                0x0000dbac                CleanupClose<RSocketServ>::Close(void*)
 .text._Z17CleanupClosePushLI7RSocketEvRT_
                0x0000dbb8       0x1c \S60\devices\S60_5th_Edition_SDK_v1.0\EPOC32\BUILD\Carbide\NewLibVersion\QBluetooth_selfsigned\QBLUETOOTH_DLL\GCCE\urel\QBtObjectExchangeServer_symbian.o
                0x0000dbb8                void CleanupClosePushL<RSocket>(RSocket&)
 .text._ZN12CleanupCloseI7RSocketE5CloseEPv
                0x0000dbd4        0xc \S60\devices\S60_5th_Edition_SDK_v1.0\EPOC32\BUILD\Carbide\NewLibVersion\QBluetooth_selfsigned\QBLUETOOTH_DLL\GCCE\urel\QBtObjectExchangeServer_symbian.o
                0x0000dbd4                CleanupClose<RSocket>::Close(void*)
 .text._ZNK5TLitCILi17EEcvRK7TDesC16Ev
                0x0000dbe0        0x4 \S60\devices\S60_5th_Edition_SDK_v1.0\EPOC32\BUILD\Carbide\NewLibVersion\QBluetooth_selfsigned\QBLUETOOTH_DLL\GCCE\urel\QBtObjectExchangeServer_symbian.o
                0x0000dbe0                TLitC<17>::operator TDesC16 const&() const
 .text          0x0000dbe4      0x210 \S60\devices\S60_5th_Edition_SDK_v1.0\EPOC32\BUILD\Carbide\NewLibVersion\QBluetooth_selfsigned\QBLUETOOTH_DLL\GCCE\urel\QBtSerialPortClient.o
                0x0000dcf4                QBtSerialPortClient::~QBtSerialPortClient()
                0x0000dbe4                QBtSerialPortClient::QBtSerialPortClient(QObject*)
                0x0000ddd4                QBtSerialPortClient::sendData(QString const&)
                0x0000ddc4                QBtSerialPortClient::disconnect()
                0x0000dcc4                QBtSerialPortClient::~QBtSerialPortClient()
                0x0000dd58                QBtSerialPortClient::isConnected()
                0x0000dd6c                QBtSerialPortClient::connect(QBtDevice const&, QBtService const&)
                0x0000dc54                QBtSerialPortClient::QBtSerialPortClient(QObject*)
                0x0000dde4                QBtSerialPortClient::sendData(QByteArray const&)
                0x0000dd24                QBtSerialPortClient::~QBtSerialPortClient()
 .text._Z10SafeDeleteI26QBtSerialPortClientPrivateEvRPT_
                0x0000ddf4       0x18 \S60\devices\S60_5th_Edition_SDK_v1.0\EPOC32\BUILD\Carbide\NewLibVersion\QBluetooth_selfsigned\QBLUETOOTH_DLL\GCCE\urel\QBtSerialPortClient.o
                0x0000ddf4                void SafeDelete<QBtSerialPortClientPrivate>(QBtSerialPortClientPrivate*&)
 .text          0x0000de0c      0xd40 \S60\devices\S60_5th_Edition_SDK_v1.0\EPOC32\BUILD\Carbide\NewLibVersion\QBluetooth_selfsigned\QBLUETOOTH_DLL\GCCE\urel\QBtSerialPortClient_symbian.o
                0x0000de1c                QBtSerialPortClientPrivate::NewLC(QBtSerialPortClient*)
                0x0000e728                QBtSerialPortClientPrivate::StartConnectionTimer()
                0x0000de0c                QBtSerialPortClientPrivate::NewL(QBtSerialPortClient*)
                0x0000e814                QBtSerialPortClientPrivate::IsConnected()
                0x0000e8c0                QBtSerialPortClientPrivate::SendData(QByteArray const&)
                0x0000e368                QBtSerialPortClientPrivate::~QBtSerialPortClientPrivate()
                0x0000dea0                QBtSerialPortClientPrivate::QBtSerialPortClientPrivate(QBtSerialPortClient*)
                0x0000e86c                QBtSerialPortClientPrivate::SendData(QString const&)
                0x0000e214                QBtSerialPortClientPrivate::~QBtSerialPortClientPrivate()
                0x0000e6c8                QBtSerialPortClientPrivate::ConnectTimerCallBack(void*)
                0x0000e828                QBtSerialPortClientPrivate::ReceiveData()
                0x0000dfb0                QBtSerialPortClientPrivate::QBtSerialPortClientPrivate(QBtSerialPortClient*)
                0x0000e93c                QBtSerialPortClientPrivate::RunL()
                0x0000de44                QBtSerialPortClientPrivate::ConstructL()
                0x0000e0c0                QBtSerialPortClientPrivate::~QBtSerialPortClientPrivate()
                0x0000e4c0                QBtSerialPortClientPrivate::DoCancel()
                0x0000e758                QBtSerialPortClientPrivate::CancelConnectionTimer()
                0x0000e770                QBtSerialPortClientPrivate::Disconnect()
                0x0000e4c4                QBtSerialPortClientPrivate::ConnectL(QBtDevice const&, QBtService const&)
 .text._ZN5TBuf8ILi128EEC1Ev
                0x0000eb4c       0x10 \S60\devices\S60_5th_Edition_SDK_v1.0\EPOC32\BUILD\Carbide\NewLibVersion\QBluetooth_selfsigned\QBLUETOOTH_DLL\GCCE\urel\QBtSerialPortClient_symbian.o
                0x0000eb4c                TBuf8<128>::TBuf8()
 .text._ZN5QListI7QBtUuidEaSERKS1_
                0x0000eb5c       0x48 \S60\devices\S60_5th_Edition_SDK_v1.0\EPOC32\BUILD\Carbide\NewLibVersion\QBluetooth_selfsigned\QBLUETOOTH_DLL\GCCE\urel\QBtSerialPortClient_symbian.o
                0x0000eb5c                QList<QBtUuid>::operator=(QList<QBtUuid> const&)
 .text          0x0000eba4      0x774 \S60\devices\S60_5th_Edition_SDK_v1.0\EPOC32\BUILD\Carbide\NewLibVersion\QBluetooth_selfsigned\QBLUETOOTH_DLL\GCCE\urel\QBtSerialPortServer.o
                0x0000eda4                QBtSerialPortServer::~QBtSerialPortServer()
                0x0000f258                QBtSerialPortServer::sendData(QString const&)
                0x0000efb4                QBtSerialPortServer::~QBtSerialPortServer()
                0x0000f268                QBtSerialPortServer::isConnected()
                0x0000f208                QBtSerialPortServer::stopServer()
                0x0000eca4                QBtSerialPortServer::QBtSerialPortServer(QObject*)
                0x0000f274                QBtSerialPortServer::setTransmittingService(QBtService const&)
                0x0000f2b0                QBtSerialPortServer::setConnectionStatus(bool)
                0x0000f2f0                QBtSerialPortServer::stopAdvertisingService()
                0x0000f270                QBtSerialPortServer::getTransmittingServiceInfo() const
                0x0000f0c0                QBtSerialPortServer::startServer(QBtUuid const&, QString const&)
                0x0000f2b8                QBtSerialPortServer::startAdvertisingService(QBtService const&)
                0x0000eeac                QBtSerialPortServer::~QBtSerialPortServer()
                0x0000eba4                QBtSerialPortServer::QBtSerialPortServer(QObject*)
 .text._Z10SafeDeleteI26QBtSerialPortServerPrivateEvRPT_
                0x0000f318       0x18 \S60\devices\S60_5th_Edition_SDK_v1.0\EPOC32\BUILD\Carbide\NewLibVersion\QBluetooth_selfsigned\QBLUETOOTH_DLL\GCCE\urel\QBtSerialPortServer.o
                0x0000f318                void SafeDelete<QBtSerialPortServerPrivate>(QBtSerialPortServerPrivate*&)
 .text          0x0000f330      0xa98 \S60\devices\S60_5th_Edition_SDK_v1.0\EPOC32\BUILD\Carbide\NewLibVersion\QBluetooth_selfsigned\QBLUETOOTH_DLL\GCCE\urel\QBtSerialPortServer_symbian.o
                0x0000fd7c                QBtSerialPortServerPrivate::HandleListenerDataSendL()
                0x0000fa84                QBtSerialPortServerPrivate::ReceiveData()
                0x0000fc64                QBtSerialPortServerPrivate::IsConnected()
                0x0000fd38                QBtSerialPortServerPrivate::HandleListenerDisconnectedL()
                0x0000fc5c                QBtSerialPortServerPrivate::RunError(int)
                0x0000f9b4                QBtSerialPortServerPrivate::SendData(QString const&)
                0x0000f940                QBtSerialPortServerPrivate::StopListenerL()
                0x0000fc60                QBtSerialPortServerPrivate::DoCancel()
                0x0000fac8                QBtSerialPortServerPrivate::RunL()
                0x0000fca8                QBtSerialPortServerPrivate::HandleListenerConnectedL()
                0x0000f590                QBtSerialPortServerPrivate::~QBtSerialPortServerPrivate()
                0x0000f61c                QBtSerialPortServerPrivate::StartListenerL()
                0x0000f50c                QBtSerialPortServerPrivate::~QBtSerialPortServerPrivate()
                0x0000f488                QBtSerialPortServerPrivate::~QBtSerialPortServerPrivate()
                0x0000f340                QBtSerialPortServerPrivate::NewLC(QBtSerialPortServer*)
                0x0000f408                QBtSerialPortServerPrivate::QBtSerialPortServerPrivate(QBtSerialPortServer*)
                0x0000fa08                QBtSerialPortServerPrivate::SendData(QByteArray const&)
                0x0000f388                QBtSerialPortServerPrivate::QBtSerialPortServerPrivate(QBtSerialPortServer*)
                0x0000fdb8                QBtSerialPortServerPrivate::SetListeningQueueSize(int)
                0x0000f330                QBtSerialPortServerPrivate::NewL(QBtSerialPortServer*)
                0x0000f368                QBtSerialPortServerPrivate::ConstructL()
                0x0000fc6c                QBtSerialPortServerPrivate::HandleListenerDataReceivedL(QString const&)
 .text._ZN4TBufILi32EEC1ERK7TDesC16
                0x0000fdc8       0x10 \S60\devices\S60_5th_Edition_SDK_v1.0\EPOC32\BUILD\Carbide\NewLibVersion\QBluetooth_selfsigned\QBLUETOOTH_DLL\GCCE\urel\QBtSerialPortServer_symbian.o
                0x0000fdc8                TBuf<32>::TBuf(TDesC16 const&)
 .text          0x0000fdd8      0x1d4 \S60\devices\S60_5th_Edition_SDK_v1.0\EPOC32\BUILD\Carbide\NewLibVersion\QBluetooth_selfsigned\QBLUETOOTH_DLL\GCCE\urel\QBtSingleDeviceSelectorUI.o
                0x0000ff20                QBtSingleDeviceSelectorUI::~QBtSingleDeviceSelectorUI()
                0x0000ff5c                QBtSingleDeviceSelectorUI::show()
                0x0000feec                QBtSingleDeviceSelectorUI::~QBtSingleDeviceSelectorUI()
                0x0000fdd8                QBtSingleDeviceSelectorUI::QBtSingleDeviceSelectorUI(QWidget*)
                0x0000fe48                QBtSingleDeviceSelectorUI::QBtSingleDeviceSelectorUI(QWidget*)
                0x0000feb8                QBtSingleDeviceSelectorUI::~QBtSingleDeviceSelectorUI()
 .text          0x0000ffac      0x1b8 \S60\devices\S60_5th_Edition_SDK_v1.0\EPOC32\BUILD\Carbide\NewLibVersion\QBluetooth_selfsigned\QBLUETOOTH_DLL\GCCE\urel\QBtDeviceDiscoverer.o
                0x000100ec                QBtDeviceDiscoverer::~QBtDeviceDiscoverer()
                0x00010120                QBtDeviceDiscoverer::startDiscovery()
                0x00010140                QBtDeviceDiscoverer::getInquiredDevices() const
                0x000100bc                QBtDeviceDiscoverer::~QBtDeviceDiscoverer()
                0x0001001c                QBtDeviceDiscoverer::QBtDeviceDiscoverer(QObject*)
                0x0000ffac                QBtDeviceDiscoverer::QBtDeviceDiscoverer(QObject*)
                0x0001008c                QBtDeviceDiscoverer::~QBtDeviceDiscoverer()
                0x00010150                QBtDeviceDiscoverer::isBusy() const
                0x00010130                QBtDeviceDiscoverer::stopDiscovery()
 .text._Z10SafeDeleteI26QBtDeviceDiscovererPrivateEvRPT_
                0x00010164       0x18 \S60\devices\S60_5th_Edition_SDK_v1.0\EPOC32\BUILD\Carbide\NewLibVersion\QBluetooth_selfsigned\QBLUETOOTH_DLL\GCCE\urel\QBtDeviceDiscoverer.o
                0x00010164                void SafeDelete<QBtDeviceDiscovererPrivate>(QBtDeviceDiscovererPrivate*&)
 .text          0x0001017c      0x5ec \S60\devices\S60_5th_Edition_SDK_v1.0\EPOC32\BUILD\Carbide\NewLibVersion\QBluetooth_selfsigned\QBLUETOOTH_DLL\GCCE\urel\QBtDeviceDiscoverer_symbian.o
                0x00010324                QBtDeviceDiscovererPrivate::~QBtDeviceDiscovererPrivate()
                0x0001017c                QBtDeviceDiscovererPrivate::NewL(QBtDeviceDiscoverer*)
                0x0001072c                QBtDeviceDiscovererPrivate::EmitNewDeviceFoundSignal(QBtDevice const&)
                0x000106a8                QBtDeviceDiscovererPrivate::IsBusy() const
                0x0001028c                QBtDeviceDiscovererPrivate::QBtDeviceDiscovererPrivate(QBtDeviceDiscoverer*)
                0x00010400                QBtDeviceDiscovererPrivate::DiscoverDevices()
                0x00010688                QBtDeviceDiscovererPrivate::StopDiscovery()
                0x000101f4                QBtDeviceDiscovererPrivate::QBtDeviceDiscovererPrivate(QBtDeviceDiscoverer*)
                0x000103b4                QBtDeviceDiscovererPrivate::~QBtDeviceDiscovererPrivate()
                0x00010640                QBtDeviceDiscovererPrivate::DoCancel()
                0x000106f0                QBtDeviceDiscovererPrivate::EmitDiscoveryStoppedSignal()
                0x000106b4                QBtDeviceDiscovererPrivate::EmitErrorSignal(QBtDeviceDiscoverer::DeviceDiscoveryErrors)
                0x0001036c                QBtDeviceDiscovererPrivate::~QBtDeviceDiscovererPrivate()
                0x000101b4                QBtDeviceDiscovererPrivate::ConstructL()
                0x0001018c                QBtDeviceDiscovererPrivate::NewLC(QBtDeviceDiscoverer*)
                0x0001067c                QBtDeviceDiscovererPrivate::SetLIAC(int)
                0x000106a4                QBtDeviceDiscovererPrivate::GetInquiredDevices() const
                0x00010494                QBtDeviceDiscovererPrivate::RunL()
                0x00010664                QBtDeviceDiscovererPrivate::HasDevices()
 .text._ZNK5TLitCILi14EEcvRK7TDesC16Ev
                0x00010768        0x4 \S60\devices\S60_5th_Edition_SDK_v1.0\EPOC32\BUILD\Carbide\NewLibVersion\QBluetooth_selfsigned\QBLUETOOTH_DLL\GCCE\urel\QBtDeviceDiscoverer_symbian.o
                0x00010768                TLitC<14>::operator TDesC16 const&() const
 .text._ZN8TPckgBufI11TNameRecordEC1Ev
                0x0001076c       0x3c \S60\devices\S60_5th_Edition_SDK_v1.0\EPOC32\BUILD\Carbide\NewLibVersion\QBluetooth_selfsigned\QBLUETOOTH_DLL\GCCE\urel\QBtDeviceDiscoverer_symbian.o
                0x0001076c                TPckgBuf<TNameRecord>::TPckgBuf()
 .text._ZN5QListI9QBtDeviceEC1Ev
                0x000107a8       0x14 \S60\devices\S60_5th_Edition_SDK_v1.0\EPOC32\BUILD\Carbide\NewLibVersion\QBluetooth_selfsigned\QBLUETOOTH_DLL\GCCE\urel\QBtDeviceDiscoverer_symbian.o
                0x000107a8                QList<QBtDevice>::QList()
 .text._ZN5QListI9QBtDeviceED1Ev
                0x000107bc       0x28 \S60\devices\S60_5th_Edition_SDK_v1.0\EPOC32\BUILD\Carbide\NewLibVersion\QBluetooth_selfsigned\QBLUETOOTH_DLL\GCCE\urel\QBtDeviceDiscoverer_symbian.o
                0x000107bc                QList<QBtDevice>::~QList()
 .text._ZN5QListI9QBtDeviceE5clearEv
                0x000107e4       0x34 \S60\devices\S60_5th_Edition_SDK_v1.0\EPOC32\BUILD\Carbide\NewLibVersion\QBluetooth_selfsigned\QBLUETOOTH_DLL\GCCE\urel\QBtDeviceDiscoverer_symbian.o
                0x000107e4                QList<QBtDevice>::clear()
 .text._ZN5QListI9QBtDeviceE6appendERKS0_
                0x00010818       0x78 \S60\devices\S60_5th_Edition_SDK_v1.0\EPOC32\BUILD\Carbide\NewLibVersion\QBluetooth_selfsigned\QBLUETOOTH_DLL\GCCE\urel\QBtDeviceDiscoverer_symbian.o
                0x00010818                QList<QBtDevice>::append(QBtDevice const&)
 .text._ZN5QListI9QBtDeviceE18detach_helper_growEii
                0x00010890       0xd0 \S60\devices\S60_5th_Edition_SDK_v1.0\EPOC32\BUILD\Carbide\NewLibVersion\QBluetooth_selfsigned\QBLUETOOTH_DLL\GCCE\urel\QBtDeviceDiscoverer_symbian.o
                0x00010890                QList<QBtDevice>::detach_helper_grow(int, int)
 .text._ZN5QListI9QBtDeviceE4freeEPN9QListData4DataE
                0x00010960       0x50 \S60\devices\S60_5th_Edition_SDK_v1.0\EPOC32\BUILD\Carbide\NewLibVersion\QBluetooth_selfsigned\QBLUETOOTH_DLL\GCCE\urel\QBtDeviceDiscoverer_symbian.o
                0x00010960                QList<QBtDevice>::free(QListData::Data*)
 .text._ZN5QListI9QBtDeviceE13node_destructEPNS1_4NodeES3_
                0x000109b0       0x24 \S60\devices\S60_5th_Edition_SDK_v1.0\EPOC32\BUILD\Carbide\NewLibVersion\QBluetooth_selfsigned\QBLUETOOTH_DLL\GCCE\urel\QBtDeviceDiscoverer_symbian.o
                0x000109b0                QList<QBtDevice>::node_destruct(QList<QBtDevice>::Node*, QList<QBtDevice>::Node*)
 .text._ZN5QListI9QBtDeviceEaSERKS1_
                0x000109d4       0x48 \S60\devices\S60_5th_Edition_SDK_v1.0\EPOC32\BUILD\Carbide\NewLibVersion\QBluetooth_selfsigned\QBLUETOOTH_DLL\GCCE\urel\QBtDeviceDiscoverer_symbian.o
                0x000109d4                QList<QBtDevice>::operator=(QList<QBtDevice> const&)
 .text._ZN5QListI9QBtDeviceE9node_copyEPNS1_4NodeES3_S3_
                0x00010a1c       0x70 \S60\devices\S60_5th_Edition_SDK_v1.0\EPOC32\BUILD\Carbide\NewLibVersion\QBluetooth_selfsigned\QBLUETOOTH_DLL\GCCE\urel\QBtDeviceDiscoverer_symbian.o
                0x00010a1c                QList<QBtDevice>::node_copy(QList<QBtDevice>::Node*, QList<QBtDevice>::Node*, QList<QBtDevice>::Node*)
 .text._ZN5QListI9QBtDeviceE14node_constructEPNS1_4NodeERKS0_
                0x00010a8c       0x2c \S60\devices\S60_5th_Edition_SDK_v1.0\EPOC32\BUILD\Carbide\NewLibVersion\QBluetooth_selfsigned\QBLUETOOTH_DLL\GCCE\urel\QBtDeviceDiscoverer_symbian.o
                0x00010a8c                QList<QBtDevice>::node_construct(QList<QBtDevice>::Node*, QBtDevice const&)
 .text._ZN5QListI9QBtDeviceE13detach_helperEv
                0x00010ab8       0x10 \S60\devices\S60_5th_Edition_SDK_v1.0\EPOC32\BUILD\Carbide\NewLibVersion\QBluetooth_selfsigned\QBLUETOOTH_DLL\GCCE\urel\QBtDeviceDiscoverer_symbian.o
                0x00010ab8                QList<QBtDevice>::detach_helper()
 .text._ZN5QListI9QBtDeviceE13detach_helperEi
                0x00010ac8       0xd8 \S60\devices\S60_5th_Edition_SDK_v1.0\EPOC32\BUILD\Carbide\NewLibVersion\QBluetooth_selfsigned\QBLUETOOTH_DLL\GCCE\urel\QBtDeviceDiscoverer_symbian.o
                0x00010ac8                QList<QBtDevice>::detach_helper(int)
 .text          0x00010ba0      0x334 \S60\devices\S60_5th_Edition_SDK_v1.0\EPOC32\BUILD\Carbide\NewLibVersion\QBluetooth_selfsigned\QBLUETOOTH_DLL\GCCE\urel\QBtSingleDeviceSelectorUI_symbian.o
                0x00010e98                QBtSingleDeviceSelectorUIPrivate::BTCanceledL()
                0x00010cd0                QBtSingleDeviceSelectorUIPrivate::ShowL()
                0x00010bc8                QBtSingleDeviceSelectorUIPrivate::~QBtSingleDeviceSelectorUIPrivate()
                0x00010cb0                QBtSingleDeviceSelectorUIPrivate::ConstructL()
                0x00010c84                QBtSingleDeviceSelectorUIPrivate::NewL(QBtSingleDeviceSelectorUI*)
                0x00010c40                QBtSingleDeviceSelectorUIPrivate::~QBtSingleDeviceSelectorUIPrivate()
                0x00010bb4                QBtSingleDeviceSelectorUIPrivate::QBtSingleDeviceSelectorUIPrivate(QBtSingleDeviceSelectorUI*)
                0x00010ba0                QBtSingleDeviceSelectorUIPrivate::QBtSingleDeviceSelectorUIPrivate(QBtSingleDeviceSelectorUI*)
                0x00010d30                QBtSingleDeviceSelectorUIPrivate::SelectDeviceL()
                0x00010d40                QBtSingleDeviceSelectorUIPrivate::BTDeviceSelectedL()
                0x00010c04                QBtSingleDeviceSelectorUIPrivate::~QBtSingleDeviceSelectorUIPrivate()
                0x00010cb4                QBtSingleDeviceSelectorUIPrivate::Cancel()
 .text._ZThn4_N32QBtSingleDeviceSelectorUIPrivate17BTDeviceSelectedLEv
                0x00010ed4       0x10 \S60\devices\S60_5th_Edition_SDK_v1.0\EPOC32\BUILD\Carbide\NewLibVersion\QBluetooth_selfsigned\QBLUETOOTH_DLL\GCCE\urel\QBtSingleDeviceSelectorUI_symbian.o
                0x00010ed4                non-virtual thunk to QBtSingleDeviceSelectorUIPrivate::BTDeviceSelectedL()
 .text._ZThn4_N32QBtSingleDeviceSelectorUIPrivate11BTCanceledLEv
                0x00010ee4       0x10 \S60\devices\S60_5th_Edition_SDK_v1.0\EPOC32\BUILD\Carbide\NewLibVersion\QBluetooth_selfsigned\QBLUETOOTH_DLL\GCCE\urel\QBtSingleDeviceSelectorUI_symbian.o
                0x00010ee4                non-virtual thunk to QBtSingleDeviceSelectorUIPrivate::BTCanceledL()
 .text          0x00010ef4      0x270 \S60\devices\S60_5th_Edition_SDK_v1.0\EPOC32\BUILD\Carbide\NewLibVersion\QBluetooth_selfsigned\QBLUETOOTH_DLL\GCCE\urel\BtDeviceFinderDlg_symbian.o
                0x00010f40                CBTDeviceFinderDlg::CBTDeviceFinderDlg(int, MBTDeviceFinderNotify&)
                0x0001102c                CBTDeviceFinderDlg::~CBTDeviceFinderDlg()
                0x00010fdc                CBTDeviceFinderDlg::~CBTDeviceFinderDlg()
                0x00011150                CBTDeviceFinderDlg::SetSelectionParams(TBTDeviceSelectionParams const&)
                0x000110b0                CBTDeviceFinderDlg::ConstructL()
                0x00011160                CBTDeviceFinderDlg::ResponseParams()
                0x00010ef4                CBTDeviceFinderDlg::CBTDeviceFinderDlg(int, MBTDeviceFinderNotify&)
                0x000110bc                CBTDeviceFinderDlg::DoCancel()
                0x00011100                CBTDeviceFinderDlg::DiscoverDevicesL()
                0x00011084                CBTDeviceFinderDlg::NewL(int, MBTDeviceFinderNotify&)
                0x000110d4                CBTDeviceFinderDlg::RunL()
                0x00010f8c                CBTDeviceFinderDlg::~CBTDeviceFinderDlg()
 .text._ZN8TPckgBufI24TBTDeviceSelectionParamsEC1Ev
                0x00011164       0x20 \S60\devices\S60_5th_Edition_SDK_v1.0\EPOC32\BUILD\Carbide\NewLibVersion\QBluetooth_selfsigned\QBLUETOOTH_DLL\GCCE\urel\BtDeviceFinderDlg_symbian.o
                0x00011164                TPckgBuf<TBTDeviceSelectionParams>::TPckgBuf()
 .text._ZN8TPckgBufI23TBTDeviceResponseParamsEC1Ev
                0x00011184       0x24 \S60\devices\S60_5th_Edition_SDK_v1.0\EPOC32\BUILD\Carbide\NewLibVersion\QBluetooth_selfsigned\QBLUETOOTH_DLL\GCCE\urel\BtDeviceFinderDlg_symbian.o
                0x00011184                TPckgBuf<TBTDeviceResponseParams>::TPckgBuf()
 .text          0x000111a8      0x148 \S60\devices\S60_5th_Edition_SDK_v1.0\EPOC32\BUILD\Carbide\NewLibVersion\QBluetooth_selfsigned\QBLUETOOTH_DLL\GCCE\urel\QBtLocalDevice.o
                0x00011204                QBtLocalDevice::isBluetoothSupported()
                0x000111b4                QBtLocalDevice::isVisible()
                0x00011238                QBtLocalDevice::setBluetoothPowerState(bool)
                0x000112dc                QBtLocalDevice::unpairDevice(QBtAddress const&)
                0x00011224                QBtLocalDevice::getBluetoothPowerState()
                0x0001124c                QBtLocalDevice::addNewDevice(QBtDevice const&)
                0x000111f8                QBtLocalDevice::getLocalDeviceName()
                0x000111e0                QBtLocalDevice::setDeviceClass(QBtDevice::DeviceMajor)
                0x00011294                QBtLocalDevice::deleteDevice(QBtAddress const&)
                0x000111d4                QBtLocalDevice::getDeviceClass()
                0x000111ec                QBtLocalDevice::setLocalDeviceName(QString const&)
                0x000111a8                QBtLocalDevice::getLocalDeviceAddress()
                0x000112a8                QBtLocalDevice::unpairDevice(QBtDevice const&)
                0x00011260                QBtLocalDevice::deleteDevice(QBtDevice const&)
                0x00011218                QBtLocalDevice::askUserTurnOnBtPower()
                0x000111c8                QBtLocalDevice::setVisible(bool)
 .text          0x000112f0      0x7a0 \S60\devices\S60_5th_Edition_SDK_v1.0\EPOC32\BUILD\Carbide\NewLibVersion\QBluetooth_selfsigned\QBLUETOOTH_DLL\GCCE\urel\QBtLocalDevice_symbian.o
                0x000119a0                QBtLocalDevicePrivate::UnpairDevice(QBtAddress const&)
                0x00011648                QBtLocalDevicePrivate::SetBluetoothPowerState(int)
                0x000113a8                QBtLocalDevicePrivate::IsVisible()
                0x0001131c                QBtLocalDevicePrivate::GetLocalDeviceAddress()
                0x000115e0                QBtLocalDevicePrivate::GetBluetoothPowerState()
[...]

.stab
 *(.stab)

.stabstr
 *(.stabstr)

.stab.excl
 *(.stab.excl)

.stab.exclstr
 *(.stab.exclstr)

.stab.index
 *(.stab.index)

.stab.indexstr
 *(.stab.indexstr)

.comment        0x00000000     0x18a0
 *(.comment)
 .comment       0x00000000      0x4b8 \S60\devices\S60_5th_Edition_SDK_v1.0\epoc32\release\ARMV5\urel\EDLL.LIB(uc_dll_.o)
 .comment       0x000004b8      0x36e \S60\devices\S60_5th_Edition_SDK_v1.0\epoc32\release\ARMV5\urel\EDLL.LIB(uc_dll.o)
 .comment       0x00000826       0x38 \S60\devices\S60_5th_Edition_SDK_v1.0\EPOC32\BUILD\Carbide\NewLibVersion\QBluetooth_selfsigned\QBLUETOOTH_DLL\GCCE\urel\moc_QBtDeviceDiscoverer.o
 .comment       0x0000085e       0x38 \S60\devices\S60_5th_Edition_SDK_v1.0\EPOC32\BUILD\Carbide\NewLibVersion\QBluetooth_selfsigned\QBLUETOOTH_DLL\GCCE\urel\moc_QBtSingleDeviceSelectorUI.o
 .comment       0x00000896       0x38 \S60\devices\S60_5th_Edition_SDK_v1.0\EPOC32\BUILD\Carbide\NewLibVersion\QBluetooth_selfsigned\QBLUETOOTH_DLL\GCCE\urel\moc_QBtServiceDiscoverer.o
 .comment       0x000008ce       0x38 \S60\devices\S60_5th_Edition_SDK_v1.0\EPOC32\BUILD\Carbide\NewLibVersion\QBluetooth_selfsigned\QBLUETOOTH_DLL\GCCE\urel\moc_QBtServiceDiscovererForAll.o
 .comment       0x00000906       0x38 \S60\devices\S60_5th_Edition_SDK_v1.0\EPOC32\BUILD\Carbide\NewLibVersion\QBluetooth_selfsigned\QBLUETOOTH_DLL\GCCE\urel\moc_QBtServiceAdvertiser.o
 .comment       0x0000093e       0x38 \S60\devices\S60_5th_Edition_SDK_v1.0\EPOC32\BUILD\Carbide\NewLibVersion\QBluetooth_selfsigned\QBLUETOOTH_DLL\GCCE\urel\moc_QBtSerialPortServer.o
 .comment       0x00000976       0x38 \S60\devices\S60_5th_Edition_SDK_v1.0\EPOC32\BUILD\Carbide\NewLibVersion\QBluetooth_selfsigned\QBLUETOOTH_DLL\GCCE\urel\moc_QBtSerialPortClient.o
 .comment       0x000009ae       0x38 \S60\devices\S60_5th_Edition_SDK_v1.0\EPOC32\BUILD\Carbide\NewLibVersion\QBluetooth_selfsigned\QBLUETOOTH_DLL\GCCE\urel\moc_QBtObjectExchangeClient.o
 .comment       0x000009e6       0x38 \S60\devices\S60_5th_Edition_SDK_v1.0\EPOC32\BUILD\Carbide\NewLibVersion\QBluetooth_selfsigned\QBLUETOOTH_DLL\GCCE\urel\moc_QBtLocalDevice.o
 .comment       0x00000a1e       0x38 \S60\devices\S60_5th_Edition_SDK_v1.0\EPOC32\BUILD\Carbide\NewLibVersion\QBluetooth_selfsigned\QBLUETOOTH_DLL\GCCE\urel\moc_QBtObjectExchangeServer.o
 .comment       0x00000a56       0x38 \S60\devices\S60_5th_Edition_SDK_v1.0\EPOC32\BUILD\Carbide\NewLibVersion\QBluetooth_selfsigned\QBLUETOOTH_DLL\GCCE\urel\QBtService.o
 .comment       0x00000a8e       0x38 \S60\devices\S60_5th_Edition_SDK_v1.0\EPOC32\BUILD\Carbide\NewLibVersion\QBluetooth_selfsigned\QBLUETOOTH_DLL\GCCE\urel\QBtAddress.o
 .comment       0x00000ac6       0x38 \S60\devices\S60_5th_Edition_SDK_v1.0\EPOC32\BUILD\Carbide\NewLibVersion\QBluetooth_selfsigned\QBLUETOOTH_DLL\GCCE\urel\QBtDevice.o
 .comment       0x00000afe       0x38 \S60\devices\S60_5th_Edition_SDK_v1.0\EPOC32\BUILD\Carbide\NewLibVersion\QBluetooth_selfsigned\QBLUETOOTH_DLL\GCCE\urel\QBtUuid.o
 .comment       0x00000b36       0x38 \S60\devices\S60_5th_Edition_SDK_v1.0\EPOC32\BUILD\Carbide\NewLibVersion\QBluetooth_selfsigned\QBLUETOOTH_DLL\GCCE\urel\QBtObjectExchangeClient.o
 .comment       0x00000b6e       0x38 \S60\devices\S60_5th_Edition_SDK_v1.0\EPOC32\BUILD\Carbide\NewLibVersion\QBluetooth_selfsigned\QBLUETOOTH_DLL\GCCE\urel\QBtObjectExchangeClient_symbian.o
 .comment       0x00000ba6       0x38 \S60\devices\S60_5th_Edition_SDK_v1.0\EPOC32\BUILD\Carbide\NewLibVersion\QBluetooth_selfsigned\QBLUETOOTH_DLL\GCCE\urel\QBtObjectExchangeServer.o
 .comment       0x00000bde       0x38 \S60\devices\S60_5th_Edition_SDK_v1.0\EPOC32\BUILD\Carbide\NewLibVersion\QBluetooth_selfsigned\QBLUETOOTH_DLL\GCCE\urel\QBtObjectExchangeServer_symbian.o
 .comment       0x00000c16       0x38 \S60\devices\S60_5th_Edition_SDK_v1.0\EPOC32\BUILD\Carbide\NewLibVersion\QBluetooth_selfsigned\QBLUETOOTH_DLL\GCCE\urel\QBtSerialPortClient.o
 .comment       0x00000c4e       0x38 \S60\devices\S60_5th_Edition_SDK_v1.0\EPOC32\BUILD\Carbide\NewLibVersion\QBluetooth_selfsigned\QBLUETOOTH_DLL\GCCE\urel\QBtSerialPortClient_symbian.o
 .comment       0x00000c86       0x38 \S60\devices\S60_5th_Edition_SDK_v1.0\EPOC32\BUILD\Carbide\NewLibVersion\QBluetooth_selfsigned\QBLUETOOTH_DLL\GCCE\urel\QBtSerialPortServer.o
 .comment       0x00000cbe       0x38 \S60\devices\S60_5th_Edition_SDK_v1.0\EPOC32\BUILD\Carbide\NewLibVersion\QBluetooth_selfsigned\QBLUETOOTH_DLL\GCCE\urel\QBtSerialPortServer_symbian.o
 .comment       0x00000cf6       0x38 \S60\devices\S60_5th_Edition_SDK_v1.0\EPOC32\BUILD\Carbide\NewLibVersion\QBluetooth_selfsigned\QBLUETOOTH_DLL\GCCE\urel\QBtSingleDeviceSelectorUI.o
 .comment       0x00000d2e       0x38 \S60\devices\S60_5th_Edition_SDK_v1.0\EPOC32\BUILD\Carbide\NewLibVersion\QBluetooth_selfsigned\QBLUETOOTH_DLL\GCCE\urel\QBtDeviceDiscoverer.o
 .comment       0x00000d66       0x38 \S60\devices\S60_5th_Edition_SDK_v1.0\EPOC32\BUILD\Carbide\NewLibVersion\QBluetooth_selfsigned\QBLUETOOTH_DLL\GCCE\urel\QBtDeviceDiscoverer_symbian.o
 .comment       0x00000d9e       0x38 \S60\devices\S60_5th_Edition_SDK_v1.0\EPOC32\BUILD\Carbide\NewLibVersion\QBluetooth_selfsigned\QBLUETOOTH_DLL\GCCE\urel\QBtSingleDeviceSelectorUI_symbian.o
 .comment       0x00000dd6       0x38 \S60\devices\S60_5th_Edition_SDK_v1.0\EPOC32\BUILD\Carbide\NewLibVersion\QBluetooth_selfsigned\QBLUETOOTH_DLL\GCCE\urel\BtDeviceFinderDlg_symbian.o
 .comment       0x00000e0e       0x38 \S60\devices\S60_5th_Edition_SDK_v1.0\EPOC32\BUILD\Carbide\NewLibVersion\QBluetooth_selfsigned\QBLUETOOTH_DLL\GCCE\urel\QBtLocalDevice.o
 .comment       0x00000e46       0x38 \S60\devices\S60_5th_Edition_SDK_v1.0\EPOC32\BUILD\Carbide\NewLibVersion\QBluetooth_selfsigned\QBLUETOOTH_DLL\GCCE\urel\QBtLocalDevice_symbian.o
 .comment       0x00000e7e       0x38 \S60\devices\S60_5th_Edition_SDK_v1.0\EPOC32\BUILD\Carbide\NewLibVersion\QBluetooth_selfsigned\QBLUETOOTH_DLL\GCCE\urel\QBtServiceAdvertiser.o
 .comment       0x00000eb6       0x38 \S60\devices\S60_5th_Edition_SDK_v1.0\EPOC32\BUILD\Carbide\NewLibVersion\QBluetooth_selfsigned\QBLUETOOTH_DLL\GCCE\urel\QBtServiceAdvertiser_symbian.o
 .comment       0x00000eee       0x38 \S60\devices\S60_5th_Edition_SDK_v1.0\EPOC32\BUILD\Carbide\NewLibVersion\QBluetooth_selfsigned\QBLUETOOTH_DLL\GCCE\urel\QBtServiceDiscoverer.o
 .comment       0x00000f26       0x38 \S60\devices\S60_5th_Edition_SDK_v1.0\EPOC32\BUILD\Carbide\NewLibVersion\QBluetooth_selfsigned\QBLUETOOTH_DLL\GCCE\urel\QBtServiceDiscovererForAll.o
 .comment       0x00000f5e       0x38 \S60\devices\S60_5th_Edition_SDK_v1.0\EPOC32\BUILD\Carbide\NewLibVersion\QBluetooth_selfsigned\QBLUETOOTH_DLL\GCCE\urel\QBtServiceDiscoverer_symbian.o
 .comment       0x00000f96      0x50c \S60\devices\S60_5th_Edition_SDK_v1.0\epoc32\release\ARMV5\urel\usrt2_2.lib(ucppinit_aeabi.o)
 .comment       0x000014a2      0x38e \S60\devices\S60_5th_Edition_SDK_v1.0\epoc32\release\ARMV5\urel\usrt2_2.lib(dllexp.o)
 .comment       0x00001830       0x38 C:/Program Files/CSL Arm Toolchain/bin/../lib/gcc/arm-none-symbianelf/3.4.3/../../../../arm-none-symbianelf/lib\libsupc++.a(eh_personality.o)
 .comment       0x00001868       0x38 C:/Program Files/CSL Arm Toolchain/bin/../lib/gcc/arm-none-symbianelf/3.4.3/\libgcc.a(pr-support.o)

.debug
 *(.debug)

.line
 *(.line)

.debug_srcinfo
 *(.debug_srcinfo)

.debug_sfnames
 *(.debug_sfnames)

.debug_aranges
 *(.debug_aranges)

.debug_pubnames
 *(.debug_pubnames)

.debug_info
 *(.debug_info .gnu.linkonce.wi.*)

.debug_abbrev
 *(.debug_abbrev)

.debug_line
 *(.debug_line)

.debug_frame
 *(.debug_frame)

.debug_str
 *(.debug_str)

.debug_loc
 *(.debug_loc)

.debug_macinfo
 *(.debug_macinfo)

.debug_weaknames
 *(.debug_weaknames)

.debug_funcnames
 *(.debug_funcnames)

.debug_typenames
 *(.debug_typenames)

.debug_varnames
 *(.debug_varnames)

.stack          0x00080000        0x0
                0x00080000                _stack = .
 *(.stack)

.note.gnu.arm.ident
 *(.note.gnu.arm.ident)

/DISCARD/
 *(.note.GNU-stack)

.rel.dyn        0x00000000     0x1b90
 *(.rel.init)
 *(.rel.text .rel.text.* .rel.gnu.linkonce.t.*)
 .rel.text      0x00000000      0xa58 \S60\devices\S60_5th_Edition_SDK_v1.0\epoc32\release\ARMV5\urel\EDLL.LIB(uc_dll_.o)
 .rel.text._ZN14QBtLocalDeviceD1Ev
                0x00000a58        0x8 \S60\devices\S60_5th_Edition_SDK_v1.0\epoc32\release\ARMV5\urel\EDLL.LIB(uc_dll_.o)
 .rel.text._ZN14QBtLocalDeviceD0Ev
                0x00000a60        0x8 \S60\devices\S60_5th_Edition_SDK_v1.0\epoc32\release\ARMV5\urel\EDLL.LIB(uc_dll_.o)
 .rel.text._ZN5QListI7QBtUuidE9removeOneERKS0_
                0x00000a68        0x8 \S60\devices\S60_5th_Edition_SDK_v1.0\epoc32\release\ARMV5\urel\EDLL.LIB(uc_dll_.o)
 .rel.text._ZN5QListI7QBtUuidEC1Ev
                0x00000a70        0x8 \S60\devices\S60_5th_Edition_SDK_v1.0\epoc32\release\ARMV5\urel\EDLL.LIB(uc_dll_.o)
 .rel.text._ZN5QListI7QBtUuidE5clearEv
                0x00000a78        0x8 \S60\devices\S60_5th_Edition_SDK_v1.0\epoc32\release\ARMV5\urel\EDLL.LIB(uc_dll_.o)
 .rel.text._ZN5QListI10QBtServiceE5clearEv
                0x00000a80        0x8 \S60\devices\S60_5th_Edition_SDK_v1.0\epoc32\release\ARMV5\urel\EDLL.LIB(uc_dll_.o)
 .rel.text._ZN5QListI10QBtServiceEC1Ev
                0x00000a88        0x8 \S60\devices\S60_5th_Edition_SDK_v1.0\epoc32\release\ARMV5\urel\EDLL.LIB(uc_dll_.o)
 .rel.text._ZN7QStringC1Ev
                0x00000a90        0x8 \S60\devices\S60_5th_Edition_SDK_v1.0\epoc32\release\ARMV5\urel\EDLL.LIB(uc_dll_.o)
 .rel.text._ZThn4_N30QBtObjectExchangeServerPrivate15ErrorIndicationEi
                0x00000a98        0x8 \S60\devices\S60_5th_Edition_SDK_v1.0\epoc32\release\ARMV5\urel\EDLL.LIB(uc_dll_.o)
 .rel.text._ZThn4_N30QBtObjectExchangeServerPrivate21TransportUpIndicationEv
                0x00000aa0        0x8 \S60\devices\S60_5th_Edition_SDK_v1.0\epoc32\release\ARMV5\urel\EDLL.LIB(uc_dll_.o)
 .rel.text._ZThn4_N30QBtObjectExchangeServerPrivate23TransportDownIndicationEv
                0x00000aa8        0x8 \S60\devices\S60_5th_Edition_SDK_v1.0\epoc32\release\ARMV5\urel\EDLL.LIB(uc_dll_.o)
 .rel.text._ZThn4_N30QBtObjectExchangeServerPrivate21ObexConnectIndicationERK16TObexConnectInfoRK6TDesC8
                0x00000ab0        0x8 \S60\devices\S60_5th_Edition_SDK_v1.0\epoc32\release\ARMV5\urel\EDLL.LIB(uc_dll_.o)
 .rel.text._ZThn4_N30QBtObjectExchangeServerPrivate24ObexDisconnectIndicationERK6TDesC8
                0x00000ab8        0x8 \S60\devices\S60_5th_Edition_SDK_v1.0\epoc32\release\ARMV5\urel\EDLL.LIB(uc_dll_.o)
 .rel.text._ZThn4_N30QBtObjectExchangeServerPrivate20PutRequestIndicationEv
                0x00000ac0        0x8 \S60\devices\S60_5th_Edition_SDK_v1.0\epoc32\release\ARMV5\urel\EDLL.LIB(uc_dll_.o)
 .rel.text._ZThn4_N30QBtObjectExchangeServerPrivate19PutPacketIndicationEv
                0x00000ac8        0x8 \S60\devices\S60_5th_Edition_SDK_v1.0\epoc32\release\ARMV5\urel\EDLL.LIB(uc_dll_.o)
 .rel.text._ZThn4_N30QBtObjectExchangeServerPrivate21PutCompleteIndicationEv
                0x00000ad0        0x8 \S60\devices\S60_5th_Edition_SDK_v1.0\epoc32\release\ARMV5\urel\EDLL.LIB(uc_dll_.o)
 .rel.text._ZThn4_N30QBtObjectExchangeServerPrivate20GetRequestIndicationEP15CObexBaseObject
                0x00000ad8        0x8 \S60\devices\S60_5th_Edition_SDK_v1.0\epoc32\release\ARMV5\urel\EDLL.LIB(uc_dll_.o)
 .rel.text._ZThn4_N30QBtObjectExchangeServerPrivate19GetPacketIndicationEv
                0x00000ae0        0x8 \S60\devices\S60_5th_Edition_SDK_v1.0\epoc32\release\ARMV5\urel\EDLL.LIB(uc_dll_.o)
 .rel.text._ZThn4_N30QBtObjectExchangeServerPrivate21GetCompleteIndicationEv
                0x00000ae8        0x8 \S60\devices\S60_5th_Edition_SDK_v1.0\epoc32\release\ARMV5\urel\EDLL.LIB(uc_dll_.o)
 .rel.text._ZThn4_N30QBtObjectExchangeServerPrivate17SetPathIndicationERKN5CObex12TSetPathInfoERK6TDesC8
                0x00000af0        0x8 \S60\devices\S60_5th_Edition_SDK_v1.0\epoc32\release\ARMV5\urel\EDLL.LIB(uc_dll_.o)
 .rel.text._ZThn4_N30QBtObjectExchangeServerPrivate15AbortIndicationEv
                0x00000af8        0x8 \S60\devices\S60_5th_Edition_SDK_v1.0\epoc32\release\ARMV5\urel\EDLL.LIB(uc_dll_.o)
 .rel.text._Z17CleanupClosePushLI11RSocketServEvRT_
                0x00000b00        0x8 \S60\devices\S60_5th_Edition_SDK_v1.0\epoc32\release\ARMV5\urel\EDLL.LIB(uc_dll_.o)
 .rel.text._Z17CleanupClosePushLI7RSocketEvRT_
                0x00000b08        0x8 \S60\devices\S60_5th_Edition_SDK_v1.0\epoc32\release\ARMV5\urel\EDLL.LIB(uc_dll_.o)
 .rel.text._ZN5QListI9QBtDeviceEC1Ev
                0x00000b10        0x8 \S60\devices\S60_5th_Edition_SDK_v1.0\epoc32\release\ARMV5\urel\EDLL.LIB(uc_dll_.o)
 .rel.text._ZN5QListI9QBtDeviceE5clearEv
                0x00000b18        0x8 \S60\devices\S60_5th_Edition_SDK_v1.0\epoc32\release\ARMV5\urel\EDLL.LIB(uc_dll_.o)
 .rel.text._ZThn4_N32QBtSingleDeviceSelectorUIPrivate17BTDeviceSelectedLEv
                0x00000b20        0x8 \S60\devices\S60_5th_Edition_SDK_v1.0\epoc32\release\ARMV5\urel\EDLL.LIB(uc_dll_.o)
 .rel.text._ZThn4_N32QBtSingleDeviceSelectorUIPrivate11BTCanceledLEv
                0x00000b28        0x8 \S60\devices\S60_5th_Edition_SDK_v1.0\epoc32\release\ARMV5\urel\EDLL.LIB(uc_dll_.o)
 .rel.text._ZThn4_N27QBtServiceDiscovererPrivate25NextRecordRequestCompleteEimi
                0x00000b30        0x8 \S60\devices\S60_5th_Edition_SDK_v1.0\epoc32\release\ARMV5\urel\EDLL.LIB(uc_dll_.o)
 .rel.text._ZN13ServiceRecordC1Ev
                0x00000b38       0x40 \S60\devices\S60_5th_Edition_SDK_v1.0\epoc32\release\ARMV5\urel\EDLL.LIB(uc_dll_.o)
 .rel.text._ZThn4_N27QBtServiceDiscovererPrivate22AttributeRequestResultEmtP13CSdpAttrValue
                0x00000b78        0x8 \S60\devices\S60_5th_Edition_SDK_v1.0\epoc32\release\ARMV5\urel\EDLL.LIB(uc_dll_.o)
 .rel.text._ZN4QMapIm13ServiceRecordEixERKm
                0x00000b80       0x20 \S60\devices\S60_5th_Edition_SDK_v1.0\epoc32\release\ARMV5\urel\EDLL.LIB(uc_dll_.o)
 .rel.text._ZThn4_N27QBtServiceDiscovererPrivate24AttributeRequestCompleteEmi
                0x00000ba0        0x8 \S60\devices\S60_5th_Edition_SDK_v1.0\epoc32\release\ARMV5\urel\EDLL.LIB(uc_dll_.o)
 .rel.text._Z3MSGRK7QString
                0x00000ba8        0x8 \S60\devices\S60_5th_Edition_SDK_v1.0\epoc32\release\ARMV5\urel\EDLL.LIB(uc_dll_.o)
 .rel.text._ZN4QSetI7QStringEC1Ev
                0x00000bb0        0x8 \S60\devices\S60_5th_Edition_SDK_v1.0\epoc32\release\ARMV5\urel\EDLL.LIB(uc_dll_.o)
 .rel.text._ZN5QHashI7QString15QHashDummyValueE8freeDataEP9QHashData
                0x00000bb8        0x8 \S60\devices\S60_5th_Edition_SDK_v1.0\epoc32\release\ARMV5\urel\EDLL.LIB(uc_dll_.o)
 .rel.text._ZN4QMapIm13ServiceRecordEC1Ev
                0x00000bc0        0x8 \S60\devices\S60_5th_Edition_SDK_v1.0\epoc32\release\ARMV5\urel\EDLL.LIB(uc_dll_.o)
 .rel.text._ZN4QSetI7QStringE5clearEv
                0x00000bc8        0x8 \S60\devices\S60_5th_Edition_SDK_v1.0\epoc32\release\ARMV5\urel\EDLL.LIB(uc_dll_.o)
 .rel.text._ZN13ServiceRecordC1ERKS_
                0x00000bd0       0x20 \S60\devices\S60_5th_Edition_SDK_v1.0\epoc32\release\ARMV5\urel\EDLL.LIB(uc_dll_.o)
 .rel.text._ZN4QMapIm13ServiceRecordE8freeDataEP8QMapData
                0x00000bf0       0x20 \S60\devices\S60_5th_Edition_SDK_v1.0\epoc32\release\ARMV5\urel\EDLL.LIB(uc_dll_.o)
 .rel.text._ZN5QHashI7QString15QHashDummyValueE13detach_helperEv
                0x00000c10       0x10 \S60\devices\S60_5th_Edition_SDK_v1.0\epoc32\release\ARMV5\urel\EDLL.LIB(uc_dll_.o)
 .rel.text._ZN11AttrVisitorD0Ev
                0x00000c20        0x8 \S60\devices\S60_5th_Edition_SDK_v1.0\epoc32\release\ARMV5\urel\EDLL.LIB(uc_dll_.o)
 .rel.text._ZN11AttrVisitorD1Ev
                0x00000c28        0x8 \S60\devices\S60_5th_Edition_SDK_v1.0\epoc32\release\ARMV5\urel\EDLL.LIB(uc_dll_.o)
 .rel.text._ZN19ProtocolListVisitorD0Ev
                0x00000c30       0x10 \S60\devices\S60_5th_Edition_SDK_v1.0\epoc32\release\ARMV5\urel\EDLL.LIB(uc_dll_.o)
 .rel.text._ZN19ProtocolListVisitorD1Ev
                0x00000c40       0x10 \S60\devices\S60_5th_Edition_SDK_v1.0\epoc32\release\ARMV5\urel\EDLL.LIB(uc_dll_.o)
 .rel.text._ZN13StringVisitor5clearEv
                0x00000c50        0x8 \S60\devices\S60_5th_Edition_SDK_v1.0\epoc32\release\ARMV5\urel\EDLL.LIB(uc_dll_.o)
 .rel.text._ZN13StringVisitorD0Ev
                0x00000c58       0x10 \S60\devices\S60_5th_Edition_SDK_v1.0\epoc32\release\ARMV5\urel\EDLL.LIB(uc_dll_.o)
 .rel.text._ZN13StringVisitorD1Ev
                0x00000c68       0x10 \S60\devices\S60_5th_Edition_SDK_v1.0\epoc32\release\ARMV5\urel\EDLL.LIB(uc_dll_.o)
 .rel.text._ZN18ServiceUuidVisitorD0Ev
                0x00000c78       0x10 \S60\devices\S60_5th_Edition_SDK_v1.0\epoc32\release\ARMV5\urel\EDLL.LIB(uc_dll_.o)
 .rel.text._ZN18ServiceUuidVisitorD1Ev
                0x00000c88       0x10 \S60\devices\S60_5th_Edition_SDK_v1.0\epoc32\release\ARMV5\urel\EDLL.LIB(uc_dll_.o)
 *(.rel.fini)
 *(.rel.rodata .rel.rodata.* .rel.gnu.linkonce.r.*)
 .rel.rodata    0x00000c98      0xe68 \S60\devices\S60_5th_Edition_SDK_v1.0\epoc32\release\ARMV5\urel\EDLL.LIB(uc_dll_.o)
 .rel.rodata._ZTI15XLeaveException
                0x00001b00       0x10 \S60\devices\S60_5th_Edition_SDK_v1.0\epoc32\release\ARMV5\urel\EDLL.LIB(uc_dll_.o)
 .rel.rodata._ZTI21MBTDeviceFinderNotify
                0x00001b10       0x10 \S60\devices\S60_5th_Edition_SDK_v1.0\epoc32\release\ARMV5\urel\EDLL.LIB(uc_dll_.o)
 .rel.rodata._ZTV11AttrVisitor
                0x00001b20       0x40 \S60\devices\S60_5th_Edition_SDK_v1.0\epoc32\release\ARMV5\urel\EDLL.LIB(uc_dll_.o)
 .rel.rodata._ZTISt9bad_alloc
                0x00001b60       0x18 \S60\devices\S60_5th_Edition_SDK_v1.0\epoc32\release\ARMV5\urel\EDLL.LIB(uc_dll_.o)
 .rel.rodata._ZTI11AttrVisitor
                0x00001b78       0x18 \S60\devices\S60_5th_Edition_SDK_v1.0\epoc32\release\ARMV5\urel\EDLL.LIB(uc_dll_.o)
 *(.rel.data.rel.ro*)
 *(.rel.data .rel.data.* .rel.gnu.linkonce.d.*)
 *(.rel.tdata .rel.tdata.* .rel.gnu.linkonce.td.*)
 *(.rel.tbss .rel.tbss.* .rel.gnu.linkonce.tb.*)
 *(.rel.ctors)
 *(.rel.dtors)
 *(.rel.bss .rel.bss.* .rel.gnu.linkonce.b.*)
 *(.rel.init_array)
 *(.rel.fini_array)

.rela.dyn
 *(.rela.init)
 *(.rela.text .rela.text.* .rela.gnu.linkonce.t.*)
 *(.rela.fini)
 *(.rela.rodata .rela.rodata.* .rela.gnu.linkonce.r.*)
 *(.rela.data .rela.data.* .rela.gnu.linkonce.d.*)
 *(.rela.tdata .rela.tdata.* .rela.gnu.linkonce.td.*)
 *(.rela.tbss .rela.tbss.* .rela.gnu.linkonce.tb.*)
 *(.rela.ctors)
 *(.rela.dtors)
 *(.rela.bss .rela.bss.* .rela.gnu.linkonce.b.*)
 *(.rela.init_array)
 *(.rela.fini_array)

.rel.plt        0x00000000      0xdb8
 *(.rel.plt)
 .rel.plt       0x00000000      0xdb8 \S60\devices\S60_5th_Edition_SDK_v1.0\epoc32\release\ARMV5\urel\EDLL.LIB(uc_dll_.o)

.rela.plt
 *(.rela.plt)

.rel.other      0x00000000      0x298
 *(.rel.*)
 .rel.emb_text  0x00000000       0x38 \S60\devices\S60_5th_Edition_SDK_v1.0\epoc32\release\ARMV5\urel\EDLL.LIB(uc_dll_.o)
 .rel.ARM.extab
                0x00000038      0x258 \S60\devices\S60_5th_Edition_SDK_v1.0\epoc32\release\ARMV5\urel\EDLL.LIB(uc_dll_.o)
 .rel.ARM.extab.text._Z3MSGRK7QString
                0x00000290        0x8 \S60\devices\S60_5th_Edition_SDK_v1.0\epoc32\release\ARMV5\urel\EDLL.LIB(uc_dll_.o)

.rela.other
 *(.rela.*)

.reli.other
 *(.reli.*)
OUTPUT(\S60\devices\S60_5th_Edition_SDK_v1.0\EPOC32\BUILD\Carbide\NewLibVersion\QBluetooth_selfsigned\QBLUETOOTH_DLL\GCCE\urel\QBluetooth.dll elf32-littlearm-symbian)

.debug_frame$$$.emb_text

.got            0x00000000        0x0

.debug_frame$$$.text

.arm_vfe_header
                0x00000000        0x8
 .arm_vfe_header
                0x00000000        0x4 \S60\devices\S60_5th_Edition_SDK_v1.0\epoc32\release\ARMV5\urel\usrt2_2.lib(ucppinit_aeabi.o)
 .arm_vfe_header
                0x00000004        0x4 \S60\devices\S60_5th_Edition_SDK_v1.0\epoc32\release\ARMV5\urel\usrt2_2.lib(dllexp.o)

.debug_ranges
